******************************************************************************
             TMS320C2000 Linker PC v6.1.0                      
******************************************************************************
>> Linked Thu Nov 07 13:36:26 2013

OUTPUT FILE NAME:   <Szafa-test.out>
ENTRY POINT SYMBOL: "_c_int00"  address: 003f5e05


MEMORY CONFIGURATION

         name            origin    length      used     unused   attr    fill
----------------------  --------  ---------  --------  --------  ----  --------
PAGE 0:
  RAML0                 00008000   00000800  0000037e  00000482  RWIX
  RAML1                 00008800   00000400  00000000  00000400  RWIX
  OTP                   003d7800   00000400  00000000  00000400  RWIX
  FLASHH                003d8000   00004000  00000000  00004000  RWIX
  FLASHG                003dc000   00004000  00000000  00004000  RWIX
  FLASHF                003e0000   00004000  00000000  00004000  RWIX
  FLASHE                003e4000   00004000  00000000  00004000  RWIX
  FLASHD                003e8000   00004000  00000370  00003c90  RWIX
  FLASHC                003ec000   00004000  00000000  00004000  RWIX
  FLASHA                003f4000   00003f80  000021b2  00001dce  RWIX
  CSM_RSVD              003f7f80   00000076  00000000  00000076  RWIX
  BEGIN                 003f7ff6   00000002  00000002  00000000  RWIX
  CSM_PWL_P0            003f7ff8   00000008  00000000  00000008  RWIX
  FPUTABLES             003fd860   000006a0  00000000  000006a0  RWIX
  IQTABLES              003fdf00   00000b50  00000000  00000b50  RWIX
  IQTABLES2             003fea50   0000008c  00000000  0000008c  RWIX
  IQTABLES3             003feadc   000000aa  00000000  000000aa  RWIX
  ROM                   003ff3b0   00000c10  00000000  00000c10  RWIX
  RESET                 003fffc0   00000002  00000000  00000002  RWIX
  VECTORS               003fffc2   0000003e  00000000  0000003e  RWIX

PAGE 1:
  BOOT_RSVD             00000000   00000050  00000006  0000004a  RWIX
  RAMM0                 00000050   000003b0  00000300  000000b0  RWIX
  RAMM1                 00000400   00000400  00000000  00000400  RWIX
  DEV_EMU               00000880   00000105  00000004  00000101  RWIX
  SYS_PWR_CTL           00000985   00000003  00000003  00000000  RWIX
  FLASH_REGS            00000a80   00000060  00000008  00000058  RWIX
  CSM                   00000ae0   00000020  00000010  00000010  RWIX
  ADC_RESULT            00000b00   00000020  00000010  00000010  RWIX
  CPU_TIMER0            00000c00   00000008  00000008  00000000  RWIX
  CPU_TIMER1            00000c08   00000008  00000008  00000000  RWIX
  CPU_TIMER2            00000c10   00000008  00000008  00000000  RWIX
  PIE_CTRL              00000ce0   00000020  0000001a  00000006  RWIX
  PIE_VECT              00000d00   00000100  00000100  00000000  RWIX
  DMA                   00001000   00000200  000000e0  00000120  RWIX
  CLA1                  00001400   00000080  00000040  00000040  RWIX
  USB0                  00004000   00001000  00000454  00000bac  RWIX
  McBSPA                00005000   00000040  00000024  0000001c  RWIX
  ECANA                 00006000   00000040  00000034  0000000c  RWIX
  ECANA_LAM             00006040   00000040  00000040  00000000  RWIX
  ECANA_MOTS            00006080   00000040  00000040  00000000  RWIX
  ECANA_MOTO            000060c0   00000040  00000040  00000000  RWIX
  ECANA_MBOX            00006100   00000100  00000100  00000000  RWIX
  COMP1                 00006400   00000020  00000007  00000019  RWIX
  COMP2                 00006420   00000020  00000007  00000019  RWIX
  COMP3                 00006440   00000020  00000007  00000019  RWIX
  EPWM1                 00006800   00000040  00000040  00000000  RWIX
  EPWM2                 00006840   00000040  00000040  00000000  RWIX
  EPWM3                 00006880   00000040  00000040  00000000  RWIX
  EPWM4                 000068c0   00000040  00000040  00000000  RWIX
  EPWM5                 00006900   00000040  00000040  00000000  RWIX
  EPWM6                 00006940   00000040  00000040  00000000  RWIX
  EPWM7                 00006980   00000040  00000040  00000000  RWIX
  EPWM8                 000069c0   00000040  00000040  00000000  RWIX
  ECAP1                 00006a00   00000020  00000020  00000000  RWIX
  ECAP2                 00006a20   00000020  00000020  00000000  RWIX
  ECAP3                 00006a40   00000020  00000020  00000000  RWIX
  HRCAP1                00006ac0   00000020  0000001f  00000001  RWIX
  HRCAP2                00006ae0   00000020  0000001f  00000001  RWIX
  EQEP1                 00006b00   00000040  00000022  0000001e  RWIX
  EQEP2                 00006b40   00000040  00000022  0000001e  RWIX
  HRCAP3                00006c80   00000020  0000001f  00000001  RWIX
  HRCAP4                00006ca0   00000020  0000001f  00000001  RWIX
  GPIOCTRL              00006f80   00000040  00000040  00000000  RWIX
  GPIODAT               00006fc0   00000020  00000020  00000000  RWIX
  GPIOINT               00006fe0   00000020  00000020  00000000  RWIX
  SYSTEM                00007010   00000030  00000030  00000000  RWIX
  SPIA                  00007040   00000010  00000010  00000000  RWIX
  SCIA                  00007050   00000010  00000010  00000000  RWIX
  NMIINTRUPT            00007060   00000010  00000010  00000000  RWIX
  XINTRUPT              00007070   00000010  00000010  00000000  RWIX
  ADC                   00007100   00000080  00000050  00000030  RWIX
  SPIB                  00007740   00000010  00000010  00000000  RWIX
  SCIB                  00007750   00000010  00000010  00000000  RWIX
  I2CA                  00007900   00000040  00000022  0000001e  RWIX
  RAML2                 00008c00   00000400  00000000  00000400  RWIX
  RAML3                 00009000   00001000  00000b18  000004e8  RWIX
  RAML4                 0000a000   00002000  00000000  00002000  RWIX
  RAML5                 0000c000   00002000  00000000  00002000  RWIX
  RAML6                 0000e000   00002000  00000000  00002000  RWIX
  RAML7                 00010000   00002000  00000000  00002000  RWIX
  RAML8                 00012000   00002000  00000000  00002000  RWIX
  USB_RAM               00040000   00000800  00000000  00000800  RWIX
  PARTID                003d7e80   00000001  00000001  00000000  RWIX
  FLASHB                003f0000   00004000  00000000  00004000  RWIX
  CSM_PWL               003f7ff8   00000008  00000008  00000000  RWIX


SECTION ALLOCATION MAP

 output                                  attributes/
section   page    origin      length       input sections
--------  ----  ----------  ----------   ----------------
.pinit     0    003f4000    00000000     UNINITIALIZED

Cla1Prog   0    00008370    0000000e     
                  00008370    0000000e     test.obj (Cla1Prog:retain)

ramfuncs   0    003e8000    00000370     RUN ADDR = 00008000
                  003e8000    0000028f     main.obj (ramfuncs:retain)
                  003e828f    000000c0     main.obj (ramfuncs)
                  003e834f    0000001d     F2806x_SysCtrl.obj (ramfuncs)
                  003e836c    00000004     F2806x_usDelay.obj (ramfuncs)

.text      0    003f4000    00001f3f     
                  003f4000    00000b71     main.obj (.text)
                  003f4b71    0000039b     F2806x_DefaultIsr.obj (.text:retain)
                  003f4f0c    000002c7     SD_funkcje.obj (.text)
                  003f51d3    000001b5     F2806x_Adc.obj (.text)
                  003f5388    000001af     transformacje.obj (.text)
                  003f5537    0000018a     SD_SPI_Initialization.obj (.text)
                  003f56c1    00000186     F2806x_SysCtrl.obj (.text)
                  003f5847    000000d5     SD_SPI_Write.obj (.text)
                  003f591c    000000c4     rts2800_fpu32.lib : atan2.obj (.text)
                  003f59e0    000000b8     SD_SPI_Read.obj (.text)
                  003f5a98    000000a4     SD_SPI_Registers.obj (.text)
                  003f5b3c    00000088     rts2800_fpu32.lib : fs_div.obj (.text)
                  003f5bc4    00000078     SD_SPI_Transmission.obj (.text)
                  003f5c3c    00000061     rts2800_fpu32.lib : cos.obj (.text)
                  003f5c9d    0000005e     SD_SPI_Erase.obj (.text)
                  003f5cfb    0000005b     DSP280x_Spi.obj (.text)
                  003f5d56    00000058     F2806x_CpuTimers.obj (.text)
                  003f5dae    00000057     rts2800_fpu32.lib : sin.obj (.text)
                  003f5e05    00000046                       : boot.obj (.text)
                  003f5e4b    00000028     F2806x_PieCtrl.obj (.text)
                  003f5e73    00000001     --HOLE-- [fill = 0]
                  003f5e74    00000023     rts2800_fpu32.lib : sqrt.obj (.text)
                  003f5e97    0000001a     F2806x_Gpio.obj (.text)
                  003f5eb1    00000019     rts2800_fpu32.lib : args_main.obj (.text)
                  003f5eca    00000019                       : exit.obj (.text)
                  003f5ee3    00000016                       : frexp.obj (.text)
                  003f5ef9    00000013     F2806x_MemCopy.obj (.text)
                  003f5f0c    00000011     F2806x_PieVect.obj (.text)
                  003f5f1d    00000011     main.obj (.text:retain)
                  003f5f2e    00000009     rts2800_fpu32.lib : _lock.obj (.text)
                  003f5f37    00000008     F2806x_CodeStartBranch.obj (.text)

.cinit     0    003f5f3f    00000163     
                  003f5f3f    0000012e     main.obj (.cinit)
                  003f606d    0000000f     JW_cla_shared_data.obj (.cinit)
                  003f607c    0000000c     SD_SPI_Initialization.obj (.cinit)
                  003f6088    0000000a     rts2800_fpu32.lib : _lock.obj (.cinit)
                  003f6092    0000000a                       : exit.obj (.cinit)
                  003f609c    00000004                       : errno.obj (.cinit)
                  003f60a0    00000002     --HOLE-- [fill = 0]

.econst    0    003f60a2    00000110     
                  003f60a2    00000100     F2806x_PieVect.obj (.econst)
                  003f61a2    00000008     rts2800_fpu32.lib : atan2.obj (.econst:_a$1)
                  003f61aa    00000008     main.obj (.econst)

codestart 
*          0    003f7ff6    00000002     
                  003f7ff6    00000002     F2806x_CodeStartBranch.obj (codestart)

.reset     0    003fffc0    00000002     DSECT
                  003fffc0    00000002     rts2800_fpu32.lib : boot.obj (.reset)

vectors    0    003fffc2    00000000     DSECT

Cla1DataRam1 
*          1    00000000    00000002     UNINITIALIZED
                  00000000    00000002     JW_cla_shared_data.obj (Cla1DataRam1)

Cla1ToCPuMsgRAM 
*          1    00000002    00000002     UNINITIALIZED
                  00000002    00000002     JW_cla_shared_data.obj (Cla1ToCPuMsgRAM)

CpuToCla1MsgRAM 
*          1    00000004    00000002     UNINITIALIZED
                  00000004    00000002     JW_cla_shared_data.obj (CpuToCla1MsgRAM)

.stack     1    00000050    00000300     UNINITIALIZED
                  00000050    00000300     --HOLE--

DevEmuRegsFile 
*          1    00000880    00000004     UNINITIALIZED
                  00000880    00000004     F2806x_GlobalVariableDefs.obj (DevEmuRegsFile)

SysPwrCtrlRegsFile 
*          1    00000985    00000003     UNINITIALIZED
                  00000985    00000003     F2806x_GlobalVariableDefs.obj (SysPwrCtrlRegsFile)

FlashRegsFile 
*          1    00000a80    00000008     UNINITIALIZED
                  00000a80    00000008     F2806x_GlobalVariableDefs.obj (FlashRegsFile)

CsmRegsFile 
*          1    00000ae0    00000010     UNINITIALIZED
                  00000ae0    00000010     F2806x_GlobalVariableDefs.obj (CsmRegsFile)

AdcResultFile 
*          1    00000b00    00000010     UNINITIALIZED
                  00000b00    00000010     F2806x_GlobalVariableDefs.obj (AdcResultFile)

CpuTimer0RegsFile 
*          1    00000c00    00000008     UNINITIALIZED
                  00000c00    00000008     F2806x_GlobalVariableDefs.obj (CpuTimer0RegsFile)

CpuTimer1RegsFile 
*          1    00000c08    00000008     UNINITIALIZED
                  00000c08    00000008     F2806x_GlobalVariableDefs.obj (CpuTimer1RegsFile)

CpuTimer2RegsFile 
*          1    00000c10    00000008     UNINITIALIZED
                  00000c10    00000008     F2806x_GlobalVariableDefs.obj (CpuTimer2RegsFile)

PieCtrlRegsFile 
*          1    00000ce0    0000001a     UNINITIALIZED
                  00000ce0    0000001a     F2806x_GlobalVariableDefs.obj (PieCtrlRegsFile)

PieVectTableFile 
*          1    00000d00    00000100     UNINITIALIZED
                  00000d00    00000100     F2806x_GlobalVariableDefs.obj (PieVectTableFile)

EmuKeyVar 
*          1    00000d00    00000001     UNINITIALIZED
                  00000d00    00000001     F2806x_GlobalVariableDefs.obj (EmuKeyVar)

EmuBModeVar 
*          1    00000d01    00000001     UNINITIALIZED
                  00000d01    00000001     F2806x_GlobalVariableDefs.obj (EmuBModeVar)

FlashCallbackVar 
*          1    00000d02    00000002     UNINITIALIZED
                  00000d02    00000002     F2806x_GlobalVariableDefs.obj (FlashCallbackVar)

FlashScalingVar 
*          1    00000d04    00000002     UNINITIALIZED
                  00000d04    00000002     F2806x_GlobalVariableDefs.obj (FlashScalingVar)

DmaRegsFile 
*          1    00001000    000000e0     UNINITIALIZED
                  00001000    000000e0     F2806x_GlobalVariableDefs.obj (DmaRegsFile)

Cla1RegsFile 
*          1    00001400    00000040     UNINITIALIZED
                  00001400    00000040     F2806x_GlobalVariableDefs.obj (Cla1RegsFile)

Usb0RegsFile 
*          1    00004000    00000454     UNINITIALIZED
                  00004000    00000454     F2806x_GlobalVariableDefs.obj (Usb0RegsFile)

McbspaRegsFile 
*          1    00005000    00000024     UNINITIALIZED
                  00005000    00000024     F2806x_GlobalVariableDefs.obj (McbspaRegsFile)

ECanaRegsFile 
*          1    00006000    00000034     UNINITIALIZED
                  00006000    00000034     F2806x_GlobalVariableDefs.obj (ECanaRegsFile)

ECanaLAMRegsFile 
*          1    00006040    00000040     UNINITIALIZED
                  00006040    00000040     F2806x_GlobalVariableDefs.obj (ECanaLAMRegsFile)

ECanaMOTSRegsFile 
*          1    00006080    00000040     UNINITIALIZED
                  00006080    00000040     F2806x_GlobalVariableDefs.obj (ECanaMOTSRegsFile)

ECanaMOTORegsFile 
*          1    000060c0    00000040     UNINITIALIZED
                  000060c0    00000040     F2806x_GlobalVariableDefs.obj (ECanaMOTORegsFile)

ECanaMboxesFile 
*          1    00006100    00000100     UNINITIALIZED
                  00006100    00000100     F2806x_GlobalVariableDefs.obj (ECanaMboxesFile)

Comp1RegsFile 
*          1    00006400    00000007     UNINITIALIZED
                  00006400    00000007     F2806x_GlobalVariableDefs.obj (Comp1RegsFile)

Comp2RegsFile 
*          1    00006420    00000007     UNINITIALIZED
                  00006420    00000007     F2806x_GlobalVariableDefs.obj (Comp2RegsFile)

Comp3RegsFile 
*          1    00006440    00000007     UNINITIALIZED
                  00006440    00000007     F2806x_GlobalVariableDefs.obj (Comp3RegsFile)

EPwm1RegsFile 
*          1    00006800    00000040     UNINITIALIZED
                  00006800    00000040     F2806x_GlobalVariableDefs.obj (EPwm1RegsFile)

EPwm2RegsFile 
*          1    00006840    00000040     UNINITIALIZED
                  00006840    00000040     F2806x_GlobalVariableDefs.obj (EPwm2RegsFile)

EPwm3RegsFile 
*          1    00006880    00000040     UNINITIALIZED
                  00006880    00000040     F2806x_GlobalVariableDefs.obj (EPwm3RegsFile)

EPwm4RegsFile 
*          1    000068c0    00000040     UNINITIALIZED
                  000068c0    00000040     F2806x_GlobalVariableDefs.obj (EPwm4RegsFile)

EPwm5RegsFile 
*          1    00006900    00000040     UNINITIALIZED
                  00006900    00000040     F2806x_GlobalVariableDefs.obj (EPwm5RegsFile)

EPwm6RegsFile 
*          1    00006940    00000040     UNINITIALIZED
                  00006940    00000040     F2806x_GlobalVariableDefs.obj (EPwm6RegsFile)

EPwm7RegsFile 
*          1    00006980    00000040     UNINITIALIZED
                  00006980    00000040     F2806x_GlobalVariableDefs.obj (EPwm7RegsFile)

EPwm8RegsFile 
*          1    000069c0    00000040     UNINITIALIZED
                  000069c0    00000040     F2806x_GlobalVariableDefs.obj (EPwm8RegsFile)

ECap1RegsFile 
*          1    00006a00    00000020     UNINITIALIZED
                  00006a00    00000020     F2806x_GlobalVariableDefs.obj (ECap1RegsFile)

ECap2RegsFile 
*          1    00006a20    00000020     UNINITIALIZED
                  00006a20    00000020     F2806x_GlobalVariableDefs.obj (ECap2RegsFile)

ECap3RegsFile 
*          1    00006a40    00000020     UNINITIALIZED
                  00006a40    00000020     F2806x_GlobalVariableDefs.obj (ECap3RegsFile)

HRCap1RegsFile 
*          1    00006ac0    0000001f     UNINITIALIZED
                  00006ac0    0000001f     F2806x_GlobalVariableDefs.obj (HRCap1RegsFile)

HRCap2RegsFile 
*          1    00006ae0    0000001f     UNINITIALIZED
                  00006ae0    0000001f     F2806x_GlobalVariableDefs.obj (HRCap2RegsFile)

EQep1RegsFile 
*          1    00006b00    00000022     UNINITIALIZED
                  00006b00    00000022     F2806x_GlobalVariableDefs.obj (EQep1RegsFile)

EQep2RegsFile 
*          1    00006b40    00000022     UNINITIALIZED
                  00006b40    00000022     F2806x_GlobalVariableDefs.obj (EQep2RegsFile)

HRCap3RegsFile 
*          1    00006c80    0000001f     UNINITIALIZED
                  00006c80    0000001f     F2806x_GlobalVariableDefs.obj (HRCap3RegsFile)

HRCap4RegsFile 
*          1    00006ca0    0000001f     UNINITIALIZED
                  00006ca0    0000001f     F2806x_GlobalVariableDefs.obj (HRCap4RegsFile)

GpioCtrlRegsFile 
*          1    00006f80    00000040     UNINITIALIZED
                  00006f80    00000040     F2806x_GlobalVariableDefs.obj (GpioCtrlRegsFile)

GpioDataRegsFile 
*          1    00006fc0    00000020     UNINITIALIZED
                  00006fc0    00000020     F2806x_GlobalVariableDefs.obj (GpioDataRegsFile)

GpioIntRegsFile 
*          1    00006fe0    00000020     UNINITIALIZED
                  00006fe0    00000020     F2806x_GlobalVariableDefs.obj (GpioIntRegsFile)

SysCtrlRegsFile 
*          1    00007010    00000030     UNINITIALIZED
                  00007010    00000030     F2806x_GlobalVariableDefs.obj (SysCtrlRegsFile)

SpiaRegsFile 
*          1    00007040    00000010     UNINITIALIZED
                  00007040    00000010     F2806x_GlobalVariableDefs.obj (SpiaRegsFile)

SciaRegsFile 
*          1    00007050    00000010     UNINITIALIZED
                  00007050    00000010     F2806x_GlobalVariableDefs.obj (SciaRegsFile)

NmiIntruptRegsFile 
*          1    00007060    00000010     UNINITIALIZED
                  00007060    00000010     F2806x_GlobalVariableDefs.obj (NmiIntruptRegsFile)

XIntruptRegsFile 
*          1    00007070    00000010     UNINITIALIZED
                  00007070    00000010     F2806x_GlobalVariableDefs.obj (XIntruptRegsFile)

AdcRegsFile 
*          1    00007100    00000050     UNINITIALIZED
                  00007100    00000050     F2806x_GlobalVariableDefs.obj (AdcRegsFile)

SpibRegsFile 
*          1    00007740    00000010     UNINITIALIZED
                  00007740    00000010     F2806x_GlobalVariableDefs.obj (SpibRegsFile)

ScibRegsFile 
*          1    00007750    00000010     UNINITIALIZED
                  00007750    00000010     F2806x_GlobalVariableDefs.obj (ScibRegsFile)

I2caRegsFile 
*          1    00007900    00000022     UNINITIALIZED
                  00007900    00000022     F2806x_GlobalVariableDefs.obj (I2caRegsFile)

.ebss      1    00009000    00000b18     UNINITIALIZED
                  00009000    00000ac0     main.obj (.ebss)
                  00009ac0    0000002b     SD_SPI_Initialization.obj (.ebss)
                  00009aeb    00000001     rts2800_fpu32.lib : errno.obj (.ebss)
                  00009aec    00000004                       : _lock.obj (.ebss)
                  00009af0    00000004                       : exit.obj (.ebss)
                  00009af4    0000000c     --HOLE--
                  00009b00    00000018     F2806x_CpuTimers.obj (.ebss)

PartIdRegsFile 
*          1    003d7e80    00000001     UNINITIALIZED
                  003d7e80    00000001     F2806x_GlobalVariableDefs.obj (PartIdRegsFile)

CsmPwlFile 
*          1    003f7ff8    00000008     UNINITIALIZED
                  003f7ff8    00000008     F2806x_GlobalVariableDefs.obj (CsmPwlFile)


GLOBAL SYMBOLS: SORTED ALPHABETICALLY BY Name 

address    name
--------   ----
003f4000   .text
003f5eca   C$$EXIT
003f5b3c   FS$$DIV
003f4f02   _ADCINT1_ISR
003f4ef8   _ADCINT2_ISR
003f4eee   _ADCINT3_ISR
003f4ee4   _ADCINT4_ISR
003f4eda   _ADCINT5_ISR
003f4ed0   _ADCINT6_ISR
003f4ec6   _ADCINT7_ISR
003f4ebc   _ADCINT8_ISR
003f4eb2   _ADCINT9_ISR
00009240   _ARTBAU
003f5222   _AdcChanSelect
003f527a   _AdcConversion
003f5362   _AdcOffsetSelfCal
00007100   _AdcRegs
00000b00   _AdcResult
003f4ea8   _CLA1_INT1_ISR
003f4e9e   _CLA1_INT2_ISR
003f4e94   _CLA1_INT3_ISR
003f4e8a   _CLA1_INT4_ISR
003f4e80   _CLA1_INT5_ISR
003f4e76   _CLA1_INT6_ISR
003f4e6c   _CLA1_INT7_ISR
003f4e62   _CLA1_INT8_ISR
UNDEFED    _Cla1Prog_Start
00001400   _Cla1Regs
00008370   _Cla1Task1
00006400   _Comp1Regs
00006420   _Comp2Regs
00006440   _Comp3Regs
003f5d8b   _ConfigCpuTimer
003f41ca   _ConfigECan
003f409f   _ConfigEPwm
00009b10   _CpuTimer0
00000c00   _CpuTimer0Regs
00009b00   _CpuTimer1
00000c08   _CpuTimer1Regs
00009b08   _CpuTimer2
00000c10   _CpuTimer2Regs
003f7ff8   _CsmPwl
00000ae0   _CsmRegs
003f5819   _CsmUnlock
003f4e58   _DATALOG_ISR
003f4e4e   _DINTCH1_ISR
003f4e44   _DINTCH2_ISR
003f4e3a   _DINTCH3_ISR
003f4e30   _DINTCH4_ISR
003f4e26   _DINTCH5_ISR
003f4e1c   _DINTCH6_ISR
0000836c   _DSP28x_usDelay
003f61b0   _DWAPI
00000880   _DevEmuRegs
003f5703   _DisableDog
00001000   _DmaRegs
003f4e12   _ECAN0INTA_ISR
003f4e08   _ECAN1INTA_ISR
003f4dfe   _ECAP1_INT_ISR
003f4df4   _ECAP2_INT_ISR
003f4dea   _ECAP3_INT_ISR
00006040   _ECanaLAMRegs
000060c0   _ECanaMOTORegs
00006080   _ECanaMOTSRegs
00006100   _ECanaMboxes
00006000   _ECanaRegs
00009280   _ECanaShadow
00006a00   _ECap1Regs
00006a20   _ECap2Regs
00006a40   _ECap3Regs
003f4ddd   _EMPTY_ISR
003f4dd3   _EMUINT_ISR
003f4dc9   _EPWM1_INT_ISR
003f4dbf   _EPWM1_TZINT_ISR
003f4db5   _EPWM2_INT_ISR
003f4dab   _EPWM2_TZINT_ISR
003f4da1   _EPWM3_INT_ISR
003f4d97   _EPWM3_TZINT_ISR
003f4d8d   _EPWM4_INT_ISR
003f4d83   _EPWM4_TZINT_ISR
003f4d79   _EPWM5_INT_ISR
003f4d6f   _EPWM5_TZINT_ISR
003f4d65   _EPWM6_INT_ISR
003f4d5b   _EPWM6_TZINT_ISR
003f4d51   _EPWM7_INT_ISR
003f4d47   _EPWM7_TZINT_ISR
003f4d3d   _EPWM8_INT_ISR
003f4d33   _EPWM8_TZINT_ISR
00006800   _EPwm1Regs
00006840   _EPwm2Regs
00006880   _EPwm3Regs
000068c0   _EPwm4Regs
00006900   _EPwm5Regs
00006940   _EPwm6Regs
00006980   _EPwm7Regs
000069c0   _EPwm8Regs
00008315   _EPwm_Control2
003f4b57   _EPwm_Control_OUTPUT
003f4d29   _EQEP1_INT_ISR
003f4d1f   _EQEP2_INT_ISR
00006b00   _EQep1Regs
00006b40   _EQep2Regs
00000d01   _EmuBMode
00000d00   _EmuKey
003f5e6a   _EnableInterrupts
003f5801   _ExtOscSel
00000a80   _FlashRegs
00000d04   _Flash_CPUScaleFactor
00000d02   _Flash_CallbackPtr
00006f80   _GpioCtrlRegs
00006fc0   _GpioDataRegs
00006fe0   _GpioIntRegs
003f4d15   _HRCAP1_INT_ISR
003f4d0b   _HRCAP2_INT_ISR
003f4d01   _HRCAP3_INT_ISR
003f4cf7   _HRCAP4_INT_ISR
00006ac0   _HRCap1Regs
00006ae0   _HRCap2Regs
00006c80   _HRCap3Regs
00006ca0   _HRCap4Regs
003f4ced   _I2CINT1A_ISR
003f4ce3   _I2CINT2A_ISR
00007900   _I2caRegs
003f4cd9   _ILLEGAL_ISR
003f4ccf   _INT13_ISR
003f4cc5   _INT14_ISR
003f51f9   _InitAdc
003f51d3   _InitAdcAio
003f5d56   _InitCpuTimers
003f4aea   _InitECan
003f414b   _InitECanGpio
003f4166   _InitECana
003f4000   _InitEPwm1Gpio
003f4016   _InitEPwm2Gpio
003f402c   _InitEPwm3Gpio
003f4044   _InitEPwm4Gpio
003f405c   _InitEPwm5Gpio
003f4072   _InitEPwm6Gpio
003f4088   _InitEPwm7Gpio
003f4ad3   _InitEPwm8Gpio
0000834f   _InitFlash
003f5e97   _InitGpio
003f4275   _InitOutputs
003f5759   _InitPeripheralClocks
003f5e4b   _InitPieCtrl
003f5f0c   _InitPieVectTable
003f570b   _InitPll
003f57d4   _InitPll2
003f5d55   _InitSpi
003f5d50   _InitSpiGpio
003f5d1d   _InitSpiaGpio
003f5cfb   _InitSpibGpio
003f57bc   _InitSysCtrl
003f56f3   _IntOsc1Sel
003f56df   _IntOsc2Sel
003f4cbb   _LUF_ISR
003f4cb1   _LVF_ISR
003f4ca7   _MRINTA_ISR
003f4c9d   _MXINTA_ISR
00005000   _McbspaRegs
003f5ef9   _MemCopy
003f4c93   _NMI_ISR
00007060   _NmiIntruptRegs
003f61ae   _PI
003f4c89   _PIE_RESERVED
003d7e80   _PartIdRegs
00000ce0   _PieCtrlRegs
00000d00   _PieVectTable
003f60a2   _PieVectTableInit
00009026   _PomiaryARTBAU
003f5098   _PrzygotujSDdane
003f61aa   _RCi1
003f61ac   _RCug1
003f4c7f   _RTOSINT_ISR
003e8370   _RamfuncsLoadEnd
003e8000   _RamfuncsLoadStart
00008000   _RamfuncsRunStart
003f4c75   _SCIRXINTA_ISR
003f4c6b   _SCIRXINTB_ISR
003f4c61   _SCITXINTA_ISR
003f4c57   _SCITXINTB_ISR
00009040   _SDdata
000092c0   _SDinfo
0000900c   _SEKTOR
003f4c4d   _SPIRXINTA_ISR
003f4c43   _SPIRXINTB_ISR
003f4c39   _SPITXINTA_ISR
003f4c2f   _SPITXINTB_ISR
00007050   _SciaRegs
00007750   _ScibRegs
003f56d5   _ServiceDog
00007040   _SpiaRegs
00007740   _SpibRegs
00007010   _SysCtrlRegs
00000985   _SysPwrCtrlRegs
003f4c25   _TINT0_ISR
00009002   _T_CZEKAJ
00009000   _T_WZBUDZENIE
003f4c1b   _USB0_INT_ISR
003f4c11   _USER10_ISR
003f4c07   _USER11_ISR
003f4bfd   _USER12_ISR
003f4bf3   _USER1_ISR
003f4be9   _USER2_ISR
003f4bdf   _USER3_ISR
003f4bd5   _USER4_ISR
003f4bcb   _USER5_ISR
003f4bc1   _USER6_ISR
003f4bb7   _USER7_ISR
003f4bad   _USER8_ISR
003f4ba3   _USER9_ISR
0000901a   _Udc
0000901c   _Udc_ref_out
00009016   _Udcf
00004000   _Usb0Regs
003f4b99   _WAKEINT_ISR
00009200   _WT1
00009180   _WT2
000091c0   _WT3
00009080   _WT4
000090c0   _WT5
00009140   _WT6
00009100   _WT7
003f4f4c   _WypelnijSDinfo
003f4b8f   _XINT1_ISR
003f4b85   _XINT2_ISR
003f4b7b   _XINT3_ISR
00007070   _XIntruptRegs
003f56c1   _XtalOscSel
003f4f0c   _ZapiszSDinfo
00000350   __STACK_END
00000300   __STACK_SIZE
00000001   __TI_args_main
ffffffff   ___binit__
ffffffff   ___c_args__
003f5f3f   ___cinit__
003f5f3f   ___etext__
ffffffff   ___pinit__
003f4000   ___text__
003f5eb1   __args_main
00009af0   __cleanup_ptr
00009af2   __dtors_ptr
00009aee   __lock
003f5f36   __nop
003f5f32   __register_lock
003f5f2e   __register_unlock
00000050   __stack
00009aec   __unlock
00000000   _a1
003f551c   _abbcca2abc
003f5504   _abc2alfabeta
003f5473   _abc2dq
0000900a   _abcdef
003f5eca   _abort
003f5443   _alfabeta2abc
003f5430   _alfabeta2mod
003f5408   _alfabeta2theta
003f591c   _atan2
003f5e05   _c_int00
00009004   _can_life_bit
00009018   _can_life_bit_tmr
00009ac4   _card_status
00009adb   _cid_contents
003f5f1d   _cla1_task1_isr
003f5c3c   _cos
00008000   _cpu_timer0_isr
00009ac2   _crc_enabled
00009acb   _csd_contents
00009ac0   _data_manipulation
003f53c8   _dq2alfabeta
003f5388   _dqF2alfabeta
003f42c6   _eCAN_setGID
003f42ec   _eCan_Transmit
003f4ab7   _eCan_Transmit2
00009aeb   _errno
003f5ecc   _exit
003f5ee3   _frexp
00009ac3   _high_capacity
00009006   _i
00009012   _intcan
003f568c   _led_initialization
00009010   _lint_SDCARD
00009014   _lint_can
00009005   _local_life_bit
003f4303   _main
000082f3   _maks
000082d1   _minx
0000900b   _numer_paczki
00009ac6   _ocr_contents
00009003   _praca
000098c0   _read_buffer
000094c0   _read_buffer0
0000828f   _regulator_pi
00009ac1   _response
003f4b71   _rsvd_ISR
003f5673   _sd_card_insertion
003f5ac7   _sd_cid_csd_response
003f5c24   _sd_command_response
003f5bc4   _sd_crc7
003f59e0   _sd_data_response
003f5c9d   _sd_erase_block
003f5c1a   _sd_error
00009009   _sd_init
003f561e   _sd_initialization
003f5afd   _sd_ocr_response
003f5a6c   _sd_read_block
003f5a25   _sd_read_multiple_block
003f5b10   _sd_read_register
003f5a98   _sd_send_status
003f55bb   _sd_version1_initialization
003f5544   _sd_version2_initialization
003f58e8   _sd_write_block
003f5847   _sd_write_data
003f58a4   _sd_write_multiple_block
003f5dae   _sin
003f5537   _spi_initialization
003f5bde   _spi_xmit_byte
003f5be6   _spi_xmit_command
003f5e74   _sqrt
0000901e   _temperatura
000096c0   _write_buffer
00009001   _wt3_stop_test
00009008   _wyp
00000004   _x1
00000002   _y1
0000900e   _z1
00009007   _zapis
ffffffff   binit
003f5f3f   cinit
003f7ff6   code_start
003f5f3f   etext
ffffffff   pinit


GLOBAL SYMBOLS: SORTED BY Symbol Address 

address    name
--------   ----
00000000   _a1
00000001   __TI_args_main
00000002   _y1
00000004   _x1
00000050   __stack
00000300   __STACK_SIZE
00000350   __STACK_END
00000880   _DevEmuRegs
00000985   _SysPwrCtrlRegs
00000a80   _FlashRegs
00000ae0   _CsmRegs
00000b00   _AdcResult
00000c00   _CpuTimer0Regs
00000c08   _CpuTimer1Regs
00000c10   _CpuTimer2Regs
00000ce0   _PieCtrlRegs
00000d00   _EmuKey
00000d00   _PieVectTable
00000d01   _EmuBMode
00000d02   _Flash_CallbackPtr
00000d04   _Flash_CPUScaleFactor
00001000   _DmaRegs
00001400   _Cla1Regs
00004000   _Usb0Regs
00005000   _McbspaRegs
00006000   _ECanaRegs
00006040   _ECanaLAMRegs
00006080   _ECanaMOTSRegs
000060c0   _ECanaMOTORegs
00006100   _ECanaMboxes
00006400   _Comp1Regs
00006420   _Comp2Regs
00006440   _Comp3Regs
00006800   _EPwm1Regs
00006840   _EPwm2Regs
00006880   _EPwm3Regs
000068c0   _EPwm4Regs
00006900   _EPwm5Regs
00006940   _EPwm6Regs
00006980   _EPwm7Regs
000069c0   _EPwm8Regs
00006a00   _ECap1Regs
00006a20   _ECap2Regs
00006a40   _ECap3Regs
00006ac0   _HRCap1Regs
00006ae0   _HRCap2Regs
00006b00   _EQep1Regs
00006b40   _EQep2Regs
00006c80   _HRCap3Regs
00006ca0   _HRCap4Regs
00006f80   _GpioCtrlRegs
00006fc0   _GpioDataRegs
00006fe0   _GpioIntRegs
00007010   _SysCtrlRegs
00007040   _SpiaRegs
00007050   _SciaRegs
00007060   _NmiIntruptRegs
00007070   _XIntruptRegs
00007100   _AdcRegs
00007740   _SpibRegs
00007750   _ScibRegs
00007900   _I2caRegs
00008000   _RamfuncsRunStart
00008000   _cpu_timer0_isr
0000828f   _regulator_pi
000082d1   _minx
000082f3   _maks
00008315   _EPwm_Control2
0000834f   _InitFlash
0000836c   _DSP28x_usDelay
00008370   _Cla1Task1
00009000   _T_WZBUDZENIE
00009001   _wt3_stop_test
00009002   _T_CZEKAJ
00009003   _praca
00009004   _can_life_bit
00009005   _local_life_bit
00009006   _i
00009007   _zapis
00009008   _wyp
00009009   _sd_init
0000900a   _abcdef
0000900b   _numer_paczki
0000900c   _SEKTOR
0000900e   _z1
00009010   _lint_SDCARD
00009012   _intcan
00009014   _lint_can
00009016   _Udcf
00009018   _can_life_bit_tmr
0000901a   _Udc
0000901c   _Udc_ref_out
0000901e   _temperatura
00009026   _PomiaryARTBAU
00009040   _SDdata
00009080   _WT4
000090c0   _WT5
00009100   _WT7
00009140   _WT6
00009180   _WT2
000091c0   _WT3
00009200   _WT1
00009240   _ARTBAU
00009280   _ECanaShadow
000092c0   _SDinfo
000094c0   _read_buffer0
000096c0   _write_buffer
000098c0   _read_buffer
00009ac0   _data_manipulation
00009ac1   _response
00009ac2   _crc_enabled
00009ac3   _high_capacity
00009ac4   _card_status
00009ac6   _ocr_contents
00009acb   _csd_contents
00009adb   _cid_contents
00009aeb   _errno
00009aec   __unlock
00009aee   __lock
00009af0   __cleanup_ptr
00009af2   __dtors_ptr
00009b00   _CpuTimer1
00009b08   _CpuTimer2
00009b10   _CpuTimer0
003d7e80   _PartIdRegs
003e8000   _RamfuncsLoadStart
003e8370   _RamfuncsLoadEnd
003f4000   .text
003f4000   _InitEPwm1Gpio
003f4000   ___text__
003f4016   _InitEPwm2Gpio
003f402c   _InitEPwm3Gpio
003f4044   _InitEPwm4Gpio
003f405c   _InitEPwm5Gpio
003f4072   _InitEPwm6Gpio
003f4088   _InitEPwm7Gpio
003f409f   _ConfigEPwm
003f414b   _InitECanGpio
003f4166   _InitECana
003f41ca   _ConfigECan
003f4275   _InitOutputs
003f42c6   _eCAN_setGID
003f42ec   _eCan_Transmit
003f4303   _main
003f4ab7   _eCan_Transmit2
003f4ad3   _InitEPwm8Gpio
003f4aea   _InitECan
003f4b57   _EPwm_Control_OUTPUT
003f4b71   _rsvd_ISR
003f4b7b   _XINT3_ISR
003f4b85   _XINT2_ISR
003f4b8f   _XINT1_ISR
003f4b99   _WAKEINT_ISR
003f4ba3   _USER9_ISR
003f4bad   _USER8_ISR
003f4bb7   _USER7_ISR
003f4bc1   _USER6_ISR
003f4bcb   _USER5_ISR
003f4bd5   _USER4_ISR
003f4bdf   _USER3_ISR
003f4be9   _USER2_ISR
003f4bf3   _USER1_ISR
003f4bfd   _USER12_ISR
003f4c07   _USER11_ISR
003f4c11   _USER10_ISR
003f4c1b   _USB0_INT_ISR
003f4c25   _TINT0_ISR
003f4c2f   _SPITXINTB_ISR
003f4c39   _SPITXINTA_ISR
003f4c43   _SPIRXINTB_ISR
003f4c4d   _SPIRXINTA_ISR
003f4c57   _SCITXINTB_ISR
003f4c61   _SCITXINTA_ISR
003f4c6b   _SCIRXINTB_ISR
003f4c75   _SCIRXINTA_ISR
003f4c7f   _RTOSINT_ISR
003f4c89   _PIE_RESERVED
003f4c93   _NMI_ISR
003f4c9d   _MXINTA_ISR
003f4ca7   _MRINTA_ISR
003f4cb1   _LVF_ISR
003f4cbb   _LUF_ISR
003f4cc5   _INT14_ISR
003f4ccf   _INT13_ISR
003f4cd9   _ILLEGAL_ISR
003f4ce3   _I2CINT2A_ISR
003f4ced   _I2CINT1A_ISR
003f4cf7   _HRCAP4_INT_ISR
003f4d01   _HRCAP3_INT_ISR
003f4d0b   _HRCAP2_INT_ISR
003f4d15   _HRCAP1_INT_ISR
003f4d1f   _EQEP2_INT_ISR
003f4d29   _EQEP1_INT_ISR
003f4d33   _EPWM8_TZINT_ISR
003f4d3d   _EPWM8_INT_ISR
003f4d47   _EPWM7_TZINT_ISR
003f4d51   _EPWM7_INT_ISR
003f4d5b   _EPWM6_TZINT_ISR
003f4d65   _EPWM6_INT_ISR
003f4d6f   _EPWM5_TZINT_ISR
003f4d79   _EPWM5_INT_ISR
003f4d83   _EPWM4_TZINT_ISR
003f4d8d   _EPWM4_INT_ISR
003f4d97   _EPWM3_TZINT_ISR
003f4da1   _EPWM3_INT_ISR
003f4dab   _EPWM2_TZINT_ISR
003f4db5   _EPWM2_INT_ISR
003f4dbf   _EPWM1_TZINT_ISR
003f4dc9   _EPWM1_INT_ISR
003f4dd3   _EMUINT_ISR
003f4ddd   _EMPTY_ISR
003f4dea   _ECAP3_INT_ISR
003f4df4   _ECAP2_INT_ISR
003f4dfe   _ECAP1_INT_ISR
003f4e08   _ECAN1INTA_ISR
003f4e12   _ECAN0INTA_ISR
003f4e1c   _DINTCH6_ISR
003f4e26   _DINTCH5_ISR
003f4e30   _DINTCH4_ISR
003f4e3a   _DINTCH3_ISR
003f4e44   _DINTCH2_ISR
003f4e4e   _DINTCH1_ISR
003f4e58   _DATALOG_ISR
003f4e62   _CLA1_INT8_ISR
003f4e6c   _CLA1_INT7_ISR
003f4e76   _CLA1_INT6_ISR
003f4e80   _CLA1_INT5_ISR
003f4e8a   _CLA1_INT4_ISR
003f4e94   _CLA1_INT3_ISR
003f4e9e   _CLA1_INT2_ISR
003f4ea8   _CLA1_INT1_ISR
003f4eb2   _ADCINT9_ISR
003f4ebc   _ADCINT8_ISR
003f4ec6   _ADCINT7_ISR
003f4ed0   _ADCINT6_ISR
003f4eda   _ADCINT5_ISR
003f4ee4   _ADCINT4_ISR
003f4eee   _ADCINT3_ISR
003f4ef8   _ADCINT2_ISR
003f4f02   _ADCINT1_ISR
003f4f0c   _ZapiszSDinfo
003f4f4c   _WypelnijSDinfo
003f5098   _PrzygotujSDdane
003f51d3   _InitAdcAio
003f51f9   _InitAdc
003f5222   _AdcChanSelect
003f527a   _AdcConversion
003f5362   _AdcOffsetSelfCal
003f5388   _dqF2alfabeta
003f53c8   _dq2alfabeta
003f5408   _alfabeta2theta
003f5430   _alfabeta2mod
003f5443   _alfabeta2abc
003f5473   _abc2dq
003f5504   _abc2alfabeta
003f551c   _abbcca2abc
003f5537   _spi_initialization
003f5544   _sd_version2_initialization
003f55bb   _sd_version1_initialization
003f561e   _sd_initialization
003f5673   _sd_card_insertion
003f568c   _led_initialization
003f56c1   _XtalOscSel
003f56d5   _ServiceDog
003f56df   _IntOsc2Sel
003f56f3   _IntOsc1Sel
003f5703   _DisableDog
003f570b   _InitPll
003f5759   _InitPeripheralClocks
003f57bc   _InitSysCtrl
003f57d4   _InitPll2
003f5801   _ExtOscSel
003f5819   _CsmUnlock
003f5847   _sd_write_data
003f58a4   _sd_write_multiple_block
003f58e8   _sd_write_block
003f591c   _atan2
003f59e0   _sd_data_response
003f5a25   _sd_read_multiple_block
003f5a6c   _sd_read_block
003f5a98   _sd_send_status
003f5ac7   _sd_cid_csd_response
003f5afd   _sd_ocr_response
003f5b10   _sd_read_register
003f5b3c   FS$$DIV
003f5bc4   _sd_crc7
003f5bde   _spi_xmit_byte
003f5be6   _spi_xmit_command
003f5c1a   _sd_error
003f5c24   _sd_command_response
003f5c3c   _cos
003f5c9d   _sd_erase_block
003f5cfb   _InitSpibGpio
003f5d1d   _InitSpiaGpio
003f5d50   _InitSpiGpio
003f5d55   _InitSpi
003f5d56   _InitCpuTimers
003f5d8b   _ConfigCpuTimer
003f5dae   _sin
003f5e05   _c_int00
003f5e4b   _InitPieCtrl
003f5e6a   _EnableInterrupts
003f5e74   _sqrt
003f5e97   _InitGpio
003f5eb1   __args_main
003f5eca   C$$EXIT
003f5eca   _abort
003f5ecc   _exit
003f5ee3   _frexp
003f5ef9   _MemCopy
003f5f0c   _InitPieVectTable
003f5f1d   _cla1_task1_isr
003f5f2e   __register_unlock
003f5f32   __register_lock
003f5f36   __nop
003f5f3f   ___cinit__
003f5f3f   ___etext__
003f5f3f   cinit
003f5f3f   etext
003f60a2   _PieVectTableInit
003f61aa   _RCi1
003f61ac   _RCug1
003f61ae   _PI
003f61b0   _DWAPI
003f7ff6   code_start
003f7ff8   _CsmPwl
ffffffff   ___binit__
ffffffff   ___c_args__
ffffffff   ___pinit__
ffffffff   binit
ffffffff   pinit
UNDEFED    _Cla1Prog_Start

[332 symbols]
