******************************************************************************
             TMS320C2000 Linker PC v6.2.9                      
******************************************************************************
>> Linked Thu Jan 15 16:59:46 2015

OUTPUT FILE NAME:   <BLDC-Parker.out>
ENTRY POINT SYMBOL: "_c_int00"  address: 00010ddf


MEMORY CONFIGURATION

         name            origin    length      used     unused   attr    fill
----------------------  --------  ---------  --------  --------  ----  --------
PAGE 0:
  BEGIN                 00000000   00000002  00000002  00000000  RWIX
  RAMM0                 00000050   000003b0  0000009a  00000316  RWIX
  RAML1                 00008000   00000700  0000032d  000003d3  RWIX
  RAML0_L3              00008700   00001a00  00000000  00001a00  RWIX
  RAML78                00010000   00004000  00000eb5  0000314b  RWIX
  FPUTABLES             003fd860   000006a0  00000000  000006a0  RWIX
  IQTABLES              003fdf00   00000b50  00000000  00000b50  RWIX
  IQTABLES2             003fea50   0000008c  00000000  0000008c  RWIX
  IQTABLES3             003feadc   000000aa  00000000  000000aa  RWIX
  BOOTROM               003ff3b0   00000c10  00000000  00000c10  RWIX
  RESET                 003fffc0   00000002  00000000  00000002  RWIX

PAGE 1:
  BOOT_RSVD             00000002   0000004e  00000000  0000004e  RWIX
  RAMM1                 00000400   00000400  00000300  00000100  RWIX
  DEV_EMU               00000880   00000105  00000004  00000101  RWIX
  SYS_PWR_CTL           00000985   00000003  00000003  00000000  RWIX
  FLASH_REGS            00000a80   00000060  00000008  00000058  RWIX
  CSM                   00000ae0   00000020  00000010  00000010  RWIX
  ADC_RESULT            00000b00   00000020  00000010  00000010  RWIX
  CPU_TIMER0            00000c00   00000008  00000008  00000000  RWIX
  CPU_TIMER1            00000c08   00000008  00000008  00000000  RWIX
  CPU_TIMER2            00000c10   00000008  00000008  00000000  RWIX
  PIE_CTRL              00000ce0   00000020  0000001a  00000006  RWIX
  PIE_VECT              00000d00   00000100  00000100  00000000  RWIX
  DMA                   00001000   00000200  000000e0  00000120  RWIX
  CLA1                  00001400   00000080  00000040  00000040  RWIX
  USB0                  00004000   00001000  00000454  00000bac  RWIX
  McBSPA                00005000   00000040  00000024  0000001c  RWIX
  ECANA                 00006000   00000040  00000034  0000000c  RWIX
  ECANA_LAM             00006040   00000040  00000040  00000000  RWIX
  ECANA_MOTS            00006080   00000040  00000040  00000000  RWIX
  ECANA_MOTO            000060c0   00000040  00000040  00000000  RWIX
  ECANA_MBOX            00006100   00000100  00000100  00000000  RWIX
  COMP1                 00006400   00000020  00000007  00000019  RWIX
  COMP2                 00006420   00000020  00000007  00000019  RWIX
  COMP3                 00006440   00000020  00000007  00000019  RWIX
  EPWM1                 00006800   00000040  00000040  00000000  RWIX
  EPWM2                 00006840   00000040  00000040  00000000  RWIX
  EPWM3                 00006880   00000040  00000040  00000000  RWIX
  EPWM4                 000068c0   00000040  00000040  00000000  RWIX
  EPWM5                 00006900   00000040  00000040  00000000  RWIX
  EPWM6                 00006940   00000040  00000040  00000000  RWIX
  EPWM7                 00006980   00000040  00000040  00000000  RWIX
  EPWM8                 000069c0   00000040  00000040  00000000  RWIX
  ECAP1                 00006a00   00000020  00000020  00000000  RWIX
  ECAP2                 00006a20   00000020  00000020  00000000  RWIX
  ECAP3                 00006a40   00000020  00000020  00000000  RWIX
  HRCAP1                00006ac0   00000020  0000001f  00000001  RWIX
  HRCAP2                00006ae0   00000020  0000001f  00000001  RWIX
  EQEP1                 00006b00   00000040  00000022  0000001e  RWIX
  EQEP2                 00006b40   00000040  00000022  0000001e  RWIX
  HRCAP3                00006c80   00000020  0000001f  00000001  RWIX
  HRCAP4                00006ca0   00000020  0000001f  00000001  RWIX
  GPIOCTRL              00006f80   00000040  00000040  00000000  RWIX
  GPIODAT               00006fc0   00000020  00000020  00000000  RWIX
  GPIOINT               00006fe0   00000020  00000020  00000000  RWIX
  SYSTEM                00007010   00000030  00000030  00000000  RWIX
  SPIA                  00007040   00000010  00000010  00000000  RWIX
  SCIA                  00007050   00000010  00000010  00000000  RWIX
  NMIINTRUPT            00007060   00000010  00000010  00000000  RWIX
  XINTRUPT              00007070   00000010  00000010  00000000  RWIX
  ADC                   00007100   00000080  00000050  00000030  RWIX
  SPIB                  00007740   00000010  00000010  00000000  RWIX
  SCIB                  00007750   00000010  00000010  00000000  RWIX
  I2CA                  00007900   00000040  00000022  0000001e  RWIX
  RAML4                 0000a000   00002000  00000262  00001d9e  RWIX
  RAML5                 0000c000   00002000  00000000  00002000  RWIX
  RAML6                 0000e000   00002000  00000000  00002000  RWIX
  USB_RAM               00040000   00000800  00000000  00000800  RWIX
  PARTID                003d7e80   00000001  00000001  00000000  RWIX
  CSM_PWL               003f7ff8   00000008  00000008  00000000  RWIX


SECTION ALLOCATION MAP

 output                                  attributes/
section   page    origin      length       input sections
--------  ----  ----------  ----------   ----------------
codestart 
*          0    00000000    00000002     
                  00000000    00000002     F2806x_CodeStartBranch.obj (codestart)

.pinit     0    00000050    00000000     UNINITIALIZED

.cinit     0    00000050    0000009a     
                  00000050    00000074     main.obj (.cinit)
                  000000c4    0000000c     SD_SPI_Initialization.obj (.cinit)
                  000000d0    0000000a     rts2800_fpu32.lib : _lock.obj (.cinit)
                  000000da    0000000a                       : exit.obj (.cinit)
                  000000e4    00000004                       : errno.obj (.cinit)
                  000000e8    00000002     --HOLE-- [fill = 0]

ramfuncs   0    00008000    0000032d     
                  00008000    00000227     main.obj (ramfuncs:retain)
                  00008227    00000102     main.obj (ramfuncs)
                  00008329    00000004     F2806x_usDelay.obj (ramfuncs)

.text      0    00010000    00000eb5     
                  00010000    00000556     main.obj (.text)
                  00010556    0000039b     F2806x_DefaultIsr.obj (.text:retain)
                  000108f1    0000020e     F2806x_Adc.obj (.text)
                  00010aff    00000187     F2806x_SysCtrl.obj (.text)
                  00010c86    00000088     rts2800_fpu32.lib : fs_div.obj (.text)
                  00010d0e    00000079     F2806x_CpuTimers.obj (.text)
                  00010d87    00000058     rts2800_fpu32.lib : sin.obj (.text)
                  00010ddf    00000046                       : boot.obj (.text)
                  00010e25    00000028     F2806x_PieCtrl.obj (.text)
                  00010e4d    00000025     F2806x_PieVect.obj (.text)
                  00010e72    00000019     rts2800_fpu32.lib : args_main.obj (.text)
                  00010e8b    00000019                       : exit.obj (.text)
                  00010ea4    00000009                       : _lock.obj (.text)
                  00010ead    00000008     F2806x_CodeStartBranch.obj (.text)

.reset     0    003fffc0    00000002     DSECT
                  003fffc0    00000002     rts2800_fpu32.lib : boot.obj (.reset)

.stack     1    00000400    00000300     UNINITIALIZED
                  00000400    00000300     --HOLE--

DevEmuRegsFile 
*          1    00000880    00000004     UNINITIALIZED
                  00000880    00000004     F2806x_GlobalVariableDefs.obj (DevEmuRegsFile)

SysPwrCtrlRegsFile 
*          1    00000985    00000003     UNINITIALIZED
                  00000985    00000003     F2806x_GlobalVariableDefs.obj (SysPwrCtrlRegsFile)

FlashRegsFile 
*          1    00000a80    00000008     UNINITIALIZED
                  00000a80    00000008     F2806x_GlobalVariableDefs.obj (FlashRegsFile)

CsmRegsFile 
*          1    00000ae0    00000010     UNINITIALIZED
                  00000ae0    00000010     F2806x_GlobalVariableDefs.obj (CsmRegsFile)

AdcResultFile 
*          1    00000b00    00000010     UNINITIALIZED
                  00000b00    00000010     F2806x_GlobalVariableDefs.obj (AdcResultFile)

CpuTimer0RegsFile 
*          1    00000c00    00000008     UNINITIALIZED
                  00000c00    00000008     F2806x_GlobalVariableDefs.obj (CpuTimer0RegsFile)

CpuTimer1RegsFile 
*          1    00000c08    00000008     UNINITIALIZED
                  00000c08    00000008     F2806x_GlobalVariableDefs.obj (CpuTimer1RegsFile)

CpuTimer2RegsFile 
*          1    00000c10    00000008     UNINITIALIZED
                  00000c10    00000008     F2806x_GlobalVariableDefs.obj (CpuTimer2RegsFile)

PieCtrlRegsFile 
*          1    00000ce0    0000001a     UNINITIALIZED
                  00000ce0    0000001a     F2806x_GlobalVariableDefs.obj (PieCtrlRegsFile)

PieVectTableFile 
*          1    00000d00    00000100     UNINITIALIZED
                  00000d00    00000100     F2806x_GlobalVariableDefs.obj (PieVectTableFile)

EmuKeyVar 
*          1    00000d00    00000001     UNINITIALIZED
                  00000d00    00000001     F2806x_GlobalVariableDefs.obj (EmuKeyVar)

EmuBModeVar 
*          1    00000d01    00000001     UNINITIALIZED
                  00000d01    00000001     F2806x_GlobalVariableDefs.obj (EmuBModeVar)

FlashCallbackVar 
*          1    00000d02    00000002     UNINITIALIZED
                  00000d02    00000002     F2806x_GlobalVariableDefs.obj (FlashCallbackVar)

FlashScalingVar 
*          1    00000d04    00000002     UNINITIALIZED
                  00000d04    00000002     F2806x_GlobalVariableDefs.obj (FlashScalingVar)

DmaRegsFile 
*          1    00001000    000000e0     UNINITIALIZED
                  00001000    000000e0     F2806x_GlobalVariableDefs.obj (DmaRegsFile)

Cla1RegsFile 
*          1    00001400    00000040     UNINITIALIZED
                  00001400    00000040     F2806x_GlobalVariableDefs.obj (Cla1RegsFile)

Usb0RegsFile 
*          1    00004000    00000454     UNINITIALIZED
                  00004000    00000454     F2806x_GlobalVariableDefs.obj (Usb0RegsFile)

McbspaRegsFile 
*          1    00005000    00000024     UNINITIALIZED
                  00005000    00000024     F2806x_GlobalVariableDefs.obj (McbspaRegsFile)

ECanaRegsFile 
*          1    00006000    00000034     UNINITIALIZED
                  00006000    00000034     F2806x_GlobalVariableDefs.obj (ECanaRegsFile)

ECanaLAMRegsFile 
*          1    00006040    00000040     UNINITIALIZED
                  00006040    00000040     F2806x_GlobalVariableDefs.obj (ECanaLAMRegsFile)

ECanaMOTSRegsFile 
*          1    00006080    00000040     UNINITIALIZED
                  00006080    00000040     F2806x_GlobalVariableDefs.obj (ECanaMOTSRegsFile)

ECanaMOTORegsFile 
*          1    000060c0    00000040     UNINITIALIZED
                  000060c0    00000040     F2806x_GlobalVariableDefs.obj (ECanaMOTORegsFile)

ECanaMboxesFile 
*          1    00006100    00000100     UNINITIALIZED
                  00006100    00000100     F2806x_GlobalVariableDefs.obj (ECanaMboxesFile)

Comp1RegsFile 
*          1    00006400    00000007     UNINITIALIZED
                  00006400    00000007     F2806x_GlobalVariableDefs.obj (Comp1RegsFile)

Comp2RegsFile 
*          1    00006420    00000007     UNINITIALIZED
                  00006420    00000007     F2806x_GlobalVariableDefs.obj (Comp2RegsFile)

Comp3RegsFile 
*          1    00006440    00000007     UNINITIALIZED
                  00006440    00000007     F2806x_GlobalVariableDefs.obj (Comp3RegsFile)

EPwm1RegsFile 
*          1    00006800    00000040     UNINITIALIZED
                  00006800    00000040     F2806x_GlobalVariableDefs.obj (EPwm1RegsFile)

EPwm2RegsFile 
*          1    00006840    00000040     UNINITIALIZED
                  00006840    00000040     F2806x_GlobalVariableDefs.obj (EPwm2RegsFile)

EPwm3RegsFile 
*          1    00006880    00000040     UNINITIALIZED
                  00006880    00000040     F2806x_GlobalVariableDefs.obj (EPwm3RegsFile)

EPwm4RegsFile 
*          1    000068c0    00000040     UNINITIALIZED
                  000068c0    00000040     F2806x_GlobalVariableDefs.obj (EPwm4RegsFile)

EPwm5RegsFile 
*          1    00006900    00000040     UNINITIALIZED
                  00006900    00000040     F2806x_GlobalVariableDefs.obj (EPwm5RegsFile)

EPwm6RegsFile 
*          1    00006940    00000040     UNINITIALIZED
                  00006940    00000040     F2806x_GlobalVariableDefs.obj (EPwm6RegsFile)

EPwm7RegsFile 
*          1    00006980    00000040     UNINITIALIZED
                  00006980    00000040     F2806x_GlobalVariableDefs.obj (EPwm7RegsFile)

EPwm8RegsFile 
*          1    000069c0    00000040     UNINITIALIZED
                  000069c0    00000040     F2806x_GlobalVariableDefs.obj (EPwm8RegsFile)

ECap1RegsFile 
*          1    00006a00    00000020     UNINITIALIZED
                  00006a00    00000020     F2806x_GlobalVariableDefs.obj (ECap1RegsFile)

ECap2RegsFile 
*          1    00006a20    00000020     UNINITIALIZED
                  00006a20    00000020     F2806x_GlobalVariableDefs.obj (ECap2RegsFile)

ECap3RegsFile 
*          1    00006a40    00000020     UNINITIALIZED
                  00006a40    00000020     F2806x_GlobalVariableDefs.obj (ECap3RegsFile)

HRCap1RegsFile 
*          1    00006ac0    0000001f     UNINITIALIZED
                  00006ac0    0000001f     F2806x_GlobalVariableDefs.obj (HRCap1RegsFile)

HRCap2RegsFile 
*          1    00006ae0    0000001f     UNINITIALIZED
                  00006ae0    0000001f     F2806x_GlobalVariableDefs.obj (HRCap2RegsFile)

EQep1RegsFile 
*          1    00006b00    00000022     UNINITIALIZED
                  00006b00    00000022     F2806x_GlobalVariableDefs.obj (EQep1RegsFile)

EQep2RegsFile 
*          1    00006b40    00000022     UNINITIALIZED
                  00006b40    00000022     F2806x_GlobalVariableDefs.obj (EQep2RegsFile)

HRCap3RegsFile 
*          1    00006c80    0000001f     UNINITIALIZED
                  00006c80    0000001f     F2806x_GlobalVariableDefs.obj (HRCap3RegsFile)

HRCap4RegsFile 
*          1    00006ca0    0000001f     UNINITIALIZED
                  00006ca0    0000001f     F2806x_GlobalVariableDefs.obj (HRCap4RegsFile)

GpioCtrlRegsFile 
*          1    00006f80    00000040     UNINITIALIZED
                  00006f80    00000040     F2806x_GlobalVariableDefs.obj (GpioCtrlRegsFile)

GpioDataRegsFile 
*          1    00006fc0    00000020     UNINITIALIZED
                  00006fc0    00000020     F2806x_GlobalVariableDefs.obj (GpioDataRegsFile)

GpioIntRegsFile 
*          1    00006fe0    00000020     UNINITIALIZED
                  00006fe0    00000020     F2806x_GlobalVariableDefs.obj (GpioIntRegsFile)

SysCtrlRegsFile 
*          1    00007010    00000030     UNINITIALIZED
                  00007010    00000030     F2806x_GlobalVariableDefs.obj (SysCtrlRegsFile)

SpiaRegsFile 
*          1    00007040    00000010     UNINITIALIZED
                  00007040    00000010     F2806x_GlobalVariableDefs.obj (SpiaRegsFile)

SciaRegsFile 
*          1    00007050    00000010     UNINITIALIZED
                  00007050    00000010     F2806x_GlobalVariableDefs.obj (SciaRegsFile)

NmiIntruptRegsFile 
*          1    00007060    00000010     UNINITIALIZED
                  00007060    00000010     F2806x_GlobalVariableDefs.obj (NmiIntruptRegsFile)

XIntruptRegsFile 
*          1    00007070    00000010     UNINITIALIZED
                  00007070    00000010     F2806x_GlobalVariableDefs.obj (XIntruptRegsFile)

AdcRegsFile 
*          1    00007100    00000050     UNINITIALIZED
                  00007100    00000050     F2806x_GlobalVariableDefs.obj (AdcRegsFile)

SpibRegsFile 
*          1    00007740    00000010     UNINITIALIZED
                  00007740    00000010     F2806x_GlobalVariableDefs.obj (SpibRegsFile)

ScibRegsFile 
*          1    00007750    00000010     UNINITIALIZED
                  00007750    00000010     F2806x_GlobalVariableDefs.obj (ScibRegsFile)

I2caRegsFile 
*          1    00007900    00000022     UNINITIALIZED
                  00007900    00000022     F2806x_GlobalVariableDefs.obj (I2caRegsFile)

.ebss      1    0000a000    00000158     UNINITIALIZED
                  0000a000    000000f4     main.obj (.ebss)
                  0000a0f4    00000004     rts2800_fpu32.lib : _lock.obj (.ebss)
                  0000a0f8    00000004                       : exit.obj (.ebss)
                  0000a0fc    00000001                       : errno.obj (.ebss)
                  0000a0fd    00000003     --HOLE--
                  0000a100    0000002b     SD_SPI_Initialization.obj (.ebss)
                  0000a12b    00000015     --HOLE--
                  0000a140    00000018     F2806x_CpuTimers.obj (.ebss)

.econst    1    0000a158    0000010a     
                  0000a158    00000100     F2806x_PieVect.obj (.econst)
                  0000a258    0000000a     main.obj (.econst)

PartIdRegsFile 
*          1    003d7e80    00000001     UNINITIALIZED
                  003d7e80    00000001     F2806x_GlobalVariableDefs.obj (PartIdRegsFile)

CsmPwlFile 
*          1    003f7ff8    00000008     UNINITIALIZED
                  003f7ff8    00000008     F2806x_GlobalVariableDefs.obj (CsmPwlFile)


GLOBAL DATA SYMBOLS: SORTED BY DATA PAGE

address     data page           name
--------    ----------------    ----
00000400      10 (00000400)     __stack

00000880      22 (00000880)     _DevEmuRegs

00000985      26 (00000980)     _SysPwrCtrlRegs

00000a80      2a (00000a80)     _FlashRegs

00000ae0      2b (00000ac0)     _CsmRegs

00000b00      2c (00000b00)     _AdcResult

00000c00      30 (00000c00)     _CpuTimer0Regs
00000c08      30 (00000c00)     _CpuTimer1Regs
00000c10      30 (00000c00)     _CpuTimer2Regs

00000ce0      33 (00000cc0)     _PieCtrlRegs

00000d00      34 (00000d00)     _EmuKey
00000d00      34 (00000d00)     _PieVectTable
00000d01      34 (00000d00)     _EmuBMode
00000d02      34 (00000d00)     _Flash_CallbackPtr
00000d04      34 (00000d00)     _Flash_CPUScaleFactor

00001000      40 (00001000)     _DmaRegs

00001400      50 (00001400)     _Cla1Regs

00004000     100 (00004000)     _Usb0Regs

00005000     140 (00005000)     _McbspaRegs

00006000     180 (00006000)     _ECanaRegs

00006040     181 (00006040)     _ECanaLAMRegs

00006080     182 (00006080)     _ECanaMOTSRegs

000060c0     183 (000060c0)     _ECanaMOTORegs

00006100     184 (00006100)     _ECanaMboxes

00006400     190 (00006400)     _Comp1Regs
00006420     190 (00006400)     _Comp2Regs

00006440     191 (00006440)     _Comp3Regs

00006800     1a0 (00006800)     _EPwm1Regs

00006840     1a1 (00006840)     _EPwm2Regs

00006880     1a2 (00006880)     _EPwm3Regs

000068c0     1a3 (000068c0)     _EPwm4Regs

00006900     1a4 (00006900)     _EPwm5Regs

00006940     1a5 (00006940)     _EPwm6Regs

00006980     1a6 (00006980)     _EPwm7Regs

000069c0     1a7 (000069c0)     _EPwm8Regs

00006a00     1a8 (00006a00)     _ECap1Regs
00006a20     1a8 (00006a00)     _ECap2Regs

00006a40     1a9 (00006a40)     _ECap3Regs

00006ac0     1ab (00006ac0)     _HRCap1Regs
00006ae0     1ab (00006ac0)     _HRCap2Regs

00006b00     1ac (00006b00)     _EQep1Regs

00006b40     1ad (00006b40)     _EQep2Regs

00006c80     1b2 (00006c80)     _HRCap3Regs
00006ca0     1b2 (00006c80)     _HRCap4Regs

00006f80     1be (00006f80)     _GpioCtrlRegs

00006fc0     1bf (00006fc0)     _GpioDataRegs
00006fe0     1bf (00006fc0)     _GpioIntRegs

00007010     1c0 (00007000)     _SysCtrlRegs

00007040     1c1 (00007040)     _SpiaRegs
00007050     1c1 (00007040)     _SciaRegs
00007060     1c1 (00007040)     _NmiIntruptRegs
00007070     1c1 (00007040)     _XIntruptRegs

00007100     1c4 (00007100)     _AdcRegs

00007740     1dd (00007740)     _SpibRegs
00007750     1dd (00007740)     _ScibRegs

00007900     1e4 (00007900)     _I2caRegs

0000a000     280 (0000a000)     _T_CZEKAJ
0000a001     280 (0000a000)     _T_WZBUDZENIE
0000a002     280 (0000a000)     _Command_Mode
0000a003     280 (0000a000)     _i
0000a004     280 (0000a000)     _EncoderData
0000a006     280 (0000a000)     _Amp
0000a008     280 (0000a000)     _theta
0000a00a     280 (0000a000)     _fi
0000a00c     280 (0000a000)     _dutyC
0000a00e     280 (0000a000)     _Angle
0000a010     280 (0000a000)     _Position
0000a012     280 (0000a000)     _praca
0000a014     280 (0000a000)     _EncoderData2
0000a016     280 (0000a000)     _dutyB
0000a018     280 (0000a000)     _IBlpfVAL
0000a01a     280 (0000a000)     _IBlpf
0000a01c     280 (0000a000)     _IClpf
0000a01e     280 (0000a000)     _UdclpfVAL
0000a020     280 (0000a000)     _IClpfVAL
0000a022     280 (0000a000)     _Rev
0000a024     280 (0000a000)     _IB
0000a026     280 (0000a000)     _IC
0000a028     280 (0000a000)     _dutyA
0000a02a     280 (0000a000)     _Udc
0000a02c     280 (0000a000)     _PomiaryARTBAU

0000a040     281 (0000a040)     _ARTBAU

0000a080     282 (0000a080)     _t

0000a0c0     283 (0000a0c0)     _ECanaShadow
0000a0f4     283 (0000a0c0)     __unlock
0000a0f6     283 (0000a0c0)     __lock
0000a0f8     283 (0000a0c0)     ___TI_cleanup_ptr
0000a0fa     283 (0000a0c0)     ___TI_dtors_ptr
0000a0fc     283 (0000a0c0)     _errno

0000a100     284 (0000a100)     _data_manipulation
0000a101     284 (0000a100)     _response
0000a102     284 (0000a100)     _crc_enabled
0000a103     284 (0000a100)     _high_capacity
0000a104     284 (0000a100)     _card_status
0000a106     284 (0000a100)     _ocr_contents
0000a10b     284 (0000a100)     _csd_contents
0000a11b     284 (0000a100)     _cid_contents

0000a140     285 (0000a140)     _CpuTimer1
0000a148     285 (0000a140)     _CpuTimer2
0000a150     285 (0000a140)     _CpuTimer0
0000a158     285 (0000a140)     _PieVectTableInit

0000a258     289 (0000a240)     _RCi1
0000a25a     289 (0000a240)     _DWAPI
0000a25c     289 (0000a240)     _RCug1
0000a25e     289 (0000a240)     _PAIRS_OF_POLES
0000a260     289 (0000a240)     _PI

003d7e80    f5fa (003d7e80)     _PartIdRegs

003f7ff8    fdff (003f7fc0)     _CsmPwl


GLOBAL SYMBOLS: SORTED ALPHABETICALLY BY Name 

address    name
--------   ----
00010000   .text
00010e8b   C$$EXIT
00010c86   FS$$DIV
00010614   _ADCINT1_ISR
0001061e   _ADCINT2_ISR
00010826   _ADCINT3_ISR
00010830   _ADCINT4_ISR
0001083a   _ADCINT5_ISR
00010844   _ADCINT6_ISR
0001084e   _ADCINT7_ISR
00010858   _ADCINT8_ISR
0001063c   _ADCINT9_ISR
0000a040   _ARTBAU
00010963   _AdcChanSelect
000109d8   _AdcConversion
0001093c   _AdcOffsetSelfCal
00007100   _AdcRegs
00000b00   _AdcResult
0000a006   _Amp
0000a00e   _Angle
00010862   _CLA1_INT1_ISR
0001086c   _CLA1_INT2_ISR
00010876   _CLA1_INT3_ISR
00010880   _CLA1_INT4_ISR
0001088a   _CLA1_INT5_ISR
00010894   _CLA1_INT6_ISR
0001089e   _CLA1_INT7_ISR
000108a8   _CLA1_INT8_ISR
00001400   _Cla1Regs
0000a002   _Command_Mode
00006400   _Comp1Regs
00006420   _Comp2Regs
00006440   _Comp3Regs
00010d49   _ConfigCpuTimer
0001033c   _ConfigECan
00010184   _ConfigEPwm
00010102   _ConfigSSIGpio
0000a150   _CpuTimer0
00000c00   _CpuTimer0Regs
0000a140   _CpuTimer1
00000c08   _CpuTimer1Regs
0000a148   _CpuTimer2
00000c10   _CpuTimer2Regs
003f7ff8   _CsmPwl
00000ae0   _CsmRegs
00010c07   _CsmUnlock
0001056a   _DATALOG_ISR
0001079a   _DINTCH1_ISR
000107a4   _DINTCH2_ISR
000107ae   _DINTCH3_ISR
000107b8   _DINTCH4_ISR
000107c2   _DINTCH5_ISR
000107cc   _DINTCH6_ISR
00008329   _DSP28x_usDelay
0000a25a   _DWAPI
00000880   _DevEmuRegs
00010b23   _DisableDog
00001000   _DmaRegs
00010812   _ECAN0INTA_ISR
0001081c   _ECAN1INTA_ISR
000106fa   _ECAP1_INT_ISR
00010704   _ECAP2_INT_ISR
0001070e   _ECAP3_INT_ISR
00006040   _ECanaLAMRegs
000060c0   _ECanaMOTORegs
00006080   _ECanaMOTSRegs
00006100   _ECanaMboxes
00006000   _ECanaRegs
0000a0c0   _ECanaShadow
00006a00   _ECap1Regs
00006a20   _ECap2Regs
00006a40   _ECap3Regs
000108d0   _EMPTY_ISR
0001057e   _EMUINT_ISR
000106aa   _EPWM1_INT_ISR
0001065a   _EPWM1_TZINT_ISR
000106b4   _EPWM2_INT_ISR
00010664   _EPWM2_TZINT_ISR
000106be   _EPWM3_INT_ISR
0001066e   _EPWM3_TZINT_ISR
000106c8   _EPWM4_INT_ISR
00010678   _EPWM4_TZINT_ISR
000106d2   _EPWM5_INT_ISR
00010682   _EPWM5_TZINT_ISR
000106dc   _EPWM6_INT_ISR
0001068c   _EPWM6_TZINT_ISR
000106e6   _EPWM7_INT_ISR
00010696   _EPWM7_TZINT_ISR
000106f0   _EPWM8_INT_ISR
000106a0   _EPWM8_TZINT_ISR
00006800   _EPwm1Regs
00006840   _EPwm2Regs
00006880   _EPwm3Regs
000068c0   _EPwm4Regs
00006900   _EPwm5Regs
00006940   _EPwm6Regs
00006980   _EPwm7Regs
000069c0   _EPwm8Regs
000082d8   _EPwm_Control2
0001022e   _EPwm_Control_OUTPUT
0001072c   _EQEP1_INT_ISR
00010736   _EQEP2_INT_ISR
00006b00   _EQep1Regs
00006b40   _EQep2Regs
00000d01   _EmuBMode
00000d00   _EmuKey
00010e44   _EnableInterrupts
0000a004   _EncoderData
0000a014   _EncoderData2
00010c70   _ExtOscSel
00000a80   _FlashRegs
00000d04   _Flash_CPUScaleFactor
00000d02   _Flash_CallbackPtr
00006f80   _GpioCtrlRegs
00006fc0   _GpioDataRegs
00006fe0   _GpioIntRegs
0001013f   _GrayToBin
00010718   _HRCAP1_INT_ISR
00010722   _HRCAP2_INT_ISR
00010740   _HRCAP3_INT_ISR
0001074a   _HRCAP4_INT_ISR
00006ac0   _HRCap1Regs
00006ae0   _HRCap2Regs
00006c80   _HRCap3Regs
00006ca0   _HRCap4Regs
000107d6   _I2CINT1A_ISR
000107e0   _I2CINT2A_ISR
00007900   _I2caRegs
0000a024   _IB
0000a01a   _IBlpf
0000a018   _IBlpfVAL
0000a026   _IC
0000a01c   _IClpf
0000a020   _IClpfVAL
00010592   _ILLEGAL_ISR
00010556   _INT13_ISR
00010560   _INT14_ISR
000108f1   _InitAdc
0001091a   _InitAdcAio
00010d0e   _InitCpuTimers
000102e0   _InitECan
0001024f   _InitECanGpio
00010265   _InitECana
00010000   _InitEPwm1Gpio
00010012   _InitEPwm2Gpio
00010024   _InitEPwm3Gpio
00010038   _InitEPwm4Gpio
0001004c   _InitEPwm5Gpio
0001005e   _InitEPwm6Gpio
00010070   _InitEPwm7Gpio
00010082   _InitEPwm8Gpio
00010094   _InitEncoderGpio
000100b6   _InitOutputs
00010bad   _InitPeripheralClocks
00010e25   _InitPieCtrl
00010e4d   _InitPieVectTable
00010b2b   _InitPll
00010b7f   _InitPll2
000100f2   _InitSSIGpio
00010aff   _InitSysCtrl
00010c38   _IntOsc1Sel
00010c48   _IntOsc2Sel
000108c6   _LUF_ISR
000108bc   _LVF_ISR
00010786   _MRINTA_ISR
00010790   _MXINTA_ISR
00005000   _McbspaRegs
00010588   _NMI_ISR
00007060   _NmiIntruptRegs
0000a25e   _PAIRS_OF_POLES
0000a260   _PI
000108dd   _PIE_RESERVED
003d7e80   _PartIdRegs
00000ce0   _PieCtrlRegs
00000d00   _PieVectTable
0000a158   _PieVectTableInit
0000a02c   _PomiaryARTBAU
0000a010   _Position
0000a258   _RCi1
0000a25c   _RCug1
00010574   _RTOSINT_ISR
00010107   _ReadSSIEncoder
0000a022   _Rev
000107ea   _SCIRXINTA_ISR
000107fe   _SCIRXINTB_ISR
000107f4   _SCITXINTA_ISR
00010808   _SCITXINTB_ISR
0001075e   _SPIRXINTA_ISR
00010772   _SPIRXINTB_ISR
00010768   _SPITXINTA_ISR
0001077c   _SPITXINTB_ISR
00007050   _SciaRegs
00007750   _ScibRegs
00010b19   _ServiceDog
00007040   _SpiaRegs
00007740   _SpibRegs
00007010   _SysCtrlRegs
00000985   _SysPwrCtrlRegs
00010646   _TINT0_ISR
0000a000   _T_CZEKAJ
0000a001   _T_WZBUDZENIE
00010754   _USB0_INT_ISR
000105f6   _USER10_ISR
00010600   _USER11_ISR
0001060a   _USER12_ISR
0001059c   _USER1_ISR
000105a6   _USER2_ISR
000105b0   _USER3_ISR
000105ba   _USER4_ISR
000105c4   _USER5_ISR
000105ce   _USER6_ISR
000105d8   _USER7_ISR
000105e2   _USER8_ISR
000105ec   _USER9_ISR
0000a02a   _Udc
0000a01e   _UdclpfVAL
00004000   _Usb0Regs
00010650   _WAKEINT_ISR
00010628   _XINT1_ISR
00010632   _XINT2_ISR
000108b2   _XINT3_ISR
00007070   _XIntruptRegs
00010c5c   _XtalOscSel
00000700   __STACK_END
00000300   __STACK_SIZE
00000001   __TI_args_main
0000a0f8   ___TI_cleanup_ptr
0000a0fa   ___TI_dtors_ptr
ffffffff   ___binit__
ffffffff   ___c_args__
00000050   ___cinit__
00010eb5   ___etext__
ffffffff   ___pinit__
00010000   ___text__
00010e72   __args_main
0000a0f6   __lock
00010eac   __nop
00010ea8   __register_lock
00010ea4   __register_unlock
00000400   __stack
0000a0f4   __unlock
00010e8b   _abort
00010ddf   _c_int00
0000a104   _card_status
0000a11b   _cid_contents
00008000   _cpu_timer0_isr
0000a102   _crc_enabled
0000a10b   _csd_contents
0000a100   _data_manipulation
0000a028   _dutyA
0000a016   _dutyB
0000a00c   _dutyC
000103dd   _eCAN_setGID
00010404   _eCan_Transmit
0001041a   _eCan_Transmit2
0000a0fc   _errno
00010e8d   _exit
0000a00a   _fi
0000a103   _high_capacity
0000a003   _i
00010433   _main
0000827e   _maks
000082ab   _minx
0000a106   _ocr_contents
0000a012   _praca
00008227   _regulator_pi
0000a101   _response
000108e7   _rsvd_ISR
00010d87   _sin
0000a080   _t
0000a008   _theta
ffffffff   binit
00000050   cinit
00000000   code_start
00010eb5   etext
ffffffff   pinit


GLOBAL SYMBOLS: SORTED BY Symbol Address 

address    name
--------   ----
00000000   code_start
00000001   __TI_args_main
00000050   ___cinit__
00000050   cinit
00000300   __STACK_SIZE
00000400   __stack
00000700   __STACK_END
00000880   _DevEmuRegs
00000985   _SysPwrCtrlRegs
00000a80   _FlashRegs
00000ae0   _CsmRegs
00000b00   _AdcResult
00000c00   _CpuTimer0Regs
00000c08   _CpuTimer1Regs
00000c10   _CpuTimer2Regs
00000ce0   _PieCtrlRegs
00000d00   _EmuKey
00000d00   _PieVectTable
00000d01   _EmuBMode
00000d02   _Flash_CallbackPtr
00000d04   _Flash_CPUScaleFactor
00001000   _DmaRegs
00001400   _Cla1Regs
00004000   _Usb0Regs
00005000   _McbspaRegs
00006000   _ECanaRegs
00006040   _ECanaLAMRegs
00006080   _ECanaMOTSRegs
000060c0   _ECanaMOTORegs
00006100   _ECanaMboxes
00006400   _Comp1Regs
00006420   _Comp2Regs
00006440   _Comp3Regs
00006800   _EPwm1Regs
00006840   _EPwm2Regs
00006880   _EPwm3Regs
000068c0   _EPwm4Regs
00006900   _EPwm5Regs
00006940   _EPwm6Regs
00006980   _EPwm7Regs
000069c0   _EPwm8Regs
00006a00   _ECap1Regs
00006a20   _ECap2Regs
00006a40   _ECap3Regs
00006ac0   _HRCap1Regs
00006ae0   _HRCap2Regs
00006b00   _EQep1Regs
00006b40   _EQep2Regs
00006c80   _HRCap3Regs
00006ca0   _HRCap4Regs
00006f80   _GpioCtrlRegs
00006fc0   _GpioDataRegs
00006fe0   _GpioIntRegs
00007010   _SysCtrlRegs
00007040   _SpiaRegs
00007050   _SciaRegs
00007060   _NmiIntruptRegs
00007070   _XIntruptRegs
00007100   _AdcRegs
00007740   _SpibRegs
00007750   _ScibRegs
00007900   _I2caRegs
00008000   _cpu_timer0_isr
00008227   _regulator_pi
0000827e   _maks
000082ab   _minx
000082d8   _EPwm_Control2
00008329   _DSP28x_usDelay
0000a000   _T_CZEKAJ
0000a001   _T_WZBUDZENIE
0000a002   _Command_Mode
0000a003   _i
0000a004   _EncoderData
0000a006   _Amp
0000a008   _theta
0000a00a   _fi
0000a00c   _dutyC
0000a00e   _Angle
0000a010   _Position
0000a012   _praca
0000a014   _EncoderData2
0000a016   _dutyB
0000a018   _IBlpfVAL
0000a01a   _IBlpf
0000a01c   _IClpf
0000a01e   _UdclpfVAL
0000a020   _IClpfVAL
0000a022   _Rev
0000a024   _IB
0000a026   _IC
0000a028   _dutyA
0000a02a   _Udc
0000a02c   _PomiaryARTBAU
0000a040   _ARTBAU
0000a080   _t
0000a0c0   _ECanaShadow
0000a0f4   __unlock
0000a0f6   __lock
0000a0f8   ___TI_cleanup_ptr
0000a0fa   ___TI_dtors_ptr
0000a0fc   _errno
0000a100   _data_manipulation
0000a101   _response
0000a102   _crc_enabled
0000a103   _high_capacity
0000a104   _card_status
0000a106   _ocr_contents
0000a10b   _csd_contents
0000a11b   _cid_contents
0000a140   _CpuTimer1
0000a148   _CpuTimer2
0000a150   _CpuTimer0
0000a158   _PieVectTableInit
0000a258   _RCi1
0000a25a   _DWAPI
0000a25c   _RCug1
0000a25e   _PAIRS_OF_POLES
0000a260   _PI
00010000   .text
00010000   _InitEPwm1Gpio
00010000   ___text__
00010012   _InitEPwm2Gpio
00010024   _InitEPwm3Gpio
00010038   _InitEPwm4Gpio
0001004c   _InitEPwm5Gpio
0001005e   _InitEPwm6Gpio
00010070   _InitEPwm7Gpio
00010082   _InitEPwm8Gpio
00010094   _InitEncoderGpio
000100b6   _InitOutputs
000100f2   _InitSSIGpio
00010102   _ConfigSSIGpio
00010107   _ReadSSIEncoder
0001013f   _GrayToBin
00010184   _ConfigEPwm
0001022e   _EPwm_Control_OUTPUT
0001024f   _InitECanGpio
00010265   _InitECana
000102e0   _InitECan
0001033c   _ConfigECan
000103dd   _eCAN_setGID
00010404   _eCan_Transmit
0001041a   _eCan_Transmit2
00010433   _main
00010556   _INT13_ISR
00010560   _INT14_ISR
0001056a   _DATALOG_ISR
00010574   _RTOSINT_ISR
0001057e   _EMUINT_ISR
00010588   _NMI_ISR
00010592   _ILLEGAL_ISR
0001059c   _USER1_ISR
000105a6   _USER2_ISR
000105b0   _USER3_ISR
000105ba   _USER4_ISR
000105c4   _USER5_ISR
000105ce   _USER6_ISR
000105d8   _USER7_ISR
000105e2   _USER8_ISR
000105ec   _USER9_ISR
000105f6   _USER10_ISR
00010600   _USER11_ISR
0001060a   _USER12_ISR
00010614   _ADCINT1_ISR
0001061e   _ADCINT2_ISR
00010628   _XINT1_ISR
00010632   _XINT2_ISR
0001063c   _ADCINT9_ISR
00010646   _TINT0_ISR
00010650   _WAKEINT_ISR
0001065a   _EPWM1_TZINT_ISR
00010664   _EPWM2_TZINT_ISR
0001066e   _EPWM3_TZINT_ISR
00010678   _EPWM4_TZINT_ISR
00010682   _EPWM5_TZINT_ISR
0001068c   _EPWM6_TZINT_ISR
00010696   _EPWM7_TZINT_ISR
000106a0   _EPWM8_TZINT_ISR
000106aa   _EPWM1_INT_ISR
000106b4   _EPWM2_INT_ISR
000106be   _EPWM3_INT_ISR
000106c8   _EPWM4_INT_ISR
000106d2   _EPWM5_INT_ISR
000106dc   _EPWM6_INT_ISR
000106e6   _EPWM7_INT_ISR
000106f0   _EPWM8_INT_ISR
000106fa   _ECAP1_INT_ISR
00010704   _ECAP2_INT_ISR
0001070e   _ECAP3_INT_ISR
00010718   _HRCAP1_INT_ISR
00010722   _HRCAP2_INT_ISR
0001072c   _EQEP1_INT_ISR
00010736   _EQEP2_INT_ISR
00010740   _HRCAP3_INT_ISR
0001074a   _HRCAP4_INT_ISR
00010754   _USB0_INT_ISR
0001075e   _SPIRXINTA_ISR
00010768   _SPITXINTA_ISR
00010772   _SPIRXINTB_ISR
0001077c   _SPITXINTB_ISR
00010786   _MRINTA_ISR
00010790   _MXINTA_ISR
0001079a   _DINTCH1_ISR
000107a4   _DINTCH2_ISR
000107ae   _DINTCH3_ISR
000107b8   _DINTCH4_ISR
000107c2   _DINTCH5_ISR
000107cc   _DINTCH6_ISR
000107d6   _I2CINT1A_ISR
000107e0   _I2CINT2A_ISR
000107ea   _SCIRXINTA_ISR
000107f4   _SCITXINTA_ISR
000107fe   _SCIRXINTB_ISR
00010808   _SCITXINTB_ISR
00010812   _ECAN0INTA_ISR
0001081c   _ECAN1INTA_ISR
00010826   _ADCINT3_ISR
00010830   _ADCINT4_ISR
0001083a   _ADCINT5_ISR
00010844   _ADCINT6_ISR
0001084e   _ADCINT7_ISR
00010858   _ADCINT8_ISR
00010862   _CLA1_INT1_ISR
0001086c   _CLA1_INT2_ISR
00010876   _CLA1_INT3_ISR
00010880   _CLA1_INT4_ISR
0001088a   _CLA1_INT5_ISR
00010894   _CLA1_INT6_ISR
0001089e   _CLA1_INT7_ISR
000108a8   _CLA1_INT8_ISR
000108b2   _XINT3_ISR
000108bc   _LVF_ISR
000108c6   _LUF_ISR
000108d0   _EMPTY_ISR
000108dd   _PIE_RESERVED
000108e7   _rsvd_ISR
000108f1   _InitAdc
0001091a   _InitAdcAio
0001093c   _AdcOffsetSelfCal
00010963   _AdcChanSelect
000109d8   _AdcConversion
00010aff   _InitSysCtrl
00010b19   _ServiceDog
00010b23   _DisableDog
00010b2b   _InitPll
00010b7f   _InitPll2
00010bad   _InitPeripheralClocks
00010c07   _CsmUnlock
00010c38   _IntOsc1Sel
00010c48   _IntOsc2Sel
00010c5c   _XtalOscSel
00010c70   _ExtOscSel
00010c86   FS$$DIV
00010d0e   _InitCpuTimers
00010d49   _ConfigCpuTimer
00010d87   _sin
00010ddf   _c_int00
00010e25   _InitPieCtrl
00010e44   _EnableInterrupts
00010e4d   _InitPieVectTable
00010e72   __args_main
00010e8b   C$$EXIT
00010e8b   _abort
00010e8d   _exit
00010ea4   __register_unlock
00010ea8   __register_lock
00010eac   __nop
00010eb5   ___etext__
00010eb5   etext
003d7e80   _PartIdRegs
003f7ff8   _CsmPwl
ffffffff   ___binit__
ffffffff   ___c_args__
ffffffff   ___pinit__
ffffffff   binit
ffffffff   pinit

[276 symbols]
