<?xml version="1.0"?>
<link_info>
   <banner>TMS320C2000 Linker PC v6.2.9</banner>
   <copyright>Copyright (c) 1996-2014 Texas Instruments Incorporated</copyright>
   <link_time>0x54b7e3f2</link_time>
   <link_errors>0x0</link_errors>
   <output_file>BLDC-Parker.out</output_file>
   <entry_point>
      <name>_c_int00</name>
      <address>0x10ddf</address>
   </entry_point>
   <input_file_list>
      <input_file id="fl-2">
         <path>.\</path>
         <kind>object</kind>
         <file>SD_funkcje.obj</file>
         <name>SD_funkcje.obj</name>
      </input_file>
      <input_file id="fl-3">
         <path>.\</path>
         <kind>object</kind>
         <file>main.obj</file>
         <name>main.obj</name>
      </input_file>
      <input_file id="fl-4">
         <path>.\</path>
         <kind>object</kind>
         <file>transformacje.obj</file>
         <name>transformacje.obj</name>
      </input_file>
      <input_file id="fl-5">
         <path>.\source\</path>
         <kind>object</kind>
         <file>DSP280x_Spi.obj</file>
         <name>DSP280x_Spi.obj</name>
      </input_file>
      <input_file id="fl-6">
         <path>.\source\</path>
         <kind>object</kind>
         <file>F2806x_Adc.obj</file>
         <name>F2806x_Adc.obj</name>
      </input_file>
      <input_file id="fl-7">
         <path>.\source\</path>
         <kind>object</kind>
         <file>F2806x_CodeStartBranch.obj</file>
         <name>F2806x_CodeStartBranch.obj</name>
      </input_file>
      <input_file id="fl-8">
         <path>.\source\</path>
         <kind>object</kind>
         <file>F2806x_CpuTimers.obj</file>
         <name>F2806x_CpuTimers.obj</name>
      </input_file>
      <input_file id="fl-9">
         <path>.\source\</path>
         <kind>object</kind>
         <file>F2806x_DefaultIsr.obj</file>
         <name>F2806x_DefaultIsr.obj</name>
      </input_file>
      <input_file id="fl-a">
         <path>.\source\</path>
         <kind>object</kind>
         <file>F2806x_GlobalVariableDefs.obj</file>
         <name>F2806x_GlobalVariableDefs.obj</name>
      </input_file>
      <input_file id="fl-b">
         <path>.\source\</path>
         <kind>object</kind>
         <file>F2806x_Gpio.obj</file>
         <name>F2806x_Gpio.obj</name>
      </input_file>
      <input_file id="fl-c">
         <path>.\source\</path>
         <kind>object</kind>
         <file>F2806x_MemCopy.obj</file>
         <name>F2806x_MemCopy.obj</name>
      </input_file>
      <input_file id="fl-d">
         <path>.\source\</path>
         <kind>object</kind>
         <file>F2806x_PieCtrl.obj</file>
         <name>F2806x_PieCtrl.obj</name>
      </input_file>
      <input_file id="fl-e">
         <path>.\source\</path>
         <kind>object</kind>
         <file>F2806x_PieVect.obj</file>
         <name>F2806x_PieVect.obj</name>
      </input_file>
      <input_file id="fl-f">
         <path>.\source\</path>
         <kind>object</kind>
         <file>F2806x_SysCtrl.obj</file>
         <name>F2806x_SysCtrl.obj</name>
      </input_file>
      <input_file id="fl-10">
         <path>.\source\</path>
         <kind>object</kind>
         <file>F2806x_usDelay.obj</file>
         <name>F2806x_usDelay.obj</name>
      </input_file>
      <input_file id="fl-11">
         <path>.\source\</path>
         <kind>object</kind>
         <file>SD_SPI_Erase.obj</file>
         <name>SD_SPI_Erase.obj</name>
      </input_file>
      <input_file id="fl-12">
         <path>.\source\</path>
         <kind>object</kind>
         <file>SD_SPI_Initialization.obj</file>
         <name>SD_SPI_Initialization.obj</name>
      </input_file>
      <input_file id="fl-13">
         <path>.\source\</path>
         <kind>object</kind>
         <file>SD_SPI_Read.obj</file>
         <name>SD_SPI_Read.obj</name>
      </input_file>
      <input_file id="fl-14">
         <path>.\source\</path>
         <kind>object</kind>
         <file>SD_SPI_Registers.obj</file>
         <name>SD_SPI_Registers.obj</name>
      </input_file>
      <input_file id="fl-15">
         <path>.\source\</path>
         <kind>object</kind>
         <file>SD_SPI_Transmission.obj</file>
         <name>SD_SPI_Transmission.obj</name>
      </input_file>
      <input_file id="fl-16">
         <path>.\source\</path>
         <kind>object</kind>
         <file>SD_SPI_Write.obj</file>
         <name>SD_SPI_Write.obj</name>
      </input_file>
      <input_file id="fl-1b">
         <path>c:\ti\ccsv6\tools\compiler\c2000_6.2.9\lib\</path>
         <kind>archive</kind>
         <file>rts2800_fpu32.lib</file>
         <name>atan2.obj</name>
      </input_file>
      <input_file id="fl-1c">
         <path>c:\ti\ccsv6\tools\compiler\c2000_6.2.9\lib\</path>
         <kind>archive</kind>
         <file>rts2800_fpu32.lib</file>
         <name>boot.obj</name>
      </input_file>
      <input_file id="fl-1d">
         <path>c:\ti\ccsv6\tools\compiler\c2000_6.2.9\lib\</path>
         <kind>archive</kind>
         <file>rts2800_fpu32.lib</file>
         <name>cos.obj</name>
      </input_file>
      <input_file id="fl-1e">
         <path>c:\ti\ccsv6\tools\compiler\c2000_6.2.9\lib\</path>
         <kind>archive</kind>
         <file>rts2800_fpu32.lib</file>
         <name>errno.obj</name>
      </input_file>
      <input_file id="fl-1f">
         <path>c:\ti\ccsv6\tools\compiler\c2000_6.2.9\lib\</path>
         <kind>archive</kind>
         <file>rts2800_fpu32.lib</file>
         <name>exit.obj</name>
      </input_file>
      <input_file id="fl-20">
         <path>c:\ti\ccsv6\tools\compiler\c2000_6.2.9\lib\</path>
         <kind>archive</kind>
         <file>rts2800_fpu32.lib</file>
         <name>frexp.obj</name>
      </input_file>
      <input_file id="fl-21">
         <path>c:\ti\ccsv6\tools\compiler\c2000_6.2.9\lib\</path>
         <kind>archive</kind>
         <file>rts2800_fpu32.lib</file>
         <name>fs_div.obj</name>
      </input_file>
      <input_file id="fl-22">
         <path>c:\ti\ccsv6\tools\compiler\c2000_6.2.9\lib\</path>
         <kind>archive</kind>
         <file>rts2800_fpu32.lib</file>
         <name>sin.obj</name>
      </input_file>
      <input_file id="fl-23">
         <path>c:\ti\ccsv6\tools\compiler\c2000_6.2.9\lib\</path>
         <kind>archive</kind>
         <file>rts2800_fpu32.lib</file>
         <name>sqrt.obj</name>
      </input_file>
      <input_file id="fl-24">
         <path>c:\ti\ccsv6\tools\compiler\c2000_6.2.9\lib\</path>
         <kind>archive</kind>
         <file>rts2800_fpu32.lib</file>
         <name>_lock.obj</name>
      </input_file>
      <input_file id="fl-25">
         <path>c:\ti\ccsv6\tools\compiler\c2000_6.2.9\lib\</path>
         <kind>archive</kind>
         <file>rts2800_fpu32.lib</file>
         <name>args_main.obj</name>
      </input_file>
   </input_file_list>
   <object_component_list>
      <object_component id="oc-67">
         <name>codestart</name>
         <load_address>0x0</load_address>
         <run_address>0x0</run_address>
         <size>0x2</size>
         <input_file_ref idref="fl-7"/>
      </object_component>
      <object_component id="oc-56">
         <name>ramfuncs:retain</name>
         <load_address>0x8000</load_address>
         <run_address>0x8000</run_address>
         <size>0x227</size>
         <input_file_ref idref="fl-3"/>
      </object_component>
      <object_component id="oc-116">
         <name>ramfuncs</name>
         <load_address>0x8227</load_address>
         <run_address>0x8227</run_address>
         <size>0x102</size>
         <input_file_ref idref="fl-3"/>
      </object_component>
      <object_component id="oc-c5">
         <name>ramfuncs</name>
         <load_address>0x8329</load_address>
         <run_address>0x8329</run_address>
         <size>0x4</size>
         <input_file_ref idref="fl-10"/>
      </object_component>
      <object_component id="oc-119">
         <name>.text</name>
         <load_address>0x10000</load_address>
         <run_address>0x10000</run_address>
         <size>0x556</size>
         <input_file_ref idref="fl-3"/>
      </object_component>
      <object_component id="oc-71">
         <name>.text:retain</name>
         <load_address>0x10556</load_address>
         <run_address>0x10556</run_address>
         <size>0x39b</size>
         <input_file_ref idref="fl-9"/>
      </object_component>
      <object_component id="oc-11e">
         <name>.text</name>
         <load_address>0x108f1</load_address>
         <run_address>0x108f1</run_address>
         <size>0x20e</size>
         <input_file_ref idref="fl-6"/>
      </object_component>
      <object_component id="oc-11a">
         <name>.text</name>
         <load_address>0x10aff</load_address>
         <run_address>0x10aff</run_address>
         <size>0x187</size>
         <input_file_ref idref="fl-f"/>
      </object_component>
      <object_component id="oc-fe">
         <name>.text</name>
         <load_address>0x10c86</load_address>
         <run_address>0x10c86</run_address>
         <size>0x88</size>
         <input_file_ref idref="fl-21"/>
      </object_component>
      <object_component id="oc-11d">
         <name>.text</name>
         <load_address>0x10d0e</load_address>
         <run_address>0x10d0e</run_address>
         <size>0x79</size>
         <input_file_ref idref="fl-8"/>
      </object_component>
      <object_component id="oc-117">
         <name>.text</name>
         <load_address>0x10d87</load_address>
         <run_address>0x10d87</run_address>
         <size>0x58</size>
         <input_file_ref idref="fl-22"/>
      </object_component>
      <object_component id="oc-4d">
         <name>.text</name>
         <load_address>0x10ddf</load_address>
         <run_address>0x10ddf</run_address>
         <size>0x46</size>
         <input_file_ref idref="fl-1c"/>
      </object_component>
      <object_component id="oc-11b">
         <name>.text</name>
         <load_address>0x10e25</load_address>
         <run_address>0x10e25</run_address>
         <size>0x28</size>
         <input_file_ref idref="fl-d"/>
      </object_component>
      <object_component id="oc-11c">
         <name>.text</name>
         <load_address>0x10e4d</load_address>
         <run_address>0x10e4d</run_address>
         <size>0x25</size>
         <input_file_ref idref="fl-e"/>
      </object_component>
      <object_component id="oc-114">
         <name>.text</name>
         <load_address>0x10e72</load_address>
         <run_address>0x10e72</run_address>
         <size>0x19</size>
         <input_file_ref idref="fl-25"/>
      </object_component>
      <object_component id="oc-115">
         <name>.text</name>
         <load_address>0x10e8b</load_address>
         <run_address>0x10e8b</run_address>
         <size>0x19</size>
         <input_file_ref idref="fl-1f"/>
      </object_component>
      <object_component id="oc-118">
         <name>.text</name>
         <load_address>0x10ea4</load_address>
         <run_address>0x10ea4</run_address>
         <size>0x9</size>
         <input_file_ref idref="fl-24"/>
      </object_component>
      <object_component id="oc-66">
         <name>.text</name>
         <load_address>0x10ead</load_address>
         <run_address>0x10ead</run_address>
         <size>0x8</size>
         <input_file_ref idref="fl-7"/>
      </object_component>
      <object_component id="oc-53">
         <name>.cinit</name>
         <load_address>0x50</load_address>
         <run_address>0x50</run_address>
         <size>0x74</size>
         <input_file_ref idref="fl-3"/>
      </object_component>
      <object_component id="oc-ce">
         <name>.cinit</name>
         <load_address>0xc4</load_address>
         <run_address>0xc4</run_address>
         <size>0xc</size>
         <input_file_ref idref="fl-12"/>
      </object_component>
      <object_component id="oc-10b">
         <name>.cinit</name>
         <load_address>0xd0</load_address>
         <run_address>0xd0</run_address>
         <size>0xa</size>
         <input_file_ref idref="fl-24"/>
      </object_component>
      <object_component id="oc-f5">
         <name>.cinit</name>
         <load_address>0xda</load_address>
         <run_address>0xda</run_address>
         <size>0xa</size>
         <input_file_ref idref="fl-1f"/>
      </object_component>
      <object_component id="oc-f1">
         <name>.cinit</name>
         <load_address>0xe4</load_address>
         <run_address>0xe4</run_address>
         <size>0x4</size>
         <input_file_ref idref="fl-1e"/>
      </object_component>
      <object_component id="oc-e8">
         <name>.reset</name>
         <load_address>0x3fffc0</load_address>
         <run_address>0x3fffc0</run_address>
         <size>0x2</size>
         <input_file_ref idref="fl-1c"/>
      </object_component>
      <object_component id="oc-e7">
         <name>.stack</name>
         <uninitialized>true</uninitialized>
         <run_address>0x400</run_address>
         <size>0x0</size>
         <input_file_ref idref="fl-1c"/>
      </object_component>
      <object_component id="oc-171">
         <name>.stack</name>
         <uninitialized>true</uninitialized>
         <run_address>0x400</run_address>
         <size>0x0</size>
      </object_component>
      <object_component id="oc-54">
         <name>.ebss</name>
         <uninitialized>true</uninitialized>
         <run_address>0xa000</run_address>
         <size>0xf4</size>
         <input_file_ref idref="fl-3"/>
      </object_component>
      <object_component id="oc-6c">
         <name>.ebss</name>
         <uninitialized>true</uninitialized>
         <run_address>0xa140</run_address>
         <size>0x18</size>
         <input_file_ref idref="fl-8"/>
      </object_component>
      <object_component id="oc-cf">
         <name>.ebss</name>
         <uninitialized>true</uninitialized>
         <run_address>0xa100</run_address>
         <size>0x2b</size>
         <input_file_ref idref="fl-12"/>
      </object_component>
      <object_component id="oc-f2">
         <name>.ebss</name>
         <uninitialized>true</uninitialized>
         <run_address>0xa0fc</run_address>
         <size>0x1</size>
         <input_file_ref idref="fl-1e"/>
      </object_component>
      <object_component id="oc-f6">
         <name>.ebss</name>
         <uninitialized>true</uninitialized>
         <run_address>0xa0f8</run_address>
         <size>0x4</size>
         <input_file_ref idref="fl-1f"/>
      </object_component>
      <object_component id="oc-10c">
         <name>.ebss</name>
         <uninitialized>true</uninitialized>
         <run_address>0xa0f4</run_address>
         <size>0x4</size>
         <input_file_ref idref="fl-24"/>
      </object_component>
      <object_component id="oc-bd">
         <name>.econst</name>
         <load_address>0xa158</load_address>
         <run_address>0xa158</run_address>
         <size>0x100</size>
         <input_file_ref idref="fl-e"/>
      </object_component>
      <object_component id="oc-55">
         <name>.econst</name>
         <load_address>0xa258</load_address>
         <run_address>0xa258</run_address>
         <size>0xa</size>
         <input_file_ref idref="fl-3"/>
      </object_component>
      <object_component id="oc-ac">
         <name>PieVectTableFile</name>
         <uninitialized>true</uninitialized>
         <run_address>0xd00</run_address>
         <size>0x100</size>
         <input_file_ref idref="fl-a"/>
      </object_component>
      <object_component id="oc-77">
         <name>EmuKeyVar</name>
         <uninitialized>true</uninitialized>
         <run_address>0xd00</run_address>
         <size>0x1</size>
         <input_file_ref idref="fl-a"/>
      </object_component>
      <object_component id="oc-78">
         <name>EmuBModeVar</name>
         <uninitialized>true</uninitialized>
         <run_address>0xd01</run_address>
         <size>0x1</size>
         <input_file_ref idref="fl-a"/>
      </object_component>
      <object_component id="oc-79">
         <name>FlashCallbackVar</name>
         <uninitialized>true</uninitialized>
         <run_address>0xd02</run_address>
         <size>0x2</size>
         <input_file_ref idref="fl-a"/>
      </object_component>
      <object_component id="oc-7a">
         <name>FlashScalingVar</name>
         <uninitialized>true</uninitialized>
         <run_address>0xd04</run_address>
         <size>0x2</size>
         <input_file_ref idref="fl-a"/>
      </object_component>
      <object_component id="oc-7c">
         <name>DevEmuRegsFile</name>
         <uninitialized>true</uninitialized>
         <run_address>0x880</run_address>
         <size>0x4</size>
         <input_file_ref idref="fl-a"/>
      </object_component>
      <object_component id="oc-7b">
         <name>SysPwrCtrlRegsFile</name>
         <uninitialized>true</uninitialized>
         <run_address>0x985</run_address>
         <size>0x3</size>
         <input_file_ref idref="fl-a"/>
      </object_component>
      <object_component id="oc-84">
         <name>FlashRegsFile</name>
         <uninitialized>true</uninitialized>
         <run_address>0xa80</run_address>
         <size>0x8</size>
         <input_file_ref idref="fl-a"/>
      </object_component>
      <object_component id="oc-89">
         <name>CsmRegsFile</name>
         <uninitialized>true</uninitialized>
         <run_address>0xae0</run_address>
         <size>0x10</size>
         <input_file_ref idref="fl-a"/>
      </object_component>
      <object_component id="oc-8c">
         <name>AdcResultFile</name>
         <uninitialized>true</uninitialized>
         <run_address>0xb00</run_address>
         <size>0x10</size>
         <input_file_ref idref="fl-a"/>
      </object_component>
      <object_component id="oc-81">
         <name>CpuTimer0RegsFile</name>
         <uninitialized>true</uninitialized>
         <run_address>0xc00</run_address>
         <size>0x8</size>
         <input_file_ref idref="fl-a"/>
      </object_component>
      <object_component id="oc-80">
         <name>CpuTimer1RegsFile</name>
         <uninitialized>true</uninitialized>
         <run_address>0xc08</run_address>
         <size>0x8</size>
         <input_file_ref idref="fl-a"/>
      </object_component>
      <object_component id="oc-83">
         <name>CpuTimer2RegsFile</name>
         <uninitialized>true</uninitialized>
         <run_address>0xc10</run_address>
         <size>0x8</size>
         <input_file_ref idref="fl-a"/>
      </object_component>
      <object_component id="oc-8d">
         <name>PieCtrlRegsFile</name>
         <uninitialized>true</uninitialized>
         <run_address>0xce0</run_address>
         <size>0x1a</size>
         <input_file_ref idref="fl-a"/>
      </object_component>
      <object_component id="oc-a2">
         <name>Cla1RegsFile</name>
         <uninitialized>true</uninitialized>
         <run_address>0x1400</run_address>
         <size>0x40</size>
         <input_file_ref idref="fl-a"/>
      </object_component>
      <object_component id="oc-ab">
         <name>DmaRegsFile</name>
         <uninitialized>true</uninitialized>
         <run_address>0x1000</run_address>
         <size>0xe0</size>
         <input_file_ref idref="fl-a"/>
      </object_component>
      <object_component id="oc-9c">
         <name>ECanaRegsFile</name>
         <uninitialized>true</uninitialized>
         <run_address>0x6000</run_address>
         <size>0x34</size>
         <input_file_ref idref="fl-a"/>
      </object_component>
      <object_component id="oc-a0">
         <name>ECanaLAMRegsFile</name>
         <uninitialized>true</uninitialized>
         <run_address>0x6040</run_address>
         <size>0x40</size>
         <input_file_ref idref="fl-a"/>
      </object_component>
      <object_component id="oc-ad">
         <name>ECanaMboxesFile</name>
         <uninitialized>true</uninitialized>
         <run_address>0x6100</run_address>
         <size>0x100</size>
         <input_file_ref idref="fl-a"/>
      </object_component>
      <object_component id="oc-a1">
         <name>ECanaMOTSRegsFile</name>
         <uninitialized>true</uninitialized>
         <run_address>0x6080</run_address>
         <size>0x40</size>
         <input_file_ref idref="fl-a"/>
      </object_component>
      <object_component id="oc-9d">
         <name>ECanaMOTORegsFile</name>
         <uninitialized>true</uninitialized>
         <run_address>0x60c0</run_address>
         <size>0x40</size>
         <input_file_ref idref="fl-a"/>
      </object_component>
      <object_component id="oc-95">
         <name>ECap1RegsFile</name>
         <uninitialized>true</uninitialized>
         <run_address>0x6a00</run_address>
         <size>0x20</size>
         <input_file_ref idref="fl-a"/>
      </object_component>
      <object_component id="oc-94">
         <name>ECap2RegsFile</name>
         <uninitialized>true</uninitialized>
         <run_address>0x6a20</run_address>
         <size>0x20</size>
         <input_file_ref idref="fl-a"/>
      </object_component>
      <object_component id="oc-96">
         <name>ECap3RegsFile</name>
         <uninitialized>true</uninitialized>
         <run_address>0x6a40</run_address>
         <size>0x20</size>
         <input_file_ref idref="fl-a"/>
      </object_component>
      <object_component id="oc-99">
         <name>EQep1RegsFile</name>
         <uninitialized>true</uninitialized>
         <run_address>0x6b00</run_address>
         <size>0x22</size>
         <input_file_ref idref="fl-a"/>
      </object_component>
      <object_component id="oc-97">
         <name>EQep2RegsFile</name>
         <uninitialized>true</uninitialized>
         <run_address>0x6b40</run_address>
         <size>0x22</size>
         <input_file_ref idref="fl-a"/>
      </object_component>
      <object_component id="oc-a5">
         <name>GpioCtrlRegsFile</name>
         <uninitialized>true</uninitialized>
         <run_address>0x6f80</run_address>
         <size>0x40</size>
         <input_file_ref idref="fl-a"/>
      </object_component>
      <object_component id="oc-93">
         <name>GpioDataRegsFile</name>
         <uninitialized>true</uninitialized>
         <run_address>0x6fc0</run_address>
         <size>0x20</size>
         <input_file_ref idref="fl-a"/>
      </object_component>
      <object_component id="oc-92">
         <name>GpioIntRegsFile</name>
         <uninitialized>true</uninitialized>
         <run_address>0x6fe0</run_address>
         <size>0x20</size>
         <input_file_ref idref="fl-a"/>
      </object_component>
      <object_component id="oc-90">
         <name>HRCap1RegsFile</name>
         <uninitialized>true</uninitialized>
         <run_address>0x6ac0</run_address>
         <size>0x1f</size>
         <input_file_ref idref="fl-a"/>
      </object_component>
      <object_component id="oc-8e">
         <name>HRCap2RegsFile</name>
         <uninitialized>true</uninitialized>
         <run_address>0x6ae0</run_address>
         <size>0x1f</size>
         <input_file_ref idref="fl-a"/>
      </object_component>
      <object_component id="oc-8f">
         <name>HRCap3RegsFile</name>
         <uninitialized>true</uninitialized>
         <run_address>0x6c80</run_address>
         <size>0x1f</size>
         <input_file_ref idref="fl-a"/>
      </object_component>
      <object_component id="oc-91">
         <name>HRCap4RegsFile</name>
         <uninitialized>true</uninitialized>
         <run_address>0x6ca0</run_address>
         <size>0x1f</size>
         <input_file_ref idref="fl-a"/>
      </object_component>
      <object_component id="oc-9b">
         <name>SysCtrlRegsFile</name>
         <uninitialized>true</uninitialized>
         <run_address>0x7010</run_address>
         <size>0x30</size>
         <input_file_ref idref="fl-a"/>
      </object_component>
      <object_component id="oc-8b">
         <name>SpiaRegsFile</name>
         <uninitialized>true</uninitialized>
         <run_address>0x7040</run_address>
         <size>0x10</size>
         <input_file_ref idref="fl-a"/>
      </object_component>
      <object_component id="oc-8a">
         <name>SpibRegsFile</name>
         <uninitialized>true</uninitialized>
         <run_address>0x7740</run_address>
         <size>0x10</size>
         <input_file_ref idref="fl-a"/>
      </object_component>
      <object_component id="oc-86">
         <name>SciaRegsFile</name>
         <uninitialized>true</uninitialized>
         <run_address>0x7050</run_address>
         <size>0x10</size>
         <input_file_ref idref="fl-a"/>
      </object_component>
      <object_component id="oc-85">
         <name>ScibRegsFile</name>
         <uninitialized>true</uninitialized>
         <run_address>0x7750</run_address>
         <size>0x10</size>
         <input_file_ref idref="fl-a"/>
      </object_component>
      <object_component id="oc-87">
         <name>NmiIntruptRegsFile</name>
         <uninitialized>true</uninitialized>
         <run_address>0x7060</run_address>
         <size>0x10</size>
         <input_file_ref idref="fl-a"/>
      </object_component>
      <object_component id="oc-88">
         <name>XIntruptRegsFile</name>
         <uninitialized>true</uninitialized>
         <run_address>0x7070</run_address>
         <size>0x10</size>
         <input_file_ref idref="fl-a"/>
      </object_component>
      <object_component id="oc-aa">
         <name>AdcRegsFile</name>
         <uninitialized>true</uninitialized>
         <run_address>0x7100</run_address>
         <size>0x50</size>
         <input_file_ref idref="fl-a"/>
      </object_component>
      <object_component id="oc-98">
         <name>I2caRegsFile</name>
         <uninitialized>true</uninitialized>
         <run_address>0x7900</run_address>
         <size>0x22</size>
         <input_file_ref idref="fl-a"/>
      </object_component>
      <object_component id="oc-7e">
         <name>Comp1RegsFile</name>
         <uninitialized>true</uninitialized>
         <run_address>0x6400</run_address>
         <size>0x7</size>
         <input_file_ref idref="fl-a"/>
      </object_component>
      <object_component id="oc-7f">
         <name>Comp2RegsFile</name>
         <uninitialized>true</uninitialized>
         <run_address>0x6420</run_address>
         <size>0x7</size>
         <input_file_ref idref="fl-a"/>
      </object_component>
      <object_component id="oc-7d">
         <name>Comp3RegsFile</name>
         <uninitialized>true</uninitialized>
         <run_address>0x6440</run_address>
         <size>0x7</size>
         <input_file_ref idref="fl-a"/>
      </object_component>
      <object_component id="oc-9f">
         <name>EPwm1RegsFile</name>
         <uninitialized>true</uninitialized>
         <run_address>0x6800</run_address>
         <size>0x40</size>
         <input_file_ref idref="fl-a"/>
      </object_component>
      <object_component id="oc-9e">
         <name>EPwm2RegsFile</name>
         <uninitialized>true</uninitialized>
         <run_address>0x6840</run_address>
         <size>0x40</size>
         <input_file_ref idref="fl-a"/>
      </object_component>
      <object_component id="oc-a9">
         <name>EPwm3RegsFile</name>
         <uninitialized>true</uninitialized>
         <run_address>0x6880</run_address>
         <size>0x40</size>
         <input_file_ref idref="fl-a"/>
      </object_component>
      <object_component id="oc-a7">
         <name>EPwm4RegsFile</name>
         <uninitialized>true</uninitialized>
         <run_address>0x68c0</run_address>
         <size>0x40</size>
         <input_file_ref idref="fl-a"/>
      </object_component>
      <object_component id="oc-a8">
         <name>EPwm5RegsFile</name>
         <uninitialized>true</uninitialized>
         <run_address>0x6900</run_address>
         <size>0x40</size>
         <input_file_ref idref="fl-a"/>
      </object_component>
      <object_component id="oc-a4">
         <name>EPwm6RegsFile</name>
         <uninitialized>true</uninitialized>
         <run_address>0x6940</run_address>
         <size>0x40</size>
         <input_file_ref idref="fl-a"/>
      </object_component>
      <object_component id="oc-a3">
         <name>EPwm7RegsFile</name>
         <uninitialized>true</uninitialized>
         <run_address>0x6980</run_address>
         <size>0x40</size>
         <input_file_ref idref="fl-a"/>
      </object_component>
      <object_component id="oc-a6">
         <name>EPwm8RegsFile</name>
         <uninitialized>true</uninitialized>
         <run_address>0x69c0</run_address>
         <size>0x40</size>
         <input_file_ref idref="fl-a"/>
      </object_component>
      <object_component id="oc-9a">
         <name>McbspaRegsFile</name>
         <uninitialized>true</uninitialized>
         <run_address>0x5000</run_address>
         <size>0x24</size>
         <input_file_ref idref="fl-a"/>
      </object_component>
      <object_component id="oc-ae">
         <name>Usb0RegsFile</name>
         <uninitialized>true</uninitialized>
         <run_address>0x4000</run_address>
         <size>0x454</size>
         <input_file_ref idref="fl-a"/>
      </object_component>
      <object_component id="oc-82">
         <name>CsmPwlFile</name>
         <uninitialized>true</uninitialized>
         <run_address>0x3f7ff8</run_address>
         <size>0x8</size>
         <input_file_ref idref="fl-a"/>
      </object_component>
      <object_component id="oc-76">
         <name>PartIdRegsFile</name>
         <uninitialized>true</uninitialized>
         <run_address>0x3d7e80</run_address>
         <size>0x1</size>
         <input_file_ref idref="fl-a"/>
      </object_component>
      <object_component id="oc-4e">
         <name>.debug_info</name>
         <load_address>0x0</load_address>
         <run_address>0x0</run_address>
         <size>0x9a5</size>
         <input_file_ref idref="fl-2"/>
      </object_component>
      <object_component id="oc-52">
         <name>.debug_info</name>
         <load_address>0x9a5</load_address>
         <run_address>0x9a5</run_address>
         <size>0xec1d</size>
         <input_file_ref idref="fl-3"/>
      </object_component>
      <object_component id="oc-5a">
         <name>.debug_info</name>
         <load_address>0xf5c2</load_address>
         <run_address>0xf5c2</run_address>
         <size>0x565</size>
         <input_file_ref idref="fl-4"/>
      </object_component>
      <object_component id="oc-5e">
         <name>.debug_info</name>
         <load_address>0xfb27</load_address>
         <run_address>0xfb27</run_address>
         <size>0x19ec</size>
         <input_file_ref idref="fl-5"/>
      </object_component>
      <object_component id="oc-62">
         <name>.debug_info</name>
         <load_address>0x11513</load_address>
         <run_address>0x11513</run_address>
         <size>0x4af0</size>
         <input_file_ref idref="fl-6"/>
      </object_component>
      <object_component id="oc-68">
         <name>.debug_info</name>
         <load_address>0x16003</load_address>
         <run_address>0x16003</run_address>
         <size>0x147</size>
         <input_file_ref idref="fl-7"/>
      </object_component>
      <object_component id="oc-6b">
         <name>.debug_info</name>
         <load_address>0x1614a</load_address>
         <run_address>0x1614a</run_address>
         <size>0x996</size>
         <input_file_ref idref="fl-8"/>
      </object_component>
      <object_component id="oc-70">
         <name>.debug_info</name>
         <load_address>0x16ae0</load_address>
         <run_address>0x16ae0</run_address>
         <size>0x28cd</size>
         <input_file_ref idref="fl-9"/>
      </object_component>
      <object_component id="oc-75">
         <name>.debug_info</name>
         <load_address>0x193ad</load_address>
         <run_address>0x193ad</run_address>
         <size>0x1a4c4</size>
         <input_file_ref idref="fl-a"/>
      </object_component>
      <object_component id="oc-b0">
         <name>.debug_info</name>
         <load_address>0x33871</load_address>
         <run_address>0x33871</run_address>
         <size>0x1850</size>
         <input_file_ref idref="fl-b"/>
      </object_component>
      <object_component id="oc-b4">
         <name>.debug_info</name>
         <load_address>0x350c1</load_address>
         <run_address>0x350c1</run_address>
         <size>0x389</size>
         <input_file_ref idref="fl-c"/>
      </object_component>
      <object_component id="oc-b8">
         <name>.debug_info</name>
         <load_address>0x3544a</load_address>
         <run_address>0x3544a</run_address>
         <size>0xb50</size>
         <input_file_ref idref="fl-d"/>
      </object_component>
      <object_component id="oc-bc">
         <name>.debug_info</name>
         <load_address>0x35f9a</load_address>
         <run_address>0x35f9a</run_address>
         <size>0x2478</size>
         <input_file_ref idref="fl-e"/>
      </object_component>
      <object_component id="oc-c1">
         <name>.debug_info</name>
         <load_address>0x38412</load_address>
         <run_address>0x38412</run_address>
         <size>0x3cec</size>
         <input_file_ref idref="fl-f"/>
      </object_component>
      <object_component id="oc-c6">
         <name>.debug_info</name>
         <load_address>0x3c0fe</load_address>
         <run_address>0x3c0fe</run_address>
         <size>0x105</size>
         <input_file_ref idref="fl-10"/>
      </object_component>
      <object_component id="oc-c9">
         <name>.debug_info</name>
         <load_address>0x3c203</load_address>
         <run_address>0x3c203</run_address>
         <size>0xe05</size>
         <input_file_ref idref="fl-11"/>
      </object_component>
      <object_component id="oc-cd">
         <name>.debug_info</name>
         <load_address>0x3d008</load_address>
         <run_address>0x3d008</run_address>
         <size>0x2457</size>
         <input_file_ref idref="fl-12"/>
      </object_component>
      <object_component id="oc-d3">
         <name>.debug_info</name>
         <load_address>0x3f45f</load_address>
         <run_address>0x3f45f</run_address>
         <size>0xe20</size>
         <input_file_ref idref="fl-13"/>
      </object_component>
      <object_component id="oc-d7">
         <name>.debug_info</name>
         <load_address>0x4027f</load_address>
         <run_address>0x4027f</run_address>
         <size>0xec3</size>
         <input_file_ref idref="fl-14"/>
      </object_component>
      <object_component id="oc-db">
         <name>.debug_info</name>
         <load_address>0x41142</load_address>
         <run_address>0x41142</run_address>
         <size>0x1605</size>
         <input_file_ref idref="fl-15"/>
      </object_component>
      <object_component id="oc-df">
         <name>.debug_info</name>
         <load_address>0x42747</load_address>
         <run_address>0x42747</run_address>
         <size>0xe43</size>
         <input_file_ref idref="fl-16"/>
      </object_component>
      <object_component id="oc-e3">
         <name>.debug_info</name>
         <load_address>0x4358a</load_address>
         <run_address>0x4358a</run_address>
         <size>0x39b</size>
         <input_file_ref idref="fl-1b"/>
      </object_component>
      <object_component id="oc-e9">
         <name>.debug_info</name>
         <load_address>0x43925</load_address>
         <run_address>0x43925</run_address>
         <size>0xde</size>
         <input_file_ref idref="fl-1c"/>
      </object_component>
      <object_component id="oc-ec">
         <name>.debug_info</name>
         <load_address>0x43a03</load_address>
         <run_address>0x43a03</run_address>
         <size>0x34c</size>
         <input_file_ref idref="fl-1d"/>
      </object_component>
      <object_component id="oc-f0">
         <name>.debug_info</name>
         <load_address>0x43d4f</load_address>
         <run_address>0x43d4f</run_address>
         <size>0x355</size>
         <input_file_ref idref="fl-1e"/>
      </object_component>
      <object_component id="oc-f4">
         <name>.debug_info</name>
         <load_address>0x440a4</load_address>
         <run_address>0x440a4</run_address>
         <size>0x488</size>
         <input_file_ref idref="fl-1f"/>
      </object_component>
      <object_component id="oc-fa">
         <name>.debug_info</name>
         <load_address>0x4452c</load_address>
         <run_address>0x4452c</run_address>
         <size>0x346</size>
         <input_file_ref idref="fl-20"/>
      </object_component>
      <object_component id="oc-ff">
         <name>.debug_info</name>
         <load_address>0x44872</load_address>
         <run_address>0x44872</run_address>
         <size>0xc0</size>
         <input_file_ref idref="fl-21"/>
      </object_component>
      <object_component id="oc-102">
         <name>.debug_info</name>
         <load_address>0x44932</load_address>
         <run_address>0x44932</run_address>
         <size>0x3d8</size>
         <input_file_ref idref="fl-22"/>
      </object_component>
      <object_component id="oc-106">
         <name>.debug_info</name>
         <load_address>0x44d0a</load_address>
         <run_address>0x44d0a</run_address>
         <size>0x379</size>
         <input_file_ref idref="fl-23"/>
      </object_component>
      <object_component id="oc-10a">
         <name>.debug_info</name>
         <load_address>0x45083</load_address>
         <run_address>0x45083</run_address>
         <size>0x4ae</size>
         <input_file_ref idref="fl-24"/>
      </object_component>
      <object_component id="oc-110">
         <name>.debug_info</name>
         <load_address>0x45531</load_address>
         <run_address>0x45531</run_address>
         <size>0x46f</size>
         <input_file_ref idref="fl-25"/>
      </object_component>
      <object_component id="oc-172">
         <name>.debug_info</name>
         <load_address>0x459a0</load_address>
         <run_address>0x459a0</run_address>
         <size>0x6f</size>
      </object_component>
      <object_component id="oc-4f">
         <name>.debug_frame</name>
         <load_address>0x0</load_address>
         <run_address>0x0</run_address>
         <size>0x8e</size>
         <input_file_ref idref="fl-2"/>
      </object_component>
      <object_component id="oc-57">
         <name>.debug_frame</name>
         <load_address>0x8e</load_address>
         <run_address>0x8e</run_address>
         <size>0x3ed</size>
         <input_file_ref idref="fl-3"/>
      </object_component>
      <object_component id="oc-5b">
         <name>.debug_frame</name>
         <load_address>0x47b</load_address>
         <run_address>0x47b</run_address>
         <size>0x8e</size>
         <input_file_ref idref="fl-4"/>
      </object_component>
      <object_component id="oc-5f">
         <name>.debug_frame</name>
         <load_address>0x509</load_address>
         <run_address>0x509</run_address>
         <size>0x8e</size>
         <input_file_ref idref="fl-5"/>
      </object_component>
      <object_component id="oc-63">
         <name>.debug_frame</name>
         <load_address>0x597</load_address>
         <run_address>0x597</run_address>
         <size>0x11b</size>
         <input_file_ref idref="fl-6"/>
      </object_component>
      <object_component id="oc-6d">
         <name>.debug_frame</name>
         <load_address>0x6b2</load_address>
         <run_address>0x6b2</run_address>
         <size>0xc4</size>
         <input_file_ref idref="fl-8"/>
      </object_component>
      <object_component id="oc-72">
         <name>.debug_frame</name>
         <load_address>0x776</load_address>
         <run_address>0x776</run_address>
         <size>0xefa</size>
         <input_file_ref idref="fl-9"/>
      </object_component>
      <object_component id="oc-b1">
         <name>.debug_frame</name>
         <load_address>0x1670</load_address>
         <run_address>0x1670</run_address>
         <size>0x8e</size>
         <input_file_ref idref="fl-b"/>
      </object_component>
      <object_component id="oc-b5">
         <name>.debug_frame</name>
         <load_address>0x16fe</load_address>
         <run_address>0x16fe</run_address>
         <size>0x8e</size>
         <input_file_ref idref="fl-c"/>
      </object_component>
      <object_component id="oc-b9">
         <name>.debug_frame</name>
         <load_address>0x178c</load_address>
         <run_address>0x178c</run_address>
         <size>0xbe</size>
         <input_file_ref idref="fl-d"/>
      </object_component>
      <object_component id="oc-be">
         <name>.debug_frame</name>
         <load_address>0x184a</load_address>
         <run_address>0x184a</run_address>
         <size>0xac</size>
         <input_file_ref idref="fl-e"/>
      </object_component>
      <object_component id="oc-c2">
         <name>.debug_frame</name>
         <load_address>0x18f6</load_address>
         <run_address>0x18f6</run_address>
         <size>0x1aa</size>
         <input_file_ref idref="fl-f"/>
      </object_component>
      <object_component id="oc-ca">
         <name>.debug_frame</name>
         <load_address>0x1aa0</load_address>
         <run_address>0x1aa0</run_address>
         <size>0x8e</size>
         <input_file_ref idref="fl-11"/>
      </object_component>
      <object_component id="oc-d0">
         <name>.debug_frame</name>
         <load_address>0x1b2e</load_address>
         <run_address>0x1b2e</run_address>
         <size>0x8e</size>
         <input_file_ref idref="fl-12"/>
      </object_component>
      <object_component id="oc-d4">
         <name>.debug_frame</name>
         <load_address>0x1bbc</load_address>
         <run_address>0x1bbc</run_address>
         <size>0x8e</size>
         <input_file_ref idref="fl-13"/>
      </object_component>
      <object_component id="oc-d8">
         <name>.debug_frame</name>
         <load_address>0x1c4a</load_address>
         <run_address>0x1c4a</run_address>
         <size>0x8e</size>
         <input_file_ref idref="fl-14"/>
      </object_component>
      <object_component id="oc-dc">
         <name>.debug_frame</name>
         <load_address>0x1cd8</load_address>
         <run_address>0x1cd8</run_address>
         <size>0x8e</size>
         <input_file_ref idref="fl-15"/>
      </object_component>
      <object_component id="oc-e0">
         <name>.debug_frame</name>
         <load_address>0x1d66</load_address>
         <run_address>0x1d66</run_address>
         <size>0x8e</size>
         <input_file_ref idref="fl-16"/>
      </object_component>
      <object_component id="oc-e4">
         <name>.debug_frame</name>
         <load_address>0x1df4</load_address>
         <run_address>0x1df4</run_address>
         <size>0x8e</size>
         <input_file_ref idref="fl-1b"/>
      </object_component>
      <object_component id="oc-ed">
         <name>.debug_frame</name>
         <load_address>0x1e82</load_address>
         <run_address>0x1e82</run_address>
         <size>0x8e</size>
         <input_file_ref idref="fl-1d"/>
      </object_component>
      <object_component id="oc-f7">
         <name>.debug_frame</name>
         <load_address>0x1f10</load_address>
         <run_address>0x1f10</run_address>
         <size>0xc7</size>
         <input_file_ref idref="fl-1f"/>
      </object_component>
      <object_component id="oc-fb">
         <name>.debug_frame</name>
         <load_address>0x1fd7</load_address>
         <run_address>0x1fd7</run_address>
         <size>0x8e</size>
         <input_file_ref idref="fl-20"/>
      </object_component>
      <object_component id="oc-103">
         <name>.debug_frame</name>
         <load_address>0x2065</load_address>
         <run_address>0x2065</run_address>
         <size>0xad</size>
         <input_file_ref idref="fl-22"/>
      </object_component>
      <object_component id="oc-107">
         <name>.debug_frame</name>
         <load_address>0x2112</load_address>
         <run_address>0x2112</run_address>
         <size>0x8e</size>
         <input_file_ref idref="fl-23"/>
      </object_component>
      <object_component id="oc-10d">
         <name>.debug_frame</name>
         <load_address>0x21a0</load_address>
         <run_address>0x21a0</run_address>
         <size>0xd6</size>
         <input_file_ref idref="fl-24"/>
      </object_component>
      <object_component id="oc-111">
         <name>.debug_frame</name>
         <load_address>0x2276</load_address>
         <run_address>0x2276</run_address>
         <size>0xa6</size>
         <input_file_ref idref="fl-25"/>
      </object_component>
      <object_component id="oc-50">
         <name>.debug_line</name>
         <load_address>0x0</load_address>
         <run_address>0x0</run_address>
         <size>0x2d</size>
         <input_file_ref idref="fl-2"/>
      </object_component>
      <object_component id="oc-58">
         <name>.debug_line</name>
         <load_address>0x2d</load_address>
         <run_address>0x2d</run_address>
         <size>0x944</size>
         <input_file_ref idref="fl-3"/>
      </object_component>
      <object_component id="oc-5c">
         <name>.debug_line</name>
         <load_address>0x971</load_address>
         <run_address>0x971</run_address>
         <size>0x30</size>
         <input_file_ref idref="fl-4"/>
      </object_component>
      <object_component id="oc-60">
         <name>.debug_line</name>
         <load_address>0x9a1</load_address>
         <run_address>0x9a1</run_address>
         <size>0x35</size>
         <input_file_ref idref="fl-5"/>
      </object_component>
      <object_component id="oc-64">
         <name>.debug_line</name>
         <load_address>0x9d6</load_address>
         <run_address>0x9d6</run_address>
         <size>0x163</size>
         <input_file_ref idref="fl-6"/>
      </object_component>
      <object_component id="oc-69">
         <name>.debug_line</name>
         <load_address>0xb39</load_address>
         <run_address>0xb39</run_address>
         <size>0x63</size>
         <input_file_ref idref="fl-7"/>
      </object_component>
      <object_component id="oc-6e">
         <name>.debug_line</name>
         <load_address>0xb9c</load_address>
         <run_address>0xb9c</run_address>
         <size>0x87</size>
         <input_file_ref idref="fl-8"/>
      </object_component>
      <object_component id="oc-73">
         <name>.debug_line</name>
         <load_address>0xc23</load_address>
         <run_address>0xc23</run_address>
         <size>0x878</size>
         <input_file_ref idref="fl-9"/>
      </object_component>
      <object_component id="oc-b2">
         <name>.debug_line</name>
         <load_address>0x149b</load_address>
         <run_address>0x149b</run_address>
         <size>0x35</size>
         <input_file_ref idref="fl-b"/>
      </object_component>
      <object_component id="oc-b6">
         <name>.debug_line</name>
         <load_address>0x14d0</load_address>
         <run_address>0x14d0</run_address>
         <size>0x38</size>
         <input_file_ref idref="fl-c"/>
      </object_component>
      <object_component id="oc-ba">
         <name>.debug_line</name>
         <load_address>0x1508</load_address>
         <run_address>0x1508</run_address>
         <size>0x88</size>
         <input_file_ref idref="fl-d"/>
      </object_component>
      <object_component id="oc-bf">
         <name>.debug_line</name>
         <load_address>0x1590</load_address>
         <run_address>0x1590</run_address>
         <size>0x6c</size>
         <input_file_ref idref="fl-e"/>
      </object_component>
      <object_component id="oc-c3">
         <name>.debug_line</name>
         <load_address>0x15fc</load_address>
         <run_address>0x15fc</run_address>
         <size>0x200</size>
         <input_file_ref idref="fl-f"/>
      </object_component>
      <object_component id="oc-c7">
         <name>.debug_line</name>
         <load_address>0x17fc</load_address>
         <run_address>0x17fc</run_address>
         <size>0x4a</size>
         <input_file_ref idref="fl-10"/>
      </object_component>
      <object_component id="oc-cb">
         <name>.debug_line</name>
         <load_address>0x1846</load_address>
         <run_address>0x1846</run_address>
         <size>0x36</size>
         <input_file_ref idref="fl-11"/>
      </object_component>
      <object_component id="oc-d1">
         <name>.debug_line</name>
         <load_address>0x187c</load_address>
         <run_address>0x187c</run_address>
         <size>0x3f</size>
         <input_file_ref idref="fl-12"/>
      </object_component>
      <object_component id="oc-d5">
         <name>.debug_line</name>
         <load_address>0x18bb</load_address>
         <run_address>0x18bb</run_address>
         <size>0x35</size>
         <input_file_ref idref="fl-13"/>
      </object_component>
      <object_component id="oc-d9">
         <name>.debug_line</name>
         <load_address>0x18f0</load_address>
         <run_address>0x18f0</run_address>
         <size>0x3a</size>
         <input_file_ref idref="fl-14"/>
      </object_component>
      <object_component id="oc-dd">
         <name>.debug_line</name>
         <load_address>0x192a</load_address>
         <run_address>0x192a</run_address>
         <size>0x3d</size>
         <input_file_ref idref="fl-15"/>
      </object_component>
      <object_component id="oc-e1">
         <name>.debug_line</name>
         <load_address>0x1967</load_address>
         <run_address>0x1967</run_address>
         <size>0x36</size>
         <input_file_ref idref="fl-16"/>
      </object_component>
      <object_component id="oc-e5">
         <name>.debug_line</name>
         <load_address>0x199d</load_address>
         <run_address>0x199d</run_address>
         <size>0x25</size>
         <input_file_ref idref="fl-1b"/>
      </object_component>
      <object_component id="oc-ea">
         <name>.debug_line</name>
         <load_address>0x19c2</load_address>
         <run_address>0x19c2</run_address>
         <size>0x71</size>
         <input_file_ref idref="fl-1c"/>
      </object_component>
      <object_component id="oc-ee">
         <name>.debug_line</name>
         <load_address>0x1a33</load_address>
         <run_address>0x1a33</run_address>
         <size>0x23</size>
         <input_file_ref idref="fl-1d"/>
      </object_component>
      <object_component id="oc-f8">
         <name>.debug_line</name>
         <load_address>0x1a56</load_address>
         <run_address>0x1a56</run_address>
         <size>0x62</size>
         <input_file_ref idref="fl-1f"/>
      </object_component>
      <object_component id="oc-fc">
         <name>.debug_line</name>
         <load_address>0x1ab8</load_address>
         <run_address>0x1ab8</run_address>
         <size>0x25</size>
         <input_file_ref idref="fl-20"/>
      </object_component>
      <object_component id="oc-100">
         <name>.debug_line</name>
         <load_address>0x1add</load_address>
         <run_address>0x1add</run_address>
         <size>0xaa</size>
         <input_file_ref idref="fl-21"/>
      </object_component>
      <object_component id="oc-104">
         <name>.debug_line</name>
         <load_address>0x1b87</load_address>
         <run_address>0x1b87</run_address>
         <size>0x5c</size>
         <input_file_ref idref="fl-22"/>
      </object_component>
      <object_component id="oc-108">
         <name>.debug_line</name>
         <load_address>0x1be3</load_address>
         <run_address>0x1be3</run_address>
         <size>0x24</size>
         <input_file_ref idref="fl-23"/>
      </object_component>
      <object_component id="oc-10e">
         <name>.debug_line</name>
         <load_address>0x1c07</load_address>
         <run_address>0x1c07</run_address>
         <size>0x5b</size>
         <input_file_ref idref="fl-24"/>
      </object_component>
      <object_component id="oc-112">
         <name>.debug_line</name>
         <load_address>0x1c62</load_address>
         <run_address>0x1c62</run_address>
         <size>0x50</size>
         <input_file_ref idref="fl-25"/>
      </object_component>
      <object_component id="oc-51">
         <name>.debug_abbrev</name>
         <load_address>0x0</load_address>
         <run_address>0x0</run_address>
         <size>0xc1</size>
         <input_file_ref idref="fl-2"/>
      </object_component>
      <object_component id="oc-59">
         <name>.debug_abbrev</name>
         <load_address>0xc1</load_address>
         <run_address>0xc1</run_address>
         <size>0x1b7</size>
         <input_file_ref idref="fl-3"/>
      </object_component>
      <object_component id="oc-5d">
         <name>.debug_abbrev</name>
         <load_address>0x278</load_address>
         <run_address>0x278</run_address>
         <size>0xd6</size>
         <input_file_ref idref="fl-4"/>
      </object_component>
      <object_component id="oc-61">
         <name>.debug_abbrev</name>
         <load_address>0x34e</load_address>
         <run_address>0x34e</run_address>
         <size>0xdb</size>
         <input_file_ref idref="fl-5"/>
      </object_component>
      <object_component id="oc-65">
         <name>.debug_abbrev</name>
         <load_address>0x429</load_address>
         <run_address>0x429</run_address>
         <size>0x142</size>
         <input_file_ref idref="fl-6"/>
      </object_component>
      <object_component id="oc-6a">
         <name>.debug_abbrev</name>
         <load_address>0x56b</load_address>
         <run_address>0x56b</run_address>
         <size>0x20</size>
         <input_file_ref idref="fl-7"/>
      </object_component>
      <object_component id="oc-6f">
         <name>.debug_abbrev</name>
         <load_address>0x58b</load_address>
         <run_address>0x58b</run_address>
         <size>0xf0</size>
         <input_file_ref idref="fl-8"/>
      </object_component>
      <object_component id="oc-74">
         <name>.debug_abbrev</name>
         <load_address>0x67b</load_address>
         <run_address>0x67b</run_address>
         <size>0xd5</size>
         <input_file_ref idref="fl-9"/>
      </object_component>
      <object_component id="oc-af">
         <name>.debug_abbrev</name>
         <load_address>0x750</load_address>
         <run_address>0x750</run_address>
         <size>0xbe</size>
         <input_file_ref idref="fl-a"/>
      </object_component>
      <object_component id="oc-b3">
         <name>.debug_abbrev</name>
         <load_address>0x80e</load_address>
         <run_address>0x80e</run_address>
         <size>0xcd</size>
         <input_file_ref idref="fl-b"/>
      </object_component>
      <object_component id="oc-b7">
         <name>.debug_abbrev</name>
         <load_address>0x8db</load_address>
         <run_address>0x8db</run_address>
         <size>0x8a</size>
         <input_file_ref idref="fl-c"/>
      </object_component>
      <object_component id="oc-bb">
         <name>.debug_abbrev</name>
         <load_address>0x965</load_address>
         <run_address>0x965</run_address>
         <size>0xbb</size>
         <input_file_ref idref="fl-d"/>
      </object_component>
      <object_component id="oc-c0">
         <name>.debug_abbrev</name>
         <load_address>0xa20</load_address>
         <run_address>0xa20</run_address>
         <size>0x107</size>
         <input_file_ref idref="fl-e"/>
      </object_component>
      <object_component id="oc-c4">
         <name>.debug_abbrev</name>
         <load_address>0xb27</load_address>
         <run_address>0xb27</run_address>
         <size>0x18c</size>
         <input_file_ref idref="fl-f"/>
      </object_component>
      <object_component id="oc-c8">
         <name>.debug_abbrev</name>
         <load_address>0xcb3</load_address>
         <run_address>0xcb3</run_address>
         <size>0x2c</size>
         <input_file_ref idref="fl-10"/>
      </object_component>
      <object_component id="oc-cc">
         <name>.debug_abbrev</name>
         <load_address>0xcdf</load_address>
         <run_address>0xcdf</run_address>
         <size>0x12a</size>
         <input_file_ref idref="fl-11"/>
      </object_component>
      <object_component id="oc-d2">
         <name>.debug_abbrev</name>
         <load_address>0xe09</load_address>
         <run_address>0xe09</run_address>
         <size>0x151</size>
         <input_file_ref idref="fl-12"/>
      </object_component>
      <object_component id="oc-d6">
         <name>.debug_abbrev</name>
         <load_address>0xf5a</load_address>
         <run_address>0xf5a</run_address>
         <size>0x133</size>
         <input_file_ref idref="fl-13"/>
      </object_component>
      <object_component id="oc-da">
         <name>.debug_abbrev</name>
         <load_address>0x108d</load_address>
         <run_address>0x108d</run_address>
         <size>0x12a</size>
         <input_file_ref idref="fl-14"/>
      </object_component>
      <object_component id="oc-de">
         <name>.debug_abbrev</name>
         <load_address>0x11b7</load_address>
         <run_address>0x11b7</run_address>
         <size>0x127</size>
         <input_file_ref idref="fl-15"/>
      </object_component>
      <object_component id="oc-e2">
         <name>.debug_abbrev</name>
         <load_address>0x12de</load_address>
         <run_address>0x12de</run_address>
         <size>0x133</size>
         <input_file_ref idref="fl-16"/>
      </object_component>
      <object_component id="oc-e6">
         <name>.debug_abbrev</name>
         <load_address>0x1411</load_address>
         <run_address>0x1411</run_address>
         <size>0xdb</size>
         <input_file_ref idref="fl-1b"/>
      </object_component>
      <object_component id="oc-eb">
         <name>.debug_abbrev</name>
         <load_address>0x14ec</load_address>
         <run_address>0x14ec</run_address>
         <size>0x43</size>
         <input_file_ref idref="fl-1c"/>
      </object_component>
      <object_component id="oc-ef">
         <name>.debug_abbrev</name>
         <load_address>0x152f</load_address>
         <run_address>0x152f</run_address>
         <size>0x92</size>
         <input_file_ref idref="fl-1d"/>
      </object_component>
      <object_component id="oc-f3">
         <name>.debug_abbrev</name>
         <load_address>0x15c1</load_address>
         <run_address>0x15c1</run_address>
         <size>0x35</size>
         <input_file_ref idref="fl-1e"/>
      </object_component>
      <object_component id="oc-f9">
         <name>.debug_abbrev</name>
         <load_address>0x15f6</load_address>
         <run_address>0x15f6</run_address>
         <size>0x10c</size>
         <input_file_ref idref="fl-1f"/>
      </object_component>
      <object_component id="oc-fd">
         <name>.debug_abbrev</name>
         <load_address>0x1702</load_address>
         <run_address>0x1702</run_address>
         <size>0x94</size>
         <input_file_ref idref="fl-20"/>
      </object_component>
      <object_component id="oc-101">
         <name>.debug_abbrev</name>
         <load_address>0x1796</load_address>
         <run_address>0x1796</run_address>
         <size>0x35</size>
         <input_file_ref idref="fl-21"/>
      </object_component>
      <object_component id="oc-105">
         <name>.debug_abbrev</name>
         <load_address>0x17cb</load_address>
         <run_address>0x17cb</run_address>
         <size>0x92</size>
         <input_file_ref idref="fl-22"/>
      </object_component>
      <object_component id="oc-109">
         <name>.debug_abbrev</name>
         <load_address>0x185d</load_address>
         <run_address>0x185d</run_address>
         <size>0xb2</size>
         <input_file_ref idref="fl-23"/>
      </object_component>
      <object_component id="oc-10f">
         <name>.debug_abbrev</name>
         <load_address>0x190f</load_address>
         <run_address>0x190f</run_address>
         <size>0xa9</size>
         <input_file_ref idref="fl-24"/>
      </object_component>
      <object_component id="oc-113">
         <name>.debug_abbrev</name>
         <load_address>0x19b8</load_address>
         <run_address>0x19b8</run_address>
         <size>0xed</size>
         <input_file_ref idref="fl-25"/>
      </object_component>
      <object_component id="oc-173">
         <name>.debug_abbrev</name>
         <load_address>0x1aa5</load_address>
         <run_address>0x1aa5</run_address>
         <size>0xd</size>
      </object_component>
   </object_component_list>
   <logical_group_list>
      <logical_group id="lg-2" display="no" color="cyan">
         <name>codestart</name>
         <load_address>0x0</load_address>
         <run_address>0x0</run_address>
         <size>0x2</size>
         <contents>
            <object_component_ref idref="oc-67"/>
         </contents>
      </logical_group>
      <logical_group id="lg-3" display="no" color="cyan">
         <name>ramfuncs</name>
         <load_address>0x8000</load_address>
         <run_address>0x8000</run_address>
         <size>0x32d</size>
         <contents>
            <object_component_ref idref="oc-56"/>
            <object_component_ref idref="oc-116"/>
            <object_component_ref idref="oc-c5"/>
         </contents>
      </logical_group>
      <logical_group id="lg-4" display="no" color="cyan">
         <name>.text</name>
         <load_address>0x10000</load_address>
         <run_address>0x10000</run_address>
         <size>0xeb5</size>
         <contents>
            <object_component_ref idref="oc-119"/>
            <object_component_ref idref="oc-71"/>
            <object_component_ref idref="oc-11e"/>
            <object_component_ref idref="oc-11a"/>
            <object_component_ref idref="oc-fe"/>
            <object_component_ref idref="oc-11d"/>
            <object_component_ref idref="oc-117"/>
            <object_component_ref idref="oc-4d"/>
            <object_component_ref idref="oc-11b"/>
            <object_component_ref idref="oc-11c"/>
            <object_component_ref idref="oc-114"/>
            <object_component_ref idref="oc-115"/>
            <object_component_ref idref="oc-118"/>
            <object_component_ref idref="oc-66"/>
         </contents>
      </logical_group>
      <logical_group id="lg-5" display="no" color="cyan">
         <name>.cinit</name>
         <load_address>0x50</load_address>
         <run_address>0x50</run_address>
         <size>0x9a</size>
         <contents>
            <object_component_ref idref="oc-53"/>
            <object_component_ref idref="oc-ce"/>
            <object_component_ref idref="oc-10b"/>
            <object_component_ref idref="oc-f5"/>
            <object_component_ref idref="oc-f1"/>
         </contents>
      </logical_group>
      <logical_group id="lg-6" display="no" color="cyan">
         <name>.pinit</name>
         <run_address>0x0</run_address>
         <size>0x0</size>
         <contents>
         </contents>
      </logical_group>
      <logical_group id="lg-7" display="no" color="cyan">
         <name>.switch</name>
         <run_address>0x0</run_address>
         <size>0x0</size>
         <contents>
         </contents>
      </logical_group>
      <logical_group id="lg-8" display="no" color="cyan">
         <name>.reset</name>
         <load_address>0x3fffc0</load_address>
         <run_address>0x3fffc0</run_address>
         <size>0x2</size>
         <contents>
            <object_component_ref idref="oc-e8"/>
         </contents>
      </logical_group>
      <logical_group id="lg-9" display="no" color="cyan">
         <name>.stack</name>
         <run_address>0x400</run_address>
         <size>0x300</size>
         <contents>
            <object_component_ref idref="oc-e7"/>
            <object_component_ref idref="oc-171"/>
         </contents>
      </logical_group>
      <logical_group id="lg-a" display="no" color="cyan">
         <name>.ebss</name>
         <run_address>0xa000</run_address>
         <size>0x158</size>
         <contents>
            <object_component_ref idref="oc-54"/>
            <object_component_ref idref="oc-6c"/>
            <object_component_ref idref="oc-cf"/>
            <object_component_ref idref="oc-f2"/>
            <object_component_ref idref="oc-f6"/>
            <object_component_ref idref="oc-10c"/>
         </contents>
      </logical_group>
      <logical_group id="lg-b" display="no" color="cyan">
         <name>.econst</name>
         <load_address>0xa158</load_address>
         <run_address>0xa158</run_address>
         <size>0x10a</size>
         <contents>
            <object_component_ref idref="oc-bd"/>
            <object_component_ref idref="oc-55"/>
         </contents>
      </logical_group>
      <logical_group id="lg-c" display="no" color="cyan">
         <name>.esysmem</name>
         <run_address>0x0</run_address>
         <size>0x0</size>
         <contents>
         </contents>
      </logical_group>
      <logical_group id="lg-d" display="no" color="cyan">
         <name>IQmath</name>
         <run_address>0x0</run_address>
         <size>0x0</size>
         <contents>
         </contents>
      </logical_group>
      <logical_group id="lg-e" display="no" color="cyan">
         <name>IQmathTables</name>
         <run_address>0x0</run_address>
         <size>0x0</size>
         <contents>
         </contents>
      </logical_group>
      <logical_group id="lg-f" display="no" color="cyan">
         <name>FPUmathTables</name>
         <run_address>0x0</run_address>
         <size>0x0</size>
         <contents>
         </contents>
      </logical_group>
      <logical_group id="lg-10" display="no" color="cyan">
         <name>DMARAML5</name>
         <run_address>0x0</run_address>
         <size>0x0</size>
         <contents>
         </contents>
      </logical_group>
      <logical_group id="lg-11" display="no" color="cyan">
         <name>DMARAML6</name>
         <run_address>0x0</run_address>
         <size>0x0</size>
         <contents>
         </contents>
      </logical_group>
      <logical_group id="lg-13" display="no" color="cyan">
         <name>PieVectTableFile</name>
         <run_address>0xd00</run_address>
         <size>0x100</size>
         <contents>
            <object_component_ref idref="oc-ac"/>
         </contents>
      </logical_group>
      <logical_group id="lg-15" display="no" color="cyan">
         <name>EmuKeyVar</name>
         <run_address>0xd00</run_address>
         <size>0x1</size>
         <contents>
            <object_component_ref idref="oc-77"/>
         </contents>
      </logical_group>
      <logical_group id="lg-16" display="no" color="cyan">
         <name>EmuBModeVar</name>
         <run_address>0xd01</run_address>
         <size>0x1</size>
         <contents>
            <object_component_ref idref="oc-78"/>
         </contents>
      </logical_group>
      <logical_group id="lg-17" display="no" color="cyan">
         <name>FlashCallbackVar</name>
         <run_address>0xd02</run_address>
         <size>0x2</size>
         <contents>
            <object_component_ref idref="oc-79"/>
         </contents>
      </logical_group>
      <logical_group id="lg-18" display="no" color="cyan">
         <name>FlashScalingVar</name>
         <run_address>0xd04</run_address>
         <size>0x2</size>
         <contents>
            <object_component_ref idref="oc-7a"/>
         </contents>
      </logical_group>
      <logical_group id="lg-14" display="no" color="cyan">
         <name>GROUP_2</name>
         <run_address>0xd00</run_address>
         <size>0x6</size>
         <contents>
            <logical_group_ref idref="lg-15"/>
            <logical_group_ref idref="lg-16"/>
            <logical_group_ref idref="lg-17"/>
            <logical_group_ref idref="lg-18"/>
         </contents>
      </logical_group>
      <overlay id="lg-12" display="no" color="cyan">
         <name>UNION_1</name>
         <run_address>0xd00</run_address>
         <size>0x100</size>
         <contents>
            <logical_group_ref idref="lg-13"/>
            <logical_group_ref idref="lg-14"/>
         </contents>
      </overlay>
      <logical_group id="lg-19" display="no" color="cyan">
         <name>DevEmuRegsFile</name>
         <run_address>0x880</run_address>
         <size>0x4</size>
         <contents>
            <object_component_ref idref="oc-7c"/>
         </contents>
      </logical_group>
      <logical_group id="lg-1a" display="no" color="cyan">
         <name>SysPwrCtrlRegsFile</name>
         <run_address>0x985</run_address>
         <size>0x3</size>
         <contents>
            <object_component_ref idref="oc-7b"/>
         </contents>
      </logical_group>
      <logical_group id="lg-1b" display="no" color="cyan">
         <name>FlashRegsFile</name>
         <run_address>0xa80</run_address>
         <size>0x8</size>
         <contents>
            <object_component_ref idref="oc-84"/>
         </contents>
      </logical_group>
      <logical_group id="lg-1c" display="no" color="cyan">
         <name>CsmRegsFile</name>
         <run_address>0xae0</run_address>
         <size>0x10</size>
         <contents>
            <object_component_ref idref="oc-89"/>
         </contents>
      </logical_group>
      <logical_group id="lg-1d" display="no" color="cyan">
         <name>AdcResultFile</name>
         <run_address>0xb00</run_address>
         <size>0x10</size>
         <contents>
            <object_component_ref idref="oc-8c"/>
         </contents>
      </logical_group>
      <logical_group id="lg-1e" display="no" color="cyan">
         <name>CpuTimer0RegsFile</name>
         <run_address>0xc00</run_address>
         <size>0x8</size>
         <contents>
            <object_component_ref idref="oc-81"/>
         </contents>
      </logical_group>
      <logical_group id="lg-1f" display="no" color="cyan">
         <name>CpuTimer1RegsFile</name>
         <run_address>0xc08</run_address>
         <size>0x8</size>
         <contents>
            <object_component_ref idref="oc-80"/>
         </contents>
      </logical_group>
      <logical_group id="lg-20" display="no" color="cyan">
         <name>CpuTimer2RegsFile</name>
         <run_address>0xc10</run_address>
         <size>0x8</size>
         <contents>
            <object_component_ref idref="oc-83"/>
         </contents>
      </logical_group>
      <logical_group id="lg-21" display="no" color="cyan">
         <name>PieCtrlRegsFile</name>
         <run_address>0xce0</run_address>
         <size>0x1a</size>
         <contents>
            <object_component_ref idref="oc-8d"/>
         </contents>
      </logical_group>
      <logical_group id="lg-22" display="no" color="cyan">
         <name>Cla1RegsFile</name>
         <run_address>0x1400</run_address>
         <size>0x40</size>
         <contents>
            <object_component_ref idref="oc-a2"/>
         </contents>
      </logical_group>
      <logical_group id="lg-23" display="no" color="cyan">
         <name>DmaRegsFile</name>
         <run_address>0x1000</run_address>
         <size>0xe0</size>
         <contents>
            <object_component_ref idref="oc-ab"/>
         </contents>
      </logical_group>
      <logical_group id="lg-24" display="no" color="cyan">
         <name>ECanaRegsFile</name>
         <run_address>0x6000</run_address>
         <size>0x34</size>
         <contents>
            <object_component_ref idref="oc-9c"/>
         </contents>
      </logical_group>
      <logical_group id="lg-25" display="no" color="cyan">
         <name>ECanaLAMRegsFile</name>
         <run_address>0x6040</run_address>
         <size>0x40</size>
         <contents>
            <object_component_ref idref="oc-a0"/>
         </contents>
      </logical_group>
      <logical_group id="lg-26" display="no" color="cyan">
         <name>ECanaMboxesFile</name>
         <run_address>0x6100</run_address>
         <size>0x100</size>
         <contents>
            <object_component_ref idref="oc-ad"/>
         </contents>
      </logical_group>
      <logical_group id="lg-27" display="no" color="cyan">
         <name>ECanaMOTSRegsFile</name>
         <run_address>0x6080</run_address>
         <size>0x40</size>
         <contents>
            <object_component_ref idref="oc-a1"/>
         </contents>
      </logical_group>
      <logical_group id="lg-28" display="no" color="cyan">
         <name>ECanaMOTORegsFile</name>
         <run_address>0x60c0</run_address>
         <size>0x40</size>
         <contents>
            <object_component_ref idref="oc-9d"/>
         </contents>
      </logical_group>
      <logical_group id="lg-29" display="no" color="cyan">
         <name>ECap1RegsFile</name>
         <run_address>0x6a00</run_address>
         <size>0x20</size>
         <contents>
            <object_component_ref idref="oc-95"/>
         </contents>
      </logical_group>
      <logical_group id="lg-2a" display="no" color="cyan">
         <name>ECap2RegsFile</name>
         <run_address>0x6a20</run_address>
         <size>0x20</size>
         <contents>
            <object_component_ref idref="oc-94"/>
         </contents>
      </logical_group>
      <logical_group id="lg-2b" display="no" color="cyan">
         <name>ECap3RegsFile</name>
         <run_address>0x6a40</run_address>
         <size>0x20</size>
         <contents>
            <object_component_ref idref="oc-96"/>
         </contents>
      </logical_group>
      <logical_group id="lg-2c" display="no" color="cyan">
         <name>EQep1RegsFile</name>
         <run_address>0x6b00</run_address>
         <size>0x22</size>
         <contents>
            <object_component_ref idref="oc-99"/>
         </contents>
      </logical_group>
      <logical_group id="lg-2d" display="no" color="cyan">
         <name>EQep2RegsFile</name>
         <run_address>0x6b40</run_address>
         <size>0x22</size>
         <contents>
            <object_component_ref idref="oc-97"/>
         </contents>
      </logical_group>
      <logical_group id="lg-2e" display="no" color="cyan">
         <name>GpioCtrlRegsFile</name>
         <run_address>0x6f80</run_address>
         <size>0x40</size>
         <contents>
            <object_component_ref idref="oc-a5"/>
         </contents>
      </logical_group>
      <logical_group id="lg-2f" display="no" color="cyan">
         <name>GpioDataRegsFile</name>
         <run_address>0x6fc0</run_address>
         <size>0x20</size>
         <contents>
            <object_component_ref idref="oc-93"/>
         </contents>
      </logical_group>
      <logical_group id="lg-30" display="no" color="cyan">
         <name>GpioIntRegsFile</name>
         <run_address>0x6fe0</run_address>
         <size>0x20</size>
         <contents>
            <object_component_ref idref="oc-92"/>
         </contents>
      </logical_group>
      <logical_group id="lg-31" display="no" color="cyan">
         <name>HRCap1RegsFile</name>
         <run_address>0x6ac0</run_address>
         <size>0x1f</size>
         <contents>
            <object_component_ref idref="oc-90"/>
         </contents>
      </logical_group>
      <logical_group id="lg-32" display="no" color="cyan">
         <name>HRCap2RegsFile</name>
         <run_address>0x6ae0</run_address>
         <size>0x1f</size>
         <contents>
            <object_component_ref idref="oc-8e"/>
         </contents>
      </logical_group>
      <logical_group id="lg-33" display="no" color="cyan">
         <name>HRCap3RegsFile</name>
         <run_address>0x6c80</run_address>
         <size>0x1f</size>
         <contents>
            <object_component_ref idref="oc-8f"/>
         </contents>
      </logical_group>
      <logical_group id="lg-34" display="no" color="cyan">
         <name>HRCap4RegsFile</name>
         <run_address>0x6ca0</run_address>
         <size>0x1f</size>
         <contents>
            <object_component_ref idref="oc-91"/>
         </contents>
      </logical_group>
      <logical_group id="lg-35" display="no" color="cyan">
         <name>SysCtrlRegsFile</name>
         <run_address>0x7010</run_address>
         <size>0x30</size>
         <contents>
            <object_component_ref idref="oc-9b"/>
         </contents>
      </logical_group>
      <logical_group id="lg-36" display="no" color="cyan">
         <name>SpiaRegsFile</name>
         <run_address>0x7040</run_address>
         <size>0x10</size>
         <contents>
            <object_component_ref idref="oc-8b"/>
         </contents>
      </logical_group>
      <logical_group id="lg-37" display="no" color="cyan">
         <name>SpibRegsFile</name>
         <run_address>0x7740</run_address>
         <size>0x10</size>
         <contents>
            <object_component_ref idref="oc-8a"/>
         </contents>
      </logical_group>
      <logical_group id="lg-38" display="no" color="cyan">
         <name>SciaRegsFile</name>
         <run_address>0x7050</run_address>
         <size>0x10</size>
         <contents>
            <object_component_ref idref="oc-86"/>
         </contents>
      </logical_group>
      <logical_group id="lg-39" display="no" color="cyan">
         <name>ScibRegsFile</name>
         <run_address>0x7750</run_address>
         <size>0x10</size>
         <contents>
            <object_component_ref idref="oc-85"/>
         </contents>
      </logical_group>
      <logical_group id="lg-3a" display="no" color="cyan">
         <name>NmiIntruptRegsFile</name>
         <run_address>0x7060</run_address>
         <size>0x10</size>
         <contents>
            <object_component_ref idref="oc-87"/>
         </contents>
      </logical_group>
      <logical_group id="lg-3b" display="no" color="cyan">
         <name>XIntruptRegsFile</name>
         <run_address>0x7070</run_address>
         <size>0x10</size>
         <contents>
[...]
      </symbol>
      <symbol id="sm-206">
         <name>_I2CINT1A_ISR</name>
         <value>0x107d6</value>
         <object_component_ref idref="oc-71"/>
      </symbol>
      <symbol id="sm-207">
         <name>_XINT2_ISR</name>
         <value>0x10632</value>
         <object_component_ref idref="oc-71"/>
      </symbol>
      <symbol id="sm-208">
         <name>_CLA1_INT7_ISR</name>
         <value>0x1089e</value>
         <object_component_ref idref="oc-71"/>
      </symbol>
      <symbol id="sm-209">
         <name>_I2CINT2A_ISR</name>
         <value>0x107e0</value>
         <object_component_ref idref="oc-71"/>
      </symbol>
      <symbol id="sm-20a">
         <name>_RTOSINT_ISR</name>
         <value>0x10574</value>
         <object_component_ref idref="oc-71"/>
      </symbol>
      <symbol id="sm-20b">
         <name>_EPWM3_INT_ISR</name>
         <value>0x106be</value>
         <object_component_ref idref="oc-71"/>
      </symbol>
      <symbol id="sm-20c">
         <name>_ADCINT3_ISR</name>
         <value>0x10826</value>
         <object_component_ref idref="oc-71"/>
      </symbol>
      <symbol id="sm-20d">
         <name>_SPITXINTB_ISR</name>
         <value>0x1077c</value>
         <object_component_ref idref="oc-71"/>
      </symbol>
      <symbol id="sm-20e">
         <name>_SPIRXINTB_ISR</name>
         <value>0x10772</value>
         <object_component_ref idref="oc-71"/>
      </symbol>
      <symbol id="sm-20f">
         <name>_USER9_ISR</name>
         <value>0x105ec</value>
         <object_component_ref idref="oc-71"/>
      </symbol>
      <symbol id="sm-210">
         <name>_USER3_ISR</name>
         <value>0x105b0</value>
         <object_component_ref idref="oc-71"/>
      </symbol>
      <symbol id="sm-211">
         <name>_CLA1_INT4_ISR</name>
         <value>0x10880</value>
         <object_component_ref idref="oc-71"/>
      </symbol>
      <symbol id="sm-212">
         <name>_EQEP1_INT_ISR</name>
         <value>0x1072c</value>
         <object_component_ref idref="oc-71"/>
      </symbol>
      <symbol id="sm-213">
         <name>_HRCAP3_INT_ISR</name>
         <value>0x10740</value>
         <object_component_ref idref="oc-71"/>
      </symbol>
      <symbol id="sm-214">
         <name>_DINTCH1_ISR</name>
         <value>0x1079a</value>
         <object_component_ref idref="oc-71"/>
      </symbol>
      <symbol id="sm-215">
         <name>_USER8_ISR</name>
         <value>0x105e2</value>
         <object_component_ref idref="oc-71"/>
      </symbol>
      <symbol id="sm-216">
         <name>_EPWM1_INT_ISR</name>
         <value>0x106aa</value>
         <object_component_ref idref="oc-71"/>
      </symbol>
      <symbol id="sm-217">
         <name>_USER2_ISR</name>
         <value>0x105a6</value>
         <object_component_ref idref="oc-71"/>
      </symbol>
      <symbol id="sm-218">
         <name>_CLA1_INT5_ISR</name>
         <value>0x1088a</value>
         <object_component_ref idref="oc-71"/>
      </symbol>
      <symbol id="sm-219">
         <name>_LUF_ISR</name>
         <value>0x108c6</value>
         <object_component_ref idref="oc-71"/>
      </symbol>
      <symbol id="sm-21a">
         <name>_LVF_ISR</name>
         <value>0x108bc</value>
         <object_component_ref idref="oc-71"/>
      </symbol>
      <symbol id="sm-21b">
         <name>_SCITXINTA_ISR</name>
         <value>0x107f4</value>
         <object_component_ref idref="oc-71"/>
      </symbol>
      <symbol id="sm-21c">
         <name>_SCIRXINTA_ISR</name>
         <value>0x107ea</value>
         <object_component_ref idref="oc-71"/>
      </symbol>
      <symbol id="sm-21d">
         <name>_rsvd_ISR</name>
         <value>0x108e7</value>
         <object_component_ref idref="oc-71"/>
      </symbol>
      <symbol id="sm-21e">
         <name>_HRCAP1_INT_ISR</name>
         <value>0x10718</value>
         <object_component_ref idref="oc-71"/>
      </symbol>
      <symbol id="sm-21f">
         <name>_DINTCH2_ISR</name>
         <value>0x107a4</value>
         <object_component_ref idref="oc-71"/>
      </symbol>
      <symbol id="sm-297">
         <name>_Usb0Regs</name>
         <value>0x4000</value>
         <object_component_ref idref="oc-ae"/>
      </symbol>
      <symbol id="sm-298">
         <name>_GpioCtrlRegs</name>
         <value>0x6f80</value>
         <object_component_ref idref="oc-a5"/>
      </symbol>
      <symbol id="sm-299">
         <name>_PieVectTable</name>
         <value>0xd00</value>
         <object_component_ref idref="oc-ac"/>
      </symbol>
      <symbol id="sm-29a">
         <name>_SysPwrCtrlRegs</name>
         <value>0x985</value>
         <object_component_ref idref="oc-7b"/>
      </symbol>
      <symbol id="sm-29b">
         <name>_EmuBMode</name>
         <value>0xd01</value>
         <object_component_ref idref="oc-78"/>
      </symbol>
      <symbol id="sm-29c">
         <name>_CsmRegs</name>
         <value>0xae0</value>
         <object_component_ref idref="oc-89"/>
      </symbol>
      <symbol id="sm-29d">
         <name>_ECanaLAMRegs</name>
         <value>0x6040</value>
         <object_component_ref idref="oc-a0"/>
      </symbol>
      <symbol id="sm-29e">
         <name>_AdcResult</name>
         <value>0xb00</value>
         <object_component_ref idref="oc-8c"/>
      </symbol>
      <symbol id="sm-29f">
         <name>_EPwm4Regs</name>
         <value>0x68c0</value>
         <object_component_ref idref="oc-a7"/>
      </symbol>
      <symbol id="sm-2a0">
         <name>_CpuTimer1Regs</name>
         <value>0xc08</value>
         <object_component_ref idref="oc-80"/>
      </symbol>
      <symbol id="sm-2a1">
         <name>_SysCtrlRegs</name>
         <value>0x7010</value>
         <object_component_ref idref="oc-9b"/>
      </symbol>
      <symbol id="sm-2a2">
         <name>_HRCap4Regs</name>
         <value>0x6ca0</value>
         <object_component_ref idref="oc-91"/>
      </symbol>
      <symbol id="sm-2a3">
         <name>_EPwm5Regs</name>
         <value>0x6900</value>
         <object_component_ref idref="oc-a8"/>
      </symbol>
      <symbol id="sm-2a4">
         <name>_SpiaRegs</name>
         <value>0x7040</value>
         <object_component_ref idref="oc-8b"/>
      </symbol>
      <symbol id="sm-2a5">
         <name>_ECanaMOTSRegs</name>
         <value>0x6080</value>
         <object_component_ref idref="oc-a1"/>
      </symbol>
      <symbol id="sm-2a6">
         <name>_DmaRegs</name>
         <value>0x1000</value>
         <object_component_ref idref="oc-ab"/>
      </symbol>
      <symbol id="sm-2a7">
         <name>_FlashRegs</name>
         <value>0xa80</value>
         <object_component_ref idref="oc-84"/>
      </symbol>
      <symbol id="sm-2a8">
         <name>_CpuTimer0Regs</name>
         <value>0xc00</value>
         <object_component_ref idref="oc-81"/>
      </symbol>
      <symbol id="sm-2a9">
         <name>_DevEmuRegs</name>
         <value>0x880</value>
         <object_component_ref idref="oc-7c"/>
      </symbol>
      <symbol id="sm-2aa">
         <name>_EPwm6Regs</name>
         <value>0x6940</value>
         <object_component_ref idref="oc-a4"/>
      </symbol>
      <symbol id="sm-2ab">
         <name>_Comp1Regs</name>
         <value>0x6400</value>
         <object_component_ref idref="oc-7e"/>
      </symbol>
      <symbol id="sm-2ac">
         <name>_SciaRegs</name>
         <value>0x7050</value>
         <object_component_ref idref="oc-86"/>
      </symbol>
      <symbol id="sm-2ad">
         <name>_GpioDataRegs</name>
         <value>0x6fc0</value>
         <object_component_ref idref="oc-93"/>
      </symbol>
      <symbol id="sm-2ae">
         <name>_CsmPwl</name>
         <value>0x3f7ff8</value>
         <object_component_ref idref="oc-82"/>
      </symbol>
      <symbol id="sm-2af">
         <name>_AdcRegs</name>
         <value>0x7100</value>
         <object_component_ref idref="oc-aa"/>
      </symbol>
      <symbol id="sm-2b0">
         <name>_EPwm7Regs</name>
         <value>0x6980</value>
         <object_component_ref idref="oc-a3"/>
      </symbol>
      <symbol id="sm-2b1">
         <name>_Comp2Regs</name>
         <value>0x6420</value>
         <object_component_ref idref="oc-7f"/>
      </symbol>
      <symbol id="sm-2b2">
         <name>_XIntruptRegs</name>
         <value>0x7070</value>
         <object_component_ref idref="oc-88"/>
      </symbol>
      <symbol id="sm-2b3">
         <name>_CpuTimer2Regs</name>
         <value>0xc10</value>
         <object_component_ref idref="oc-83"/>
      </symbol>
      <symbol id="sm-2b4">
         <name>_HRCap1Regs</name>
         <value>0x6ac0</value>
         <object_component_ref idref="oc-90"/>
      </symbol>
      <symbol id="sm-2b5">
         <name>_PieCtrlRegs</name>
         <value>0xce0</value>
         <object_component_ref idref="oc-8d"/>
      </symbol>
      <symbol id="sm-2b6">
         <name>_SpibRegs</name>
         <value>0x7740</value>
         <object_component_ref idref="oc-8a"/>
      </symbol>
      <symbol id="sm-2b7">
         <name>_ECanaRegs</name>
         <value>0x6000</value>
         <object_component_ref idref="oc-9c"/>
      </symbol>
      <symbol id="sm-2b8">
         <name>_Comp3Regs</name>
         <value>0x6440</value>
         <object_component_ref idref="oc-7d"/>
      </symbol>
      <symbol id="sm-2b9">
         <name>_ECap1Regs</name>
         <value>0x6a00</value>
         <object_component_ref idref="oc-95"/>
      </symbol>
      <symbol id="sm-2ba">
         <name>_EmuKey</name>
         <value>0xd00</value>
         <object_component_ref idref="oc-77"/>
      </symbol>
      <symbol id="sm-2bb">
         <name>_Cla1Regs</name>
         <value>0x1400</value>
         <object_component_ref idref="oc-a2"/>
      </symbol>
      <symbol id="sm-2bc">
         <name>_EQep1Regs</name>
         <value>0x6b00</value>
         <object_component_ref idref="oc-99"/>
      </symbol>
      <symbol id="sm-2bd">
         <name>_McbspaRegs</name>
         <value>0x5000</value>
         <object_component_ref idref="oc-9a"/>
      </symbol>
      <symbol id="sm-2be">
         <name>_EPwm1Regs</name>
         <value>0x6800</value>
         <object_component_ref idref="oc-9f"/>
      </symbol>
      <symbol id="sm-2bf">
         <name>_ScibRegs</name>
         <value>0x7750</value>
         <object_component_ref idref="oc-85"/>
      </symbol>
      <symbol id="sm-2c0">
         <name>_ECap2Regs</name>
         <value>0x6a20</value>
         <object_component_ref idref="oc-94"/>
      </symbol>
      <symbol id="sm-2c1">
         <name>_GpioIntRegs</name>
         <value>0x6fe0</value>
         <object_component_ref idref="oc-92"/>
      </symbol>
      <symbol id="sm-2c2">
         <name>_EQep2Regs</name>
         <value>0x6b40</value>
         <object_component_ref idref="oc-97"/>
      </symbol>
      <symbol id="sm-2c3">
         <name>_PartIdRegs</name>
         <value>0x3d7e80</value>
         <object_component_ref idref="oc-76"/>
      </symbol>
      <symbol id="sm-2c4">
         <name>_HRCap3Regs</name>
         <value>0x6c80</value>
         <object_component_ref idref="oc-8f"/>
      </symbol>
      <symbol id="sm-2c5">
         <name>_EPwm8Regs</name>
         <value>0x69c0</value>
         <object_component_ref idref="oc-a6"/>
      </symbol>
      <symbol id="sm-2c6">
         <name>_Flash_CPUScaleFactor</name>
         <value>0xd04</value>
         <object_component_ref idref="oc-7a"/>
      </symbol>
      <symbol id="sm-2c7">
         <name>_EPwm2Regs</name>
         <value>0x6840</value>
         <object_component_ref idref="oc-9e"/>
      </symbol>
      <symbol id="sm-2c8">
         <name>_ECanaMboxes</name>
         <value>0x6100</value>
         <object_component_ref idref="oc-ad"/>
      </symbol>
      <symbol id="sm-2c9">
         <name>_ECap3Regs</name>
         <value>0x6a40</value>
         <object_component_ref idref="oc-96"/>
      </symbol>
      <symbol id="sm-2ca">
         <name>_HRCap2Regs</name>
         <value>0x6ae0</value>
         <object_component_ref idref="oc-8e"/>
      </symbol>
      <symbol id="sm-2cb">
         <name>_NmiIntruptRegs</name>
         <value>0x7060</value>
         <object_component_ref idref="oc-87"/>
      </symbol>
      <symbol id="sm-2cc">
         <name>_ECanaMOTORegs</name>
         <value>0x60c0</value>
         <object_component_ref idref="oc-9d"/>
      </symbol>
      <symbol id="sm-2cd">
         <name>_Flash_CallbackPtr</name>
         <value>0xd02</value>
         <object_component_ref idref="oc-79"/>
      </symbol>
      <symbol id="sm-2ce">
         <name>_EPwm3Regs</name>
         <value>0x6880</value>
         <object_component_ref idref="oc-a9"/>
      </symbol>
      <symbol id="sm-2cf">
         <name>_I2caRegs</name>
         <value>0x7900</value>
         <object_component_ref idref="oc-98"/>
      </symbol>
      <symbol id="sm-2e7">
         <name>_InitPieCtrl</name>
         <value>0x10e25</value>
         <object_component_ref idref="oc-11b"/>
      </symbol>
      <symbol id="sm-2e8">
         <name>_EnableInterrupts</name>
         <value>0x10e44</value>
         <object_component_ref idref="oc-11b"/>
      </symbol>
      <symbol id="sm-2f6">
         <name>_PieVectTableInit</name>
         <value>0xa158</value>
         <object_component_ref idref="oc-bd"/>
      </symbol>
      <symbol id="sm-2f7">
         <name>_InitPieVectTable</name>
         <value>0x10e4d</value>
         <object_component_ref idref="oc-11c"/>
      </symbol>
      <symbol id="sm-30c">
         <name>_InitPll</name>
         <value>0x10b2b</value>
         <object_component_ref idref="oc-11a"/>
      </symbol>
      <symbol id="sm-30d">
         <name>_IntOsc1Sel</name>
         <value>0x10c38</value>
         <object_component_ref idref="oc-11a"/>
      </symbol>
      <symbol id="sm-30e">
         <name>_ExtOscSel</name>
         <value>0x10c70</value>
         <object_component_ref idref="oc-11a"/>
      </symbol>
      <symbol id="sm-30f">
         <name>_DisableDog</name>
         <value>0x10b23</value>
         <object_component_ref idref="oc-11a"/>
      </symbol>
      <symbol id="sm-310">
         <name>_InitPeripheralClocks</name>
         <value>0x10bad</value>
         <object_component_ref idref="oc-11a"/>
      </symbol>
      <symbol id="sm-311">
         <name>_IntOsc2Sel</name>
         <value>0x10c48</value>
         <object_component_ref idref="oc-11a"/>
      </symbol>
      <symbol id="sm-312">
         <name>_CsmUnlock</name>
         <value>0x10c07</value>
         <object_component_ref idref="oc-11a"/>
      </symbol>
      <symbol id="sm-313">
         <name>_InitPll2</name>
         <value>0x10b7f</value>
         <object_component_ref idref="oc-11a"/>
      </symbol>
      <symbol id="sm-314">
         <name>_ServiceDog</name>
         <value>0x10b19</value>
         <object_component_ref idref="oc-11a"/>
      </symbol>
      <symbol id="sm-315">
         <name>_XtalOscSel</name>
         <value>0x10c5c</value>
         <object_component_ref idref="oc-11a"/>
      </symbol>
      <symbol id="sm-316">
         <name>_InitSysCtrl</name>
         <value>0x10aff</value>
         <object_component_ref idref="oc-11a"/>
      </symbol>
      <symbol id="sm-31e">
         <name>_DSP28x_usDelay</name>
         <value>0x8329</value>
         <object_component_ref idref="oc-c5"/>
      </symbol>
      <symbol id="sm-331">
         <name>_ocr_contents</name>
         <value>0xa106</value>
         <object_component_ref idref="oc-cf"/>
      </symbol>
      <symbol id="sm-332">
         <name>_high_capacity</name>
         <value>0xa103</value>
         <object_component_ref idref="oc-cf"/>
      </symbol>
      <symbol id="sm-333">
         <name>_crc_enabled</name>
         <value>0xa102</value>
         <object_component_ref idref="oc-cf"/>
      </symbol>
      <symbol id="sm-334">
         <name>_card_status</name>
         <value>0xa104</value>
         <object_component_ref idref="oc-cf"/>
      </symbol>
      <symbol id="sm-335">
         <name>_cid_contents</name>
         <value>0xa11b</value>
         <object_component_ref idref="oc-cf"/>
      </symbol>
      <symbol id="sm-336">
         <name>_response</name>
         <value>0xa101</value>
         <object_component_ref idref="oc-cf"/>
      </symbol>
      <symbol id="sm-337">
         <name>_data_manipulation</name>
         <value>0xa100</value>
         <object_component_ref idref="oc-cf"/>
      </symbol>
      <symbol id="sm-338">
         <name>_csd_contents</name>
         <value>0xa10b</value>
         <object_component_ref idref="oc-cf"/>
      </symbol>
      <symbol id="sm-36f">
         <name>_c_int00</name>
         <value>0x10ddf</value>
         <object_component_ref idref="oc-4d"/>
      </symbol>
      <symbol id="sm-370">
         <name>__stack</name>
         <value>0x400</value>
         <object_component_ref idref="oc-e7"/>
      </symbol>
      <symbol id="sm-381">
         <name>_errno</name>
         <value>0xa0fc</value>
         <object_component_ref idref="oc-f2"/>
      </symbol>
      <symbol id="sm-392">
         <name>C$$EXIT</name>
         <value>0x10e8b</value>
         <object_component_ref idref="oc-115"/>
      </symbol>
      <symbol id="sm-393">
         <name>_exit</name>
         <value>0x10e8d</value>
         <object_component_ref idref="oc-115"/>
      </symbol>
      <symbol id="sm-394">
         <name>___TI_cleanup_ptr</name>
         <value>0xa0f8</value>
         <object_component_ref idref="oc-f6"/>
      </symbol>
      <symbol id="sm-395">
         <name>_abort</name>
         <value>0x10e8b</value>
         <object_component_ref idref="oc-115"/>
      </symbol>
      <symbol id="sm-396">
         <name>___TI_dtors_ptr</name>
         <value>0xa0fa</value>
         <object_component_ref idref="oc-f6"/>
      </symbol>
      <symbol id="sm-3aa">
         <name>FS$$DIV</name>
         <value>0x10c86</value>
         <object_component_ref idref="oc-fe"/>
      </symbol>
      <symbol id="sm-3b5">
         <name>_sin</name>
         <value>0x10d87</value>
         <object_component_ref idref="oc-117"/>
      </symbol>
      <symbol id="sm-3ca">
         <name>__unlock</name>
         <value>0xa0f4</value>
         <object_component_ref idref="oc-10c"/>
      </symbol>
      <symbol id="sm-3cb">
         <name>__lock</name>
         <value>0xa0f6</value>
         <object_component_ref idref="oc-10c"/>
      </symbol>
      <symbol id="sm-3cc">
         <name>__register_lock</name>
         <value>0x10ea8</value>
         <object_component_ref idref="oc-118"/>
      </symbol>
      <symbol id="sm-3cd">
         <name>__nop</name>
         <value>0x10eac</value>
         <object_component_ref idref="oc-118"/>
      </symbol>
      <symbol id="sm-3ce">
         <name>__register_unlock</name>
         <value>0x10ea4</value>
         <object_component_ref idref="oc-118"/>
      </symbol>
      <symbol id="sm-3da">
         <name>__args_main</name>
         <value>0x10e72</value>
         <object_component_ref idref="oc-114"/>
      </symbol>
      <symbol id="sm-3db">
         <name>__TI_args_main</name>
         <value>0x1</value>
      </symbol>
   </symbol_table>
   <title>Link successful</title>
</link_info>
