******************************************************************************
             TMS320C2000 Linker PC v18.12.2                    
******************************************************************************
>> Linked Mon Jun 12 16:45:24 2023

OUTPUT FILE NAME:   <BLDC-Parker018.out>
ENTRY POINT SYMBOL: "_c_int00"  address: 00011106


MEMORY CONFIGURATION

         name            origin    length      used     unused   attr    fill
----------------------  --------  ---------  --------  --------  ----  --------
PAGE 0:
  BEGIN                 00000000   00000002  00000002  00000000  RWIX
  RAMM0                 00000050   000003b0  00000078  00000338  RWIX
  RAML1                 00008000   00000700  00000004  000006fc  RWIX
  RAML0_L3              00008700   00001a00  00000000  00001a00  RWIX
  RAML78                00010000   00004000  00001241  00002dbf  RWIX
  FPUTABLES             003fd860   000006a0  00000000  000006a0  RWIX
  IQTABLES              003fdf00   00000b50  00000000  00000b50  RWIX
  IQTABLES2             003fea50   0000008c  00000000  0000008c  RWIX
  IQTABLES3             003feadc   000000aa  00000000  000000aa  RWIX
  BOOTROM               003ff3b0   00000c10  00000000  00000c10  RWIX
  RESET                 003fffc0   00000002  00000000  00000002  RWIX

PAGE 1:
  BOOT_RSVD             00000002   0000004e  00000000  0000004e  RWIX
  RAMM1                 00000400   00000400  00000300  00000100  RWIX
  DEV_EMU               00000880   00000105  00000004  00000101  RWIX
  SYS_PWR_CTL           00000985   00000003  00000003  00000000  RWIX
  FLASH_REGS            00000a80   00000060  00000008  00000058  RWIX
  CSM                   00000ae0   00000020  00000010  00000010  RWIX
  ADC_RESULT            00000b00   00000020  00000010  00000010  RWIX
  CPU_TIMER0            00000c00   00000008  00000008  00000000  RWIX
  CPU_TIMER1            00000c08   00000008  00000008  00000000  RWIX
  CPU_TIMER2            00000c10   00000008  00000008  00000000  RWIX
  PIE_CTRL              00000ce0   00000020  0000001a  00000006  RWIX
  PIE_VECT              00000d00   00000100  00000100  00000000  RWIX
  DMA                   00001000   00000200  000000e0  00000120  RWIX
  CLA1                  00001400   00000080  00000040  00000040  RWIX
  USB0                  00004000   00001000  00000454  00000bac  RWIX
  McBSPA                00005000   00000040  00000024  0000001c  RWIX
  ECANA                 00006000   00000040  00000034  0000000c  RWIX
  ECANA_LAM             00006040   00000040  00000040  00000000  RWIX
  ECANA_MOTS            00006080   00000040  00000040  00000000  RWIX
  ECANA_MOTO            000060c0   00000040  00000040  00000000  RWIX
  ECANA_MBOX            00006100   00000100  00000100  00000000  RWIX
  COMP1                 00006400   00000020  00000007  00000019  RWIX
  COMP2                 00006420   00000020  00000007  00000019  RWIX
  COMP3                 00006440   00000020  00000007  00000019  RWIX
  EPWM1                 00006800   00000040  00000040  00000000  RWIX
  EPWM2                 00006840   00000040  00000040  00000000  RWIX
  EPWM3                 00006880   00000040  00000040  00000000  RWIX
  EPWM4                 000068c0   00000040  00000040  00000000  RWIX
  EPWM5                 00006900   00000040  00000040  00000000  RWIX
  EPWM6                 00006940   00000040  00000040  00000000  RWIX
  EPWM7                 00006980   00000040  00000040  00000000  RWIX
  EPWM8                 000069c0   00000040  00000040  00000000  RWIX
  ECAP1                 00006a00   00000020  00000020  00000000  RWIX
  ECAP2                 00006a20   00000020  00000020  00000000  RWIX
  ECAP3                 00006a40   00000020  00000020  00000000  RWIX
  HRCAP1                00006ac0   00000020  0000001f  00000001  RWIX
  HRCAP2                00006ae0   00000020  0000001f  00000001  RWIX
  EQEP1                 00006b00   00000040  00000022  0000001e  RWIX
  EQEP2                 00006b40   00000040  00000022  0000001e  RWIX
  HRCAP3                00006c80   00000020  0000001f  00000001  RWIX
  HRCAP4                00006ca0   00000020  0000001f  00000001  RWIX
  GPIOCTRL              00006f80   00000040  00000040  00000000  RWIX
  GPIODAT               00006fc0   00000020  00000020  00000000  RWIX
  GPIOINT               00006fe0   00000020  00000020  00000000  RWIX
  SYSTEM                00007010   00000030  00000030  00000000  RWIX
  SPIA                  00007040   00000010  00000010  00000000  RWIX
  SCIA                  00007050   00000010  00000010  00000000  RWIX
  NMIINTRUPT            00007060   00000010  00000010  00000000  RWIX
  XINTRUPT              00007070   00000010  00000010  00000000  RWIX
  ADC                   00007100   00000080  00000050  00000030  RWIX
  SPIB                  00007740   00000010  00000010  00000000  RWIX
  SCIB                  00007750   00000010  00000010  00000000  RWIX
  I2CA                  00007900   00000040  00000022  0000001e  RWIX
  RAML4                 0000a000   00002000  000003e2  00001c1e  RWIX
  RAML5                 0000c000   00002000  00000000  00002000  RWIX
  RAML6                 0000e000   00002000  00000000  00002000  RWIX
  USB_RAM               00040000   00000800  00000000  00000800  RWIX
  PARTID                003d7e80   00000001  00000001  00000000  RWIX
  CSM_PWL               003f7ff8   00000008  00000008  00000000  RWIX


SECTION ALLOCATION MAP

 output                                  attributes/
section   page    origin      length       input sections
--------  ----  ----------  ----------   ----------------
codestart 
*          0    00000000    00000002     
                  00000000    00000002     F2806x_CodeStartBranch.obj (codestart)

.cinit     0    00000050    00000071     
                  00000050    00000057     mainBLDC.obj (.cinit)
                  000000a7    0000000e     rts2800_fpu32.lib : exit.c.obj (.cinit)
                  000000b5    00000005                       : _lock.c.obj (.cinit:__lock)
                  000000ba    00000005                       : _lock.c.obj (.cinit:__unlock)
                  000000bf    00000002     --HOLE-- [fill = 0]

ramfuncs   0    00008000    00000004     
                  00008000    00000004     F2806x_usDelay.obj (ramfuncs)

.text      0    00010000    00001241     
                  00010000    0000039b     F2806x_DefaultIsr.obj (.text:retain)
                  0001039b    00000274     mainBLDC.obj (.text:retain)
                  0001060f    00000220     funkcje.obj (.text)
                  0001082f    00000211     F2806x_Adc.obj (.text)
                  00010a40    00000188     F2806x_SysCtrl.obj (.text)
                  00010bc8    00000132     regulator_PI.obj (.text)
                  00010cfa    000000a9     filtr.obj (.text)
                  00010da3    0000009d     abc_dq.obj (.text)
                  00010e40    0000008d     modulator2.obj (.text)
                  00010ecd    00000088     rts2800_fpu32.lib : fs_div28.asm.obj (.text)
                  00010f55    0000007e     dq_abc.obj (.text)
                  00010fd3    00000077     mainBLDC.obj (.text)
                  0001104a    00000063     rts2800_fpu32.lib : s_cosf.c.obj (.text)
                  000110ad    00000059                       : s_sinf.c.obj (.text)
                  00011106    00000056                       : boot28.asm.obj (.text)
                  0001115c    00000029                       : exit.c.obj (.text)
                  00011185    00000028     F2806x_PieCtrl.obj (.text)
                  000111ad    00000026     F2806x_PieVect.obj (.text)
                  000111d3    00000024     rts2800_fpu32.lib : cpy_tbl.c.obj (.text)
                  000111f7    0000001d                       : memcpy.c.obj (.text)
                  00011214    00000019                       : args_main.c.obj (.text)
                  0001122d    00000009                       : _lock.c.obj (.text)
                  00011236    00000008     F2806x_CodeStartBranch.obj (.text)
                  0001123e    00000002     rts2800_fpu32.lib : pre_init.c.obj (.text)
                  00011240    00000001                       : startup.c.obj (.text)

.pinit     0    00000050    00000000     UNINITIALIZED

.reset     0    003fffc0    00000002     DSECT
                  003fffc0    00000002     rts2800_fpu32.lib : boot28.asm.obj (.reset)

.adc_cal   0    000000c1    00000007     
                  000000c1    00000007     DSP2833x_ADC_cal.obj (.adc_cal)

.stack     1    00000400    00000300     UNINITIALIZED
                  00000400    00000300     --HOLE--

DevEmuRegsFile 
*          1    00000880    00000004     UNINITIALIZED
                  00000880    00000004     F2806x_GlobalVariableDefs.obj (DevEmuRegsFile)

SysPwrCtrlRegsFile 
*          1    00000985    00000003     UNINITIALIZED
                  00000985    00000003     F2806x_GlobalVariableDefs.obj (SysPwrCtrlRegsFile)

FlashRegsFile 
*          1    00000a80    00000008     UNINITIALIZED
                  00000a80    00000008     F2806x_GlobalVariableDefs.obj (FlashRegsFile)

CsmRegsFile 
*          1    00000ae0    00000010     UNINITIALIZED
                  00000ae0    00000010     F2806x_GlobalVariableDefs.obj (CsmRegsFile)

AdcResultFile 
*          1    00000b00    00000010     UNINITIALIZED
                  00000b00    00000010     F2806x_GlobalVariableDefs.obj (AdcResultFile)

CpuTimer0RegsFile 
*          1    00000c00    00000008     UNINITIALIZED
                  00000c00    00000008     F2806x_GlobalVariableDefs.obj (CpuTimer0RegsFile)

CpuTimer1RegsFile 
*          1    00000c08    00000008     UNINITIALIZED
                  00000c08    00000008     F2806x_GlobalVariableDefs.obj (CpuTimer1RegsFile)

CpuTimer2RegsFile 
*          1    00000c10    00000008     UNINITIALIZED
                  00000c10    00000008     F2806x_GlobalVariableDefs.obj (CpuTimer2RegsFile)

PieCtrlRegsFile 
*          1    00000ce0    0000001a     UNINITIALIZED
                  00000ce0    0000001a     F2806x_GlobalVariableDefs.obj (PieCtrlRegsFile)

DmaRegsFile 
*          1    00001000    000000e0     UNINITIALIZED
                  00001000    000000e0     F2806x_GlobalVariableDefs.obj (DmaRegsFile)

Usb0RegsFile 
*          1    00004000    00000454     UNINITIALIZED
                  00004000    00000454     F2806x_GlobalVariableDefs.obj (Usb0RegsFile)

McbspaRegsFile 
*          1    00005000    00000024     UNINITIALIZED
                  00005000    00000024     F2806x_GlobalVariableDefs.obj (McbspaRegsFile)

ECanaMOTSRegsFile 
*          1    00006080    00000040     UNINITIALIZED
                  00006080    00000040     F2806x_GlobalVariableDefs.obj (ECanaMOTSRegsFile)

ECanaMOTORegsFile 
*          1    000060c0    00000040     UNINITIALIZED
                  000060c0    00000040     F2806x_GlobalVariableDefs.obj (ECanaMOTORegsFile)

Comp1RegsFile 
*          1    00006400    00000007     UNINITIALIZED
                  00006400    00000007     F2806x_GlobalVariableDefs.obj (Comp1RegsFile)

Comp2RegsFile 
*          1    00006420    00000007     UNINITIALIZED
                  00006420    00000007     F2806x_GlobalVariableDefs.obj (Comp2RegsFile)

Comp3RegsFile 
*          1    00006440    00000007     UNINITIALIZED
                  00006440    00000007     F2806x_GlobalVariableDefs.obj (Comp3RegsFile)

EPwm1RegsFile 
*          1    00006800    00000040     UNINITIALIZED
                  00006800    00000040     F2806x_GlobalVariableDefs.obj (EPwm1RegsFile)

EPwm2RegsFile 
*          1    00006840    00000040     UNINITIALIZED
                  00006840    00000040     F2806x_GlobalVariableDefs.obj (EPwm2RegsFile)

EPwm3RegsFile 
*          1    00006880    00000040     UNINITIALIZED
                  00006880    00000040     F2806x_GlobalVariableDefs.obj (EPwm3RegsFile)

EPwm4RegsFile 
*          1    000068c0    00000040     UNINITIALIZED
                  000068c0    00000040     F2806x_GlobalVariableDefs.obj (EPwm4RegsFile)

EPwm5RegsFile 
*          1    00006900    00000040     UNINITIALIZED
                  00006900    00000040     F2806x_GlobalVariableDefs.obj (EPwm5RegsFile)

EPwm6RegsFile 
*          1    00006940    00000040     UNINITIALIZED
                  00006940    00000040     F2806x_GlobalVariableDefs.obj (EPwm6RegsFile)

EPwm7RegsFile 
*          1    00006980    00000040     UNINITIALIZED
                  00006980    00000040     F2806x_GlobalVariableDefs.obj (EPwm7RegsFile)

EPwm8RegsFile 
*          1    000069c0    00000040     UNINITIALIZED
                  000069c0    00000040     F2806x_GlobalVariableDefs.obj (EPwm8RegsFile)

HRCap1RegsFile 
*          1    00006ac0    0000001f     UNINITIALIZED
                  00006ac0    0000001f     F2806x_GlobalVariableDefs.obj (HRCap1RegsFile)

HRCap2RegsFile 
*          1    00006ae0    0000001f     UNINITIALIZED
                  00006ae0    0000001f     F2806x_GlobalVariableDefs.obj (HRCap2RegsFile)

HRCap3RegsFile 
*          1    00006c80    0000001f     UNINITIALIZED
                  00006c80    0000001f     F2806x_GlobalVariableDefs.obj (HRCap3RegsFile)

HRCap4RegsFile 
*          1    00006ca0    0000001f     UNINITIALIZED
                  00006ca0    0000001f     F2806x_GlobalVariableDefs.obj (HRCap4RegsFile)

SciaRegsFile 
*          1    00007050    00000010     UNINITIALIZED
                  00007050    00000010     F2806x_GlobalVariableDefs.obj (SciaRegsFile)

NmiIntruptRegsFile 
*          1    00007060    00000010     UNINITIALIZED
                  00007060    00000010     F2806x_GlobalVariableDefs.obj (NmiIntruptRegsFile)

XIntruptRegsFile 
*          1    00007070    00000010     UNINITIALIZED
                  00007070    00000010     F2806x_GlobalVariableDefs.obj (XIntruptRegsFile)

AdcRegsFile 
*          1    00007100    00000050     UNINITIALIZED
                  00007100    00000050     F2806x_GlobalVariableDefs.obj (AdcRegsFile)

.ebss      1    0000a000    000002e2     UNINITIALIZED
                  0000a000    00000190     mainBLDC.obj (.ebss:_grafff)
                  0000a190    00000018     F2806x_CpuTimers.obj (.ebss)
                  0000a1a8    00000006     rts2800_fpu32.lib : exit.c.obj (.ebss)
                  0000a1ae    00000004     modulator2.obj (.ebss)
                  0000a1b2    00000002     rts2800_fpu32.lib : _lock.c.obj (.ebss:__lock)
                  0000a1b4    00000002                       : _lock.c.obj (.ebss:__unlock)
                  0000a1b6    0000000a     --HOLE--
                  0000a1c0    00000122     mainBLDC.obj (.ebss)

.econst    1    0000a2e2    00000100     
                  0000a2e2    00000100     F2806x_PieVect.obj (.econst:_PieVectTableInit)

PieVectTableFile 
*          1    00000d00    00000100     UNINITIALIZED
                  00000d00    00000100     F2806x_GlobalVariableDefs.obj (PieVectTableFile)

EmuKeyVar 
*          1    00000d00    00000001     UNINITIALIZED
                  00000d00    00000001     F2806x_GlobalVariableDefs.obj (EmuKeyVar)

EmuBModeVar 
*          1    00000d01    00000001     UNINITIALIZED
                  00000d01    00000001     F2806x_GlobalVariableDefs.obj (EmuBModeVar)

FlashCallbackVar 
*          1    00000d02    00000002     UNINITIALIZED
                  00000d02    00000002     F2806x_GlobalVariableDefs.obj (FlashCallbackVar)

FlashScalingVar 
*          1    00000d04    00000002     UNINITIALIZED
                  00000d04    00000002     F2806x_GlobalVariableDefs.obj (FlashScalingVar)

Cla1RegsFile 
*          1    00001400    00000040     UNINITIALIZED
                  00001400    00000040     F2806x_GlobalVariableDefs.obj (Cla1RegsFile)

ECanaRegsFile 
*          1    00006000    00000034     UNINITIALIZED
                  00006000    00000034     F2806x_GlobalVariableDefs.obj (ECanaRegsFile)

ECanaLAMRegsFile 
*          1    00006040    00000040     UNINITIALIZED
                  00006040    00000040     F2806x_GlobalVariableDefs.obj (ECanaLAMRegsFile)

ECanaMboxesFile 
*          1    00006100    00000100     UNINITIALIZED
                  00006100    00000100     F2806x_GlobalVariableDefs.obj (ECanaMboxesFile)

ECap1RegsFile 
*          1    00006a00    00000020     UNINITIALIZED
                  00006a00    00000020     F2806x_GlobalVariableDefs.obj (ECap1RegsFile)

ECap2RegsFile 
*          1    00006a20    00000020     UNINITIALIZED
                  00006a20    00000020     F2806x_GlobalVariableDefs.obj (ECap2RegsFile)

ECap3RegsFile 
*          1    00006a40    00000020     UNINITIALIZED
                  00006a40    00000020     F2806x_GlobalVariableDefs.obj (ECap3RegsFile)

EQep1RegsFile 
*          1    00006b00    00000022     UNINITIALIZED
                  00006b00    00000022     F2806x_GlobalVariableDefs.obj (EQep1RegsFile)

EQep2RegsFile 
*          1    00006b40    00000022     UNINITIALIZED
                  00006b40    00000022     F2806x_GlobalVariableDefs.obj (EQep2RegsFile)

GpioCtrlRegsFile 
*          1    00006f80    00000040     UNINITIALIZED
                  00006f80    00000040     F2806x_GlobalVariableDefs.obj (GpioCtrlRegsFile)

GpioDataRegsFile 
*          1    00006fc0    00000020     UNINITIALIZED
                  00006fc0    00000020     F2806x_GlobalVariableDefs.obj (GpioDataRegsFile)

GpioIntRegsFile 
*          1    00006fe0    00000020     UNINITIALIZED
                  00006fe0    00000020     F2806x_GlobalVariableDefs.obj (GpioIntRegsFile)

SysCtrlRegsFile 
*          1    00007010    00000030     UNINITIALIZED
                  00007010    00000030     F2806x_GlobalVariableDefs.obj (SysCtrlRegsFile)

SpiaRegsFile 
*          1    00007040    00000010     UNINITIALIZED
                  00007040    00000010     F2806x_GlobalVariableDefs.obj (SpiaRegsFile)

SpibRegsFile 
*          1    00007740    00000010     UNINITIALIZED
                  00007740    00000010     F2806x_GlobalVariableDefs.obj (SpibRegsFile)

ScibRegsFile 
*          1    00007750    00000010     UNINITIALIZED
                  00007750    00000010     F2806x_GlobalVariableDefs.obj (ScibRegsFile)

I2caRegsFile 
*          1    00007900    00000022     UNINITIALIZED
                  00007900    00000022     F2806x_GlobalVariableDefs.obj (I2caRegsFile)

PartIdRegsFile 
*          1    003d7e80    00000001     UNINITIALIZED
                  003d7e80    00000001     F2806x_GlobalVariableDefs.obj (PartIdRegsFile)

CsmPwlFile 
*          1    003f7ff8    00000008     UNINITIALIZED
                  003f7ff8    00000008     F2806x_GlobalVariableDefs.obj (CsmPwlFile)

MODULE SUMMARY

       Module                          code   initialized data   uninitialized data
       ------                          ----   ----------------   ------------------
    .\
       mainBLDC.obj                    747    87                 690               
       funkcje.obj                     544    0                  0                 
       regulator_PI.obj                306    0                  0                 
       filtr.obj                       169    0                  0                 
       abc_dq.obj                      157    0                  0                 
       modulator2.obj                  141    0                  4                 
       dq_abc.obj                      126    0                  0                 
       DSP2833x_ADC_cal.obj            7      0                  0                 
    +--+-------------------------------+------+------------------+--------------------+
       Total:                          2197   87                 694               
                                                                                   
    .\source\
       F2806x_GlobalVariableDefs.obj   0      0                  3507              
       F2806x_DefaultIsr.obj           923    0                  0                 
       F2806x_Adc.obj                  529    0                  0                 
       F2806x_SysCtrl.obj              392    0                  0                 
       F2806x_PieVect.obj              38     256                0                 
       F2806x_PieCtrl.obj              40     0                  0                 
       F2806x_CpuTimers.obj            0      0                  24                
       F2806x_CodeStartBranch.obj      10     0                  0                 
       F2806x_usDelay.obj              4      0                  0                 
    +--+-------------------------------+------+------------------+--------------------+
       Total:                          1936   256                3531              
                                                                                   
    C:/ti/ccs910/ccs/tools/compiler/ti-cgt-c2000_18.12.2.LTS/lib/rts2800_fpu32.lib
       fs_div28.asm.obj                136    0                  0                 
       s_cosf.c.obj                    99     0                  0                 
       s_sinf.c.obj                    89     0                  0                 
       boot28.asm.obj                  86     0                  0                 
       exit.c.obj                      41     14                 6                 
       cpy_tbl.c.obj                   36     0                  0                 
       memcpy.c.obj                    29     0                  0                 
       args_main.c.obj                 25     0                  0                 
       _lock.c.obj                     9      10                 4                 
       pre_init.c.obj                  2      0                  0                 
       startup.c.obj                   1      0                  0                 
    +--+-------------------------------+------+------------------+--------------------+
       Total:                          553    24                 10                
                                                                                   
       Stack:                          0      0                  768               
    +--+-------------------------------+------+------------------+--------------------+
       Grand Total:                    4686   367                5003              


GLOBAL DATA SYMBOLS: SORTED BY DATA PAGE

address     data page           name
--------    ----------------    ----
00000400      10 (00000400)     __stack

00000880      22 (00000880)     _DevEmuRegs

00000985      26 (00000980)     _SysPwrCtrlRegs

00000a80      2a (00000a80)     _FlashRegs

00000ae0      2b (00000ac0)     _CsmRegs

00000b00      2c (00000b00)     _AdcResult

00000c00      30 (00000c00)     _CpuTimer0Regs
00000c08      30 (00000c00)     _CpuTimer1Regs
00000c10      30 (00000c00)     _CpuTimer2Regs

00000ce0      33 (00000cc0)     _PieCtrlRegs

00000d00      34 (00000d00)     _EmuKey
00000d00      34 (00000d00)     _PieVectTable
00000d01      34 (00000d00)     _EmuBMode
00000d02      34 (00000d00)     _Flash_CallbackPtr
00000d04      34 (00000d00)     _Flash_CPUScaleFactor

00001000      40 (00001000)     _DmaRegs

00001400      50 (00001400)     _Cla1Regs

00004000     100 (00004000)     _Usb0Regs

00005000     140 (00005000)     _McbspaRegs

00006000     180 (00006000)     _ECanaRegs

00006040     181 (00006040)     _ECanaLAMRegs

00006080     182 (00006080)     _ECanaMOTSRegs

000060c0     183 (000060c0)     _ECanaMOTORegs

00006100     184 (00006100)     _ECanaMboxes

00006400     190 (00006400)     _Comp1Regs
00006420     190 (00006400)     _Comp2Regs

00006440     191 (00006440)     _Comp3Regs

00006800     1a0 (00006800)     _EPwm1Regs

00006840     1a1 (00006840)     _EPwm2Regs

00006880     1a2 (00006880)     _EPwm3Regs

000068c0     1a3 (000068c0)     _EPwm4Regs

00006900     1a4 (00006900)     _EPwm5Regs

00006940     1a5 (00006940)     _EPwm6Regs

00006980     1a6 (00006980)     _EPwm7Regs

000069c0     1a7 (000069c0)     _EPwm8Regs

00006a00     1a8 (00006a00)     _ECap1Regs
00006a20     1a8 (00006a00)     _ECap2Regs

00006a40     1a9 (00006a40)     _ECap3Regs

00006ac0     1ab (00006ac0)     _HRCap1Regs
00006ae0     1ab (00006ac0)     _HRCap2Regs

00006b00     1ac (00006b00)     _EQep1Regs

00006b40     1ad (00006b40)     _EQep2Regs

00006c80     1b2 (00006c80)     _HRCap3Regs
00006ca0     1b2 (00006c80)     _HRCap4Regs

00006f80     1be (00006f80)     _GpioCtrlRegs

00006fc0     1bf (00006fc0)     _GpioDataRegs
00006fe0     1bf (00006fc0)     _GpioIntRegs

00007010     1c0 (00007000)     _SysCtrlRegs

00007040     1c1 (00007040)     _SpiaRegs
00007050     1c1 (00007040)     _SciaRegs
00007060     1c1 (00007040)     _NmiIntruptRegs
00007070     1c1 (00007040)     _XIntruptRegs

00007100     1c4 (00007100)     _AdcRegs

00007740     1dd (00007740)     _SpibRegs
00007750     1dd (00007740)     _ScibRegs

00007900     1e4 (00007900)     _I2caRegs

0000a000     280 (0000a000)     _grafff

0000a190     286 (0000a180)     _CpuTimer0
0000a198     286 (0000a180)     _CpuTimer1
0000a1a0     286 (0000a180)     _CpuTimer2
0000a1a8     286 (0000a180)     ___TI_enable_exit_profile_output
0000a1aa     286 (0000a180)     ___TI_cleanup_ptr
0000a1ac     286 (0000a180)     ___TI_dtors_ptr
0000a1ae     286 (0000a180)     _min_max_1
0000a1b2     286 (0000a180)     __lock
0000a1b4     286 (0000a180)     __unlock

0000a1c0     287 (0000a1c0)     _praca
0000a1c1     287 (0000a1c0)     _skip
0000a1c2     287 (0000a1c0)     _xd
0000a1c3     287 (0000a1c0)     _run
0000a1c4     287 (0000a1c0)     _skipValue
0000a1c6     287 (0000a1c0)     _sinus_a
0000a1c8     287 (0000a1c0)     _sinus_b
0000a1ca     287 (0000a1c0)     _sinus_c
0000a1cc     287 (0000a1c0)     _mcdonald_a
0000a1ce     287 (0000a1c0)     _mcdonald_b
0000a1d0     287 (0000a1c0)     _mcdonald_c
0000a1d2     287 (0000a1c0)     _dq_abc_a
0000a1d4     287 (0000a1c0)     _dq_abc_b
0000a1d6     287 (0000a1c0)     _dq_abc_c
0000a1d8     287 (0000a1c0)     _abc_dq_d
0000a1da     287 (0000a1c0)     _abc_dq_q
0000a1dc     287 (0000a1c0)     _step
0000a1de     287 (0000a1c0)     _d1
0000a1e0     287 (0000a1c0)     _d2
0000a1e2     287 (0000a1c0)     _d3
0000a1e4     287 (0000a1c0)     _iB
0000a1e6     287 (0000a1c0)     _iC
0000a1e8     287 (0000a1c0)     _iA
0000a1ea     287 (0000a1c0)     _iD1
0000a1ec     287 (0000a1c0)     _iQ1
0000a1ee     287 (0000a1c0)     _omega
0000a1f0     287 (0000a1c0)     _omega_filtr
0000a1f2     287 (0000a1c0)     _alfa
0000a1f4     287 (0000a1c0)     _alfa_pop
0000a1f6     287 (0000a1c0)     _d_alfa
0000a1f8     287 (0000a1c0)     _d_PhiMech
0000a1fa     287 (0000a1c0)     _PhiMech
0000a1fc     287 (0000a1c0)     _PhiMech_pop
0000a1fe     287 (0000a1c0)     _iD_ref

0000a200     288 (0000a200)     _iQ_ref
0000a202     288 (0000a200)     _iD_sum
0000a204     288 (0000a200)     _iQ_sum
0000a206     288 (0000a200)     _omega_ref
0000a208     288 (0000a200)     _omega_sum
0000a20a     288 (0000a200)     _value
0000a20c     288 (0000a200)     _AdcIntCounter
0000a210     288 (0000a200)     _Tustin
0000a21a     288 (0000a200)     _modulator
0000a226     288 (0000a200)     _modulator2
0000a232     288 (0000a200)     _DQ_ABC

0000a240     289 (0000a240)     _ABC_DQ
0000a24c     289 (0000a240)     _PI_d

0000a280     28a (0000a280)     _PI_q

0000a2c0     28b (0000a2c0)     _PI_omega
0000a2e2     28b (0000a2c0)     _PieVectTableInit

003d7e80    f5fa (003d7e80)     _PartIdRegs

003f7ff8    fdff (003f7fc0)     _CsmPwl


GLOBAL SYMBOLS: SORTED ALPHABETICALLY BY Name 

page  address   name                            
----  -------   ----                            
0     00010000  .text                           
0     0001115c  C$$EXIT                         
0     00010ecd  FS$$DIV                         
1     0000a240  _ABC_DQ                         
0     000100be  _ADCINT1_ISR                    
0     000100c8  _ADCINT2_ISR                    
0     000102d0  _ADCINT3_ISR                    
0     000102da  _ADCINT4_ISR                    
0     000102e4  _ADCINT5_ISR                    
0     000102ee  _ADCINT6_ISR                    
0     000102f8  _ADCINT7_ISR                    
0     00010302  _ADCINT8_ISR                    
0     000100e6  _ADCINT9_ISR                    
0     000000c1  _ADC_cal                        
0     000108a3  _AdcChanSelect                  
0     00010918  _AdcConversion                  
1     0000a20c  _AdcIntCounter                  
0     0001087c  _AdcOffsetSelfCal               
1     00007100  _AdcRegs                        
1     00000b00  _AdcResult                      
0     0001030c  _CLA1_INT1_ISR                  
0     00010316  _CLA1_INT2_ISR                  
0     00010320  _CLA1_INT3_ISR                  
0     0001032a  _CLA1_INT4_ISR                  
0     00010334  _CLA1_INT5_ISR                  
0     0001033e  _CLA1_INT6_ISR                  
0     00010348  _CLA1_INT7_ISR                  
0     00010352  _CLA1_INT8_ISR                  
1     00001400  _Cla1Regs                       
1     00006400  _Comp1Regs                      
1     00006420  _Comp2Regs                      
1     00006440  _Comp3Regs                      
1     0000a190  _CpuTimer0                      
1     00000c00  _CpuTimer0Regs                  
1     0000a198  _CpuTimer1                      
1     00000c08  _CpuTimer1Regs                  
1     0000a1a0  _CpuTimer2                      
1     00000c10  _CpuTimer2Regs                  
1     003f7ff8  _CsmPwl                         
1     00000ae0  _CsmRegs                        
0     00010b49  _CsmUnlock                      
0     00010014  _DATALOG_ISR                    
0     00010244  _DINTCH1_ISR                    
0     0001024e  _DINTCH2_ISR                    
0     00010258  _DINTCH3_ISR                    
0     00010262  _DINTCH4_ISR                    
0     0001026c  _DINTCH5_ISR                    
0     00010276  _DINTCH6_ISR                    
1     0000a232  _DQ_ABC                         
0     00008000  _DSP28x_usDelay                 
1     00000880  _DevEmuRegs                     
0     00010a64  _DisableDog                     
1     00001000  _DmaRegs                        
0     000102bc  _ECAN0INTA_ISR                  
0     000102c6  _ECAN1INTA_ISR                  
0     000101a4  _ECAP1_INT_ISR                  
0     000101ae  _ECAP2_INT_ISR                  
0     000101b8  _ECAP3_INT_ISR                  
1     00006040  _ECanaLAMRegs                   
1     000060c0  _ECanaMOTORegs                  
1     00006080  _ECanaMOTSRegs                  
1     00006100  _ECanaMboxes                    
1     00006000  _ECanaRegs                      
1     00006a00  _ECap1Regs                      
1     00006a20  _ECap2Regs                      
1     00006a40  _ECap3Regs                      
0     0001037a  _EMPTY_ISR                      
0     00010028  _EMUINT_ISR                     
0     00010154  _EPWM1_INT_ISR                  
0     00010104  _EPWM1_TZINT_ISR                
0     0001015e  _EPWM2_INT_ISR                  
0     0001010e  _EPWM2_TZINT_ISR                
0     00010168  _EPWM3_INT_ISR                  
0     00010118  _EPWM3_TZINT_ISR                
0     00010172  _EPWM4_INT_ISR                  
0     00010122  _EPWM4_TZINT_ISR                
0     0001017c  _EPWM5_INT_ISR                  
0     0001012c  _EPWM5_TZINT_ISR                
0     00010186  _EPWM6_INT_ISR                  
0     00010136  _EPWM6_TZINT_ISR                
0     00010190  _EPWM7_INT_ISR                  
0     00010140  _EPWM7_TZINT_ISR                
0     0001019a  _EPWM8_INT_ISR                  
0     0001014a  _EPWM8_TZINT_ISR                
1     00006800  _EPwm1Regs                      
1     00006840  _EPwm2Regs                      
1     00006880  _EPwm3Regs                      
1     000068c0  _EPwm4Regs                      
1     00006900  _EPwm5Regs                      
1     00006940  _EPwm6Regs                      
1     00006980  _EPwm7Regs                      
1     000069c0  _EPwm8Regs                      
0     00010793  _EPwm_Control123                
0     000101d6  _EQEP1_INT_ISR                  
0     000101e0  _EQEP2_INT_ISR                  
1     00006b00  _EQep1Regs                      
1     00006b40  _EQep2Regs                      
1     00000d01  _EmuBMode                       
1     00000d00  _EmuKey                         
0     000111a4  _EnableInterrupts               
0     000107de  _EncPos                         
0     00010bb2  _ExtOscSel                      
1     00000a80  _FlashRegs                      
1     00000d04  _Flash_CPUScaleFactor           
1     00000d02  _Flash_CallbackPtr              
1     00006f80  _GpioCtrlRegs                   
1     00006fc0  _GpioDataRegs                   
1     00006fe0  _GpioIntRegs                    
0     000101c2  _HRCAP1_INT_ISR                 
0     000101cc  _HRCAP2_INT_ISR                 
0     000101ea  _HRCAP3_INT_ISR                 
0     000101f4  _HRCAP4_INT_ISR                 
1     00006ac0  _HRCap1Regs                     
1     00006ae0  _HRCap2Regs                     
1     00006c80  _HRCap3Regs                     
1     00006ca0  _HRCap4Regs                     
0     00010280  _I2CINT1A_ISR                   
0     0001028a  _I2CINT2A_ISR                   
1     00007900  _I2caRegs                       
0     0001003c  _ILLEGAL_ISR                    
0     00010000  _INT13_ISR                      
0     0001000a  _INT14_ISR                      
0     0001060f  _InitADCConv                    
0     0001082f  _InitAdc                        
0     0001085a  _InitAdcAio                     
0     000107bc  _InitEncGpio                    
0     000106b9  _InitPWM                        
0     0001075a  _InitPWMGpio                    
0     00010aef  _InitPeripheralClocks           
0     00011185  _InitPieCtrl                    
0     000111ad  _InitPieVectTable               
0     00010a6c  _InitPll                        
0     00010ac1  _InitPll2                       
0     00010a40  _InitSysCtrl                    
0     00010b7a  _IntOsc1Sel                     
0     00010b8a  _IntOsc2Sel                     
0     00010c21  _IntegratorCalc                 
0     00010bc8  _IntegratorInit                 
0     00010370  _LUF_ISR                        
0     00010366  _LVF_ISR                        
0     00010230  _MRINTA_ISR                     
0     0001023a  _MXINTA_ISR                     
1     00005000  _McbspaRegs                     
0     00010e40  _Min_Max                        
0     00010032  _NMI_ISR                        
1     00007060  _NmiIntruptRegs                 
0     00010387  _PIE_RESERVED                   
1     0000a24c  _PI_d                           
1     0000a2c0  _PI_omega                       
1     0000a280  _PI_q                           
1     003d7e80  _PartIdRegs                     
1     0000a1fa  _PhiMech                        
1     0000a1fc  _PhiMech_pop                    
1     00000ce0  _PieCtrlRegs                    
1     00000d00  _PieVectTable                   
1     0000a2e2  _PieVectTableInit               
0     0001001e  _RTOSINT_ISR                    
0     00010294  _SCIRXINTA_ISR                  
0     000102a8  _SCIRXINTB_ISR                  
0     0001029e  _SCITXINTA_ISR                  
0     000102b2  _SCITXINTB_ISR                  
0     00010208  _SPIRXINTA_ISR                  
0     0001021c  _SPIRXINTB_ISR                  
0     00010212  _SPITXINTA_ISR                  
0     00010226  _SPITXINTB_ISR                  
1     00007050  _SciaRegs                       
1     00007750  _ScibRegs                       
0     00010a5a  _ServiceDog                     
1     00007040  _SpiaRegs                       
1     00007740  _SpibRegs                       
0     00010e7b  _Sum                            
1     00007010  _SysCtrlRegs                    
1     00000985  _SysPwrCtrlRegs                 
0     000100f0  _TINT0_ISR                      
1     0000a210  _Tustin                         
0     00010cfa  _Tustin_calc                    
0     000101fe  _USB0_INT_ISR                   
0     000100a0  _USER10_ISR                     
0     000100aa  _USER11_ISR                     
0     000100b4  _USER12_ISR                     
0     00010046  _USER1_ISR                      
0     00010050  _USER2_ISR                      
0     0001005a  _USER3_ISR                      
0     00010064  _USER4_ISR                      
0     0001006e  _USER5_ISR                      
0     00010078  _USER6_ISR                      
0     00010082  _USER7_ISR                      
0     0001008c  _USER8_ISR                      
0     00010096  _USER9_ISR                      
1     00004000  _Usb0Regs                       
0     000100fa  _WAKEINT_ISR                    
0     000100d2  _XINT1_ISR                      
0     000100dc  _XINT2_ISR                      
0     0001035c  _XINT3_ISR                      
1     00007070  _XIntruptRegs                   
0     00010b9e  _XtalOscSel                     
1     00000700  __STACK_END                     
abs   00000300  __STACK_SIZE                    
1     0000a1aa  ___TI_cleanup_ptr               
1     0000a1ac  ___TI_dtors_ptr                 
1     0000a1a8  ___TI_enable_exit_profile_output
abs   ffffffff  ___TI_pprof_out_hndl            
abs   ffffffff  ___TI_prof_data_size            
abs   ffffffff  ___TI_prof_data_start           
abs   ffffffff  ___binit__                      
abs   ffffffff  ___c_args__                     
0     00000050  ___cinit__                      
0     00011241  ___etext__                      
abs   ffffffff  ___pinit__                      
0     00010000  ___text__                       
0     00011214  __args_main                     
1     0000a1b2  __lock                          
0     00011235  __nop                           
0     00011231  __register_lock                 
0     0001122d  __register_unlock               
1     00000400  __stack                         
0     00011240  __system_post_cinit             
0     0001123e  __system_pre_init               
1     0000a1b4  __unlock                        
0     00010da3  _abc_dq_calc                    
1     0000a1d8  _abc_dq_d                       
1     0000a1da  _abc_dq_q                       
0     0001115c  _abort                          
0     0001039b  _adc_isr                        
1     0000a1f2  _alfa                           
1     0000a1f4  _alfa_pop                       
0     00011106  _c_int00                        
0     000111d3  _copy_in                        
0     0001104a  _cos                            
0     0001104a  _cosf                           
1     0000a1de  _d1                             
1     0000a1e0  _d2                             
1     0000a1e2  _d3                             
1     0000a1f8  _d_PhiMech                      
1     0000a1f6  _d_alfa                         
1     0000a1d2  _dq_abc_a                       
1     0000a1d4  _dq_abc_b                       
1     0000a1d6  _dq_abc_c                       
0     00010f55  _dq_abc_calc                    
0     0001115e  _exit                           
1     0000a000  _grafff                         
1     0000a1e8  _iA                             
1     0000a1e4  _iB                             
1     0000a1e6  _iC                             
1     0000a1ea  _iD1                            
1     0000a1fe  _iD_ref                         
1     0000a202  _iD_sum                         
1     0000a1ec  _iQ1                            
1     0000a200  _iQ_ref                         
1     0000a204  _iQ_sum                         
0     00010fd3  _main                           
1     0000a1cc  _mcdonald_a                     
1     0000a1ce  _mcdonald_b                     
1     0000a1d0  _mcdonald_c                     
0     000111f7  _memcpy                         
1     0000a1ae  _min_max_1                      
1     0000a21a  _modulator                      
1     0000a226  _modulator2                     
1     0000a1ee  _omega                          
1     0000a1f0  _omega_filtr                    
1     0000a206  _omega_ref                      
1     0000a208  _omega_sum                      
1     0000a1c0  _praca                          
0     00010391  _rsvd_ISR                       
1     0000a1c3  _run                            
0     000110ad  _sin                            
0     000110ad  _sinf                           
1     0000a1c6  _sinus_a                        
1     0000a1c8  _sinus_b                        
1     0000a1ca  _sinus_c                        
1     0000a1c1  _skip                           
1     0000a1c4  _skipValue                      
1     0000a1dc  _step                           
1     0000a20a  _value                          
1     0000a1c2  _xd                             
abs   ffffffff  binit                           
0     00000050  cinit                           
0     00000000  code_start                      
0     00011241  etext                           
abs   ffffffff  pinit                           


GLOBAL SYMBOLS: SORTED BY Symbol Address 

page  address   name                            
----  -------   ----                            
0     00000000  code_start                      
0     00000050  ___cinit__                      
0     00000050  cinit                           
0     000000c1  _ADC_cal                        
0     00008000  _DSP28x_usDelay                 
0     00010000  .text                           
0     00010000  _INT13_ISR                      
0     00010000  ___text__                       
0     0001000a  _INT14_ISR                      
0     00010014  _DATALOG_ISR                    
0     0001001e  _RTOSINT_ISR                    
0     00010028  _EMUINT_ISR                     
0     00010032  _NMI_ISR                        
0     0001003c  _ILLEGAL_ISR                    
0     00010046  _USER1_ISR                      
0     00010050  _USER2_ISR                      
0     0001005a  _USER3_ISR                      
0     00010064  _USER4_ISR                      
0     0001006e  _USER5_ISR                      
0     00010078  _USER6_ISR                      
0     00010082  _USER7_ISR                      
0     0001008c  _USER8_ISR                      
0     00010096  _USER9_ISR                      
0     000100a0  _USER10_ISR                     
0     000100aa  _USER11_ISR                     
0     000100b4  _USER12_ISR                     
0     000100be  _ADCINT1_ISR                    
0     000100c8  _ADCINT2_ISR                    
0     000100d2  _XINT1_ISR                      
0     000100dc  _XINT2_ISR                      
0     000100e6  _ADCINT9_ISR                    
0     000100f0  _TINT0_ISR                      
0     000100fa  _WAKEINT_ISR                    
0     00010104  _EPWM1_TZINT_ISR                
0     0001010e  _EPWM2_TZINT_ISR                
0     00010118  _EPWM3_TZINT_ISR                
0     00010122  _EPWM4_TZINT_ISR                
0     0001012c  _EPWM5_TZINT_ISR                
0     00010136  _EPWM6_TZINT_ISR                
0     00010140  _EPWM7_TZINT_ISR                
0     0001014a  _EPWM8_TZINT_ISR                
0     00010154  _EPWM1_INT_ISR                  
0     0001015e  _EPWM2_INT_ISR                  
0     00010168  _EPWM3_INT_ISR                  
0     00010172  _EPWM4_INT_ISR                  
0     0001017c  _EPWM5_INT_ISR                  
0     00010186  _EPWM6_INT_ISR                  
0     00010190  _EPWM7_INT_ISR                  
0     0001019a  _EPWM8_INT_ISR                  
0     000101a4  _ECAP1_INT_ISR                  
0     000101ae  _ECAP2_INT_ISR                  
0     000101b8  _ECAP3_INT_ISR                  
0     000101c2  _HRCAP1_INT_ISR                 
0     000101cc  _HRCAP2_INT_ISR                 
0     000101d6  _EQEP1_INT_ISR                  
0     000101e0  _EQEP2_INT_ISR                  
0     000101ea  _HRCAP3_INT_ISR                 
0     000101f4  _HRCAP4_INT_ISR                 
0     000101fe  _USB0_INT_ISR                   
0     00010208  _SPIRXINTA_ISR                  
0     00010212  _SPITXINTA_ISR                  
0     0001021c  _SPIRXINTB_ISR                  
0     00010226  _SPITXINTB_ISR                  
0     00010230  _MRINTA_ISR                     
0     0001023a  _MXINTA_ISR                     
0     00010244  _DINTCH1_ISR                    
0     0001024e  _DINTCH2_ISR                    
0     00010258  _DINTCH3_ISR                    
0     00010262  _DINTCH4_ISR                    
0     0001026c  _DINTCH5_ISR                    
0     00010276  _DINTCH6_ISR                    
0     00010280  _I2CINT1A_ISR                   
0     0001028a  _I2CINT2A_ISR                   
0     00010294  _SCIRXINTA_ISR                  
0     0001029e  _SCITXINTA_ISR                  
0     000102a8  _SCIRXINTB_ISR                  
0     000102b2  _SCITXINTB_ISR                  
0     000102bc  _ECAN0INTA_ISR                  
0     000102c6  _ECAN1INTA_ISR                  
0     000102d0  _ADCINT3_ISR                    
0     000102da  _ADCINT4_ISR                    
0     000102e4  _ADCINT5_ISR                    
0     000102ee  _ADCINT6_ISR                    
0     000102f8  _ADCINT7_ISR                    
0     00010302  _ADCINT8_ISR                    
0     0001030c  _CLA1_INT1_ISR                  
0     00010316  _CLA1_INT2_ISR                  
0     00010320  _CLA1_INT3_ISR                  
0     0001032a  _CLA1_INT4_ISR                  
0     00010334  _CLA1_INT5_ISR                  
0     0001033e  _CLA1_INT6_ISR                  
0     00010348  _CLA1_INT7_ISR                  
0     00010352  _CLA1_INT8_ISR                  
0     0001035c  _XINT3_ISR                      
0     00010366  _LVF_ISR                        
0     00010370  _LUF_ISR                        
0     0001037a  _EMPTY_ISR                      
0     00010387  _PIE_RESERVED                   
0     00010391  _rsvd_ISR                       
0     0001039b  _adc_isr                        
0     0001060f  _InitADCConv                    
0     000106b9  _InitPWM                        
0     0001075a  _InitPWMGpio                    
0     00010793  _EPwm_Control123                
0     000107bc  _InitEncGpio                    
0     000107de  _EncPos                         
0     0001082f  _InitAdc                        
0     0001085a  _InitAdcAio                     
0     0001087c  _AdcOffsetSelfCal               
0     000108a3  _AdcChanSelect                  
0     00010918  _AdcConversion                  
0     00010a40  _InitSysCtrl                    
0     00010a5a  _ServiceDog                     
0     00010a64  _DisableDog                     
0     00010a6c  _InitPll                        
0     00010ac1  _InitPll2                       
0     00010aef  _InitPeripheralClocks           
0     00010b49  _CsmUnlock                      
0     00010b7a  _IntOsc1Sel                     
0     00010b8a  _IntOsc2Sel                     
0     00010b9e  _XtalOscSel                     
0     00010bb2  _ExtOscSel                      
0     00010bc8  _IntegratorInit                 
0     00010c21  _IntegratorCalc                 
0     00010cfa  _Tustin_calc                    
0     00010da3  _abc_dq_calc                    
0     00010e40  _Min_Max                        
0     00010e7b  _Sum                            
0     00010ecd  FS$$DIV                         
0     00010f55  _dq_abc_calc                    
0     00010fd3  _main                           
0     0001104a  _cos                            
0     0001104a  _cosf                           
0     000110ad  _sin                            
0     000110ad  _sinf                           
0     00011106  _c_int00                        
0     0001115c  C$$EXIT                         
0     0001115c  _abort                          
0     0001115e  _exit                           
0     00011185  _InitPieCtrl                    
0     000111a4  _EnableInterrupts               
0     000111ad  _InitPieVectTable               
0     000111d3  _copy_in                        
0     000111f7  _memcpy                         
0     00011214  __args_main                     
0     0001122d  __register_unlock               
0     00011231  __register_lock                 
0     00011235  __nop                           
0     0001123e  __system_pre_init               
0     00011240  __system_post_cinit             
0     00011241  ___etext__                      
0     00011241  etext                           
1     00000400  __stack                         
1     00000700  __STACK_END                     
1     00000880  _DevEmuRegs                     
1     00000985  _SysPwrCtrlRegs                 
1     00000a80  _FlashRegs                      
1     00000ae0  _CsmRegs                        
1     00000b00  _AdcResult                      
1     00000c00  _CpuTimer0Regs                  
1     00000c08  _CpuTimer1Regs                  
1     00000c10  _CpuTimer2Regs                  
1     00000ce0  _PieCtrlRegs                    
1     00000d00  _EmuKey                         
1     00000d00  _PieVectTable                   
1     00000d01  _EmuBMode                       
1     00000d02  _Flash_CallbackPtr              
1     00000d04  _Flash_CPUScaleFactor           
1     00001000  _DmaRegs                        
1     00001400  _Cla1Regs                       
1     00004000  _Usb0Regs                       
1     00005000  _McbspaRegs                     
1     00006000  _ECanaRegs                      
1     00006040  _ECanaLAMRegs                   
1     00006080  _ECanaMOTSRegs                  
1     000060c0  _ECanaMOTORegs                  
1     00006100  _ECanaMboxes                    
1     00006400  _Comp1Regs                      
1     00006420  _Comp2Regs                      
1     00006440  _Comp3Regs                      
1     00006800  _EPwm1Regs                      
1     00006840  _EPwm2Regs                      
1     00006880  _EPwm3Regs                      
1     000068c0  _EPwm4Regs                      
1     00006900  _EPwm5Regs                      
1     00006940  _EPwm6Regs                      
1     00006980  _EPwm7Regs                      
1     000069c0  _EPwm8Regs                      
1     00006a00  _ECap1Regs                      
1     00006a20  _ECap2Regs                      
1     00006a40  _ECap3Regs                      
1     00006ac0  _HRCap1Regs                     
1     00006ae0  _HRCap2Regs                     
1     00006b00  _EQep1Regs                      
1     00006b40  _EQep2Regs                      
1     00006c80  _HRCap3Regs                     
1     00006ca0  _HRCap4Regs                     
1     00006f80  _GpioCtrlRegs                   
1     00006fc0  _GpioDataRegs                   
1     00006fe0  _GpioIntRegs                    
1     00007010  _SysCtrlRegs                    
1     00007040  _SpiaRegs                       
1     00007050  _SciaRegs                       
1     00007060  _NmiIntruptRegs                 
1     00007070  _XIntruptRegs                   
1     00007100  _AdcRegs                        
1     00007740  _SpibRegs                       
1     00007750  _ScibRegs                       
1     00007900  _I2caRegs                       
1     0000a000  _grafff                         
1     0000a190  _CpuTimer0                      
1     0000a198  _CpuTimer1                      
1     0000a1a0  _CpuTimer2                      
1     0000a1a8  ___TI_enable_exit_profile_output
1     0000a1aa  ___TI_cleanup_ptr               
1     0000a1ac  ___TI_dtors_ptr                 
1     0000a1ae  _min_max_1                      
1     0000a1b2  __lock                          
1     0000a1b4  __unlock                        
1     0000a1c0  _praca                          
1     0000a1c1  _skip                           
1     0000a1c2  _xd                             
1     0000a1c3  _run                            
1     0000a1c4  _skipValue                      
1     0000a1c6  _sinus_a                        
1     0000a1c8  _sinus_b                        
1     0000a1ca  _sinus_c                        
1     0000a1cc  _mcdonald_a                     
1     0000a1ce  _mcdonald_b                     
1     0000a1d0  _mcdonald_c                     
1     0000a1d2  _dq_abc_a                       
1     0000a1d4  _dq_abc_b                       
1     0000a1d6  _dq_abc_c                       
1     0000a1d8  _abc_dq_d                       
1     0000a1da  _abc_dq_q                       
1     0000a1dc  _step                           
1     0000a1de  _d1                             
1     0000a1e0  _d2                             
1     0000a1e2  _d3                             
1     0000a1e4  _iB                             
1     0000a1e6  _iC                             
1     0000a1e8  _iA                             
1     0000a1ea  _iD1                            
1     0000a1ec  _iQ1                            
1     0000a1ee  _omega                          
1     0000a1f0  _omega_filtr                    
1     0000a1f2  _alfa                           
1     0000a1f4  _alfa_pop                       
1     0000a1f6  _d_alfa                         
1     0000a1f8  _d_PhiMech                      
1     0000a1fa  _PhiMech                        
1     0000a1fc  _PhiMech_pop                    
1     0000a1fe  _iD_ref                         
1     0000a200  _iQ_ref                         
1     0000a202  _iD_sum                         
1     0000a204  _iQ_sum                         
1     0000a206  _omega_ref                      
1     0000a208  _omega_sum                      
1     0000a20a  _value                          
1     0000a20c  _AdcIntCounter                  
1     0000a210  _Tustin                         
1     0000a21a  _modulator                      
1     0000a226  _modulator2                     
1     0000a232  _DQ_ABC                         
1     0000a240  _ABC_DQ                         
1     0000a24c  _PI_d                           
1     0000a280  _PI_q                           
1     0000a2c0  _PI_omega                       
1     0000a2e2  _PieVectTableInit               
1     003d7e80  _PartIdRegs                     
1     003f7ff8  _CsmPwl                         
abs   00000300  __STACK_SIZE                    
abs   ffffffff  ___TI_pprof_out_hndl            
abs   ffffffff  ___TI_prof_data_size            
abs   ffffffff  ___TI_prof_data_start           
abs   ffffffff  ___binit__                      
abs   ffffffff  ___c_args__                     
abs   ffffffff  ___pinit__                      
abs   ffffffff  binit                           
abs   ffffffff  pinit                           

[280 symbols]
