******************************************************************************
             TMS320C2000 Linker PC v6.1.0                      
******************************************************************************
>> Linked Thu Aug 29 17:47:26 2013

OUTPUT FILE NAME:   <Szafa-Gen135.out>
ENTRY POINT SYMBOL: "_c_int00"  address: 003f53cb


MEMORY CONFIGURATION

         name            origin    length      used     unused   attr    fill
----------------------  --------  ---------  --------  --------  ----  --------
PAGE 0:
  RAML0                 00008000   00000800  00000295  0000056b  RWIX
  RAML1                 00008800   00000400  00000000  00000400  RWIX
  OTP                   003d7800   00000400  00000000  00000400  RWIX
  FLASHH                003d8000   00004000  00000000  00004000  RWIX
  FLASHG                003dc000   00004000  00000000  00004000  RWIX
  FLASHF                003e0000   00004000  00000000  00004000  RWIX
  FLASHE                003e4000   00004000  00000000  00004000  RWIX
  FLASHD                003e8000   00004000  00000295  00003d6b  RWIX
  FLASHC                003ec000   00004000  00000000  00004000  RWIX
  FLASHA                003f4000   00003f80  00001664  0000291c  RWIX
  CSM_RSVD              003f7f80   00000076  00000000  00000076  RWIX
  BEGIN                 003f7ff6   00000002  00000002  00000000  RWIX
  CSM_PWL_P0            003f7ff8   00000008  00000000  00000008  RWIX
  FPUTABLES             003fd860   000006a0  00000000  000006a0  RWIX
  IQTABLES              003fdf00   00000b50  00000000  00000b50  RWIX
  IQTABLES2             003fea50   0000008c  00000000  0000008c  RWIX
  IQTABLES3             003feadc   000000aa  00000000  000000aa  RWIX
  ROM                   003ff3b0   00000c10  00000000  00000c10  RWIX
  RESET                 003fffc0   00000002  00000000  00000002  RWIX
  VECTORS               003fffc2   0000003e  00000000  0000003e  RWIX

PAGE 1:
  BOOT_RSVD             00000000   00000050  00000000  00000050  RWIX
  RAMM0                 00000050   000003b0  00000300  000000b0  RWIX
  RAMM1                 00000400   00000400  00000000  00000400  RWIX
  DEV_EMU               00000880   00000105  00000004  00000101  RWIX
  SYS_PWR_CTL           00000985   00000003  00000003  00000000  RWIX
  FLASH_REGS            00000a80   00000060  00000008  00000058  RWIX
  CSM                   00000ae0   00000020  00000010  00000010  RWIX
  ADC_RESULT            00000b00   00000020  00000010  00000010  RWIX
  CPU_TIMER0            00000c00   00000008  00000008  00000000  RWIX
  CPU_TIMER1            00000c08   00000008  00000008  00000000  RWIX
  CPU_TIMER2            00000c10   00000008  00000008  00000000  RWIX
  PIE_CTRL              00000ce0   00000020  0000001a  00000006  RWIX
  PIE_VECT              00000d00   00000100  00000100  00000000  RWIX
  DMA                   00001000   00000200  000000e0  00000120  RWIX
  CLA1                  00001400   00000080  00000040  00000040  RWIX
  USB0                  00004000   00001000  00000454  00000bac  RWIX
  McBSPA                00005000   00000040  00000024  0000001c  RWIX
  ECANA                 00006000   00000040  00000034  0000000c  RWIX
  ECANA_LAM             00006040   00000040  00000040  00000000  RWIX
  ECANA_MOTS            00006080   00000040  00000040  00000000  RWIX
  ECANA_MOTO            000060c0   00000040  00000040  00000000  RWIX
  ECANA_MBOX            00006100   00000100  00000100  00000000  RWIX
  COMP1                 00006400   00000020  00000007  00000019  RWIX
  COMP2                 00006420   00000020  00000007  00000019  RWIX
  COMP3                 00006440   00000020  00000007  00000019  RWIX
  EPWM1                 00006800   00000040  00000040  00000000  RWIX
  EPWM2                 00006840   00000040  00000040  00000000  RWIX
  EPWM3                 00006880   00000040  00000040  00000000  RWIX
  EPWM4                 000068c0   00000040  00000040  00000000  RWIX
  EPWM5                 00006900   00000040  00000040  00000000  RWIX
  EPWM6                 00006940   00000040  00000040  00000000  RWIX
  EPWM7                 00006980   00000040  00000040  00000000  RWIX
  EPWM8                 000069c0   00000040  00000040  00000000  RWIX
  ECAP1                 00006a00   00000020  00000020  00000000  RWIX
  ECAP2                 00006a20   00000020  00000020  00000000  RWIX
  ECAP3                 00006a40   00000020  00000020  00000000  RWIX
  HRCAP1                00006ac0   00000020  0000001f  00000001  RWIX
  HRCAP2                00006ae0   00000020  0000001f  00000001  RWIX
  EQEP1                 00006b00   00000040  00000022  0000001e  RWIX
  EQEP2                 00006b40   00000040  00000022  0000001e  RWIX
  HRCAP3                00006c80   00000020  0000001f  00000001  RWIX
  HRCAP4                00006ca0   00000020  0000001f  00000001  RWIX
  GPIOCTRL              00006f80   00000040  00000040  00000000  RWIX
  GPIODAT               00006fc0   00000020  00000020  00000000  RWIX
  GPIOINT               00006fe0   00000020  00000020  00000000  RWIX
  SYSTEM                00007010   00000030  00000030  00000000  RWIX
  SPIA                  00007040   00000010  00000010  00000000  RWIX
  SCIA                  00007050   00000010  00000010  00000000  RWIX
  NMIINTRUPT            00007060   00000010  00000010  00000000  RWIX
  XINTRUPT              00007070   00000010  00000010  00000000  RWIX
  ADC                   00007100   00000080  00000050  00000030  RWIX
  SPIB                  00007740   00000010  00000010  00000000  RWIX
  SCIB                  00007750   00000010  00000010  00000000  RWIX
  I2CA                  00007900   00000040  00000022  0000001e  RWIX
  RAML2                 00008c00   00000400  00000218  000001e8  RWIX
  RAML3                 00009000   00001000  00000000  00001000  RWIX
  RAML4                 0000a000   00002000  00000000  00002000  RWIX
  RAML5                 0000c000   00002000  00000000  00002000  RWIX
  RAML6                 0000e000   00002000  00000000  00002000  RWIX
  RAML7                 00010000   00002000  00000000  00002000  RWIX
  RAML8                 00012000   00002000  00000000  00002000  RWIX
  USB_RAM               00040000   00000800  00000000  00000800  RWIX
  PARTID                003d7e80   00000001  00000001  00000000  RWIX
  FLASHB                003f0000   00004000  00000000  00004000  RWIX
  CSM_PWL               003f7ff8   00000008  00000008  00000000  RWIX


SECTION ALLOCATION MAP

 output                                  attributes/
section   page    origin      length       input sections
--------  ----  ----------  ----------   ----------------
.pinit     0    003f4000    00000000     UNINITIALIZED

ramfuncs   0    003e8000    00000295     RUN ADDR = 00008000
                  003e8000    00000186     main.obj (ramfuncs:retain)
                  003e8186    000000f0     main.obj (ramfuncs)
                  003e8276    0000001b     F2806x_SysCtrl.obj (ramfuncs)
                  003e8291    00000004     F2806x_usDelay.obj (ramfuncs)

.text      0    003f4000    00001504     
                  003f4000    0000082a     main.obj (.text)
                  003f482a    0000039b     F2806x_DefaultIsr.obj (.text:retain)
                  003f4bc5    0000020e     F2806x_Adc.obj (.text)
                  003f4dd3    000001f8     transformacje.obj (.text)
                  003f4fcb    00000183     F2806x_SysCtrl.obj (.text)
                  003f514e    000000c4     rts2800_fpu32.lib : atan2.obj (.text)
                  003f5212    00000088                       : fs_div.obj (.text)
                  003f529a    00000079     F2806x_CpuTimers.obj (.text)
                  003f5313    00000061     rts2800_fpu32.lib : cos.obj (.text)
                  003f5374    00000057                       : sin.obj (.text)
                  003f53cb    00000046                       : boot.obj (.text)
                  003f5411    00000028     F2806x_PieCtrl.obj (.text)
                  003f5439    00000025     F2806x_PieVect.obj (.text)
                  003f545e    00000023     rts2800_fpu32.lib : sqrt.obj (.text)
                  003f5481    00000019                       : args_main.obj (.text)
                  003f549a    00000019                       : exit.obj (.text)
                  003f54b3    00000016                       : frexp.obj (.text)
                  003f54c9    00000015     F2806x_Gpio.obj (.text)
                  003f54de    00000015     F2806x_MemCopy.obj (.text)
                  003f54f3    00000009     rts2800_fpu32.lib : _lock.obj (.text)
                  003f54fc    00000008     F2806x_CodeStartBranch.obj (.text)

.econst    0    003f5504    00000110     
                  003f5504    00000100     F2806x_PieVect.obj (.econst)
                  003f5604    00000008     rts2800_fpu32.lib : atan2.obj (.econst:_a$1)
                  003f560c    00000008     main.obj (.econst)

.cinit     0    003f5614    00000050     
                  003f5614    00000036     main.obj (.cinit)
                  003f564a    0000000a     rts2800_fpu32.lib : _lock.obj (.cinit)
                  003f5654    0000000a                       : exit.obj (.cinit)
                  003f565e    00000004                       : errno.obj (.cinit)
                  003f5662    00000002     --HOLE-- [fill = 0]

codestart 
*          0    003f7ff6    00000002     
                  003f7ff6    00000002     F2806x_CodeStartBranch.obj (codestart)

.reset     0    003fffc0    00000002     DSECT
                  003fffc0    00000002     rts2800_fpu32.lib : boot.obj (.reset)

vectors    0    003fffc2    00000000     DSECT

.stack     1    00000050    00000300     UNINITIALIZED
                  00000050    00000300     --HOLE--

DevEmuRegsFile 
*          1    00000880    00000004     UNINITIALIZED
                  00000880    00000004     F2806x_GlobalVariableDefs.obj (DevEmuRegsFile)

SysPwrCtrlRegsFile 
*          1    00000985    00000003     UNINITIALIZED
                  00000985    00000003     F2806x_GlobalVariableDefs.obj (SysPwrCtrlRegsFile)

FlashRegsFile 
*          1    00000a80    00000008     UNINITIALIZED
                  00000a80    00000008     F2806x_GlobalVariableDefs.obj (FlashRegsFile)

CsmRegsFile 
*          1    00000ae0    00000010     UNINITIALIZED
                  00000ae0    00000010     F2806x_GlobalVariableDefs.obj (CsmRegsFile)

AdcResultFile 
*          1    00000b00    00000010     UNINITIALIZED
                  00000b00    00000010     F2806x_GlobalVariableDefs.obj (AdcResultFile)

CpuTimer0RegsFile 
*          1    00000c00    00000008     UNINITIALIZED
                  00000c00    00000008     F2806x_GlobalVariableDefs.obj (CpuTimer0RegsFile)

CpuTimer1RegsFile 
*          1    00000c08    00000008     UNINITIALIZED
                  00000c08    00000008     F2806x_GlobalVariableDefs.obj (CpuTimer1RegsFile)

CpuTimer2RegsFile 
*          1    00000c10    00000008     UNINITIALIZED
                  00000c10    00000008     F2806x_GlobalVariableDefs.obj (CpuTimer2RegsFile)

PieCtrlRegsFile 
*          1    00000ce0    0000001a     UNINITIALIZED
                  00000ce0    0000001a     F2806x_GlobalVariableDefs.obj (PieCtrlRegsFile)

PieVectTableFile 
*          1    00000d00    00000100     UNINITIALIZED
                  00000d00    00000100     F2806x_GlobalVariableDefs.obj (PieVectTableFile)

EmuKeyVar 
*          1    00000d00    00000001     UNINITIALIZED
                  00000d00    00000001     F2806x_GlobalVariableDefs.obj (EmuKeyVar)

EmuBModeVar 
*          1    00000d01    00000001     UNINITIALIZED
                  00000d01    00000001     F2806x_GlobalVariableDefs.obj (EmuBModeVar)

FlashCallbackVar 
*          1    00000d02    00000002     UNINITIALIZED
                  00000d02    00000002     F2806x_GlobalVariableDefs.obj (FlashCallbackVar)

FlashScalingVar 
*          1    00000d04    00000002     UNINITIALIZED
                  00000d04    00000002     F2806x_GlobalVariableDefs.obj (FlashScalingVar)

DmaRegsFile 
*          1    00001000    000000e0     UNINITIALIZED
                  00001000    000000e0     F2806x_GlobalVariableDefs.obj (DmaRegsFile)

Cla1RegsFile 
*          1    00001400    00000040     UNINITIALIZED
                  00001400    00000040     F2806x_GlobalVariableDefs.obj (Cla1RegsFile)

Usb0RegsFile 
*          1    00004000    00000454     UNINITIALIZED
                  00004000    00000454     F2806x_GlobalVariableDefs.obj (Usb0RegsFile)

McbspaRegsFile 
*          1    00005000    00000024     UNINITIALIZED
                  00005000    00000024     F2806x_GlobalVariableDefs.obj (McbspaRegsFile)

ECanaRegsFile 
*          1    00006000    00000034     UNINITIALIZED
                  00006000    00000034     F2806x_GlobalVariableDefs.obj (ECanaRegsFile)

ECanaLAMRegsFile 
*          1    00006040    00000040     UNINITIALIZED
                  00006040    00000040     F2806x_GlobalVariableDefs.obj (ECanaLAMRegsFile)

ECanaMOTSRegsFile 
*          1    00006080    00000040     UNINITIALIZED
                  00006080    00000040     F2806x_GlobalVariableDefs.obj (ECanaMOTSRegsFile)

ECanaMOTORegsFile 
*          1    000060c0    00000040     UNINITIALIZED
                  000060c0    00000040     F2806x_GlobalVariableDefs.obj (ECanaMOTORegsFile)

ECanaMboxesFile 
*          1    00006100    00000100     UNINITIALIZED
                  00006100    00000100     F2806x_GlobalVariableDefs.obj (ECanaMboxesFile)

Comp1RegsFile 
*          1    00006400    00000007     UNINITIALIZED
                  00006400    00000007     F2806x_GlobalVariableDefs.obj (Comp1RegsFile)

Comp2RegsFile 
*          1    00006420    00000007     UNINITIALIZED
                  00006420    00000007     F2806x_GlobalVariableDefs.obj (Comp2RegsFile)

Comp3RegsFile 
*          1    00006440    00000007     UNINITIALIZED
                  00006440    00000007     F2806x_GlobalVariableDefs.obj (Comp3RegsFile)

EPwm1RegsFile 
*          1    00006800    00000040     UNINITIALIZED
                  00006800    00000040     F2806x_GlobalVariableDefs.obj (EPwm1RegsFile)

EPwm2RegsFile 
*          1    00006840    00000040     UNINITIALIZED
                  00006840    00000040     F2806x_GlobalVariableDefs.obj (EPwm2RegsFile)

EPwm3RegsFile 
*          1    00006880    00000040     UNINITIALIZED
                  00006880    00000040     F2806x_GlobalVariableDefs.obj (EPwm3RegsFile)

EPwm4RegsFile 
*          1    000068c0    00000040     UNINITIALIZED
                  000068c0    00000040     F2806x_GlobalVariableDefs.obj (EPwm4RegsFile)

EPwm5RegsFile 
*          1    00006900    00000040     UNINITIALIZED
                  00006900    00000040     F2806x_GlobalVariableDefs.obj (EPwm5RegsFile)

EPwm6RegsFile 
*          1    00006940    00000040     UNINITIALIZED
                  00006940    00000040     F2806x_GlobalVariableDefs.obj (EPwm6RegsFile)

EPwm7RegsFile 
*          1    00006980    00000040     UNINITIALIZED
                  00006980    00000040     F2806x_GlobalVariableDefs.obj (EPwm7RegsFile)

EPwm8RegsFile 
*          1    000069c0    00000040     UNINITIALIZED
                  000069c0    00000040     F2806x_GlobalVariableDefs.obj (EPwm8RegsFile)

ECap1RegsFile 
*          1    00006a00    00000020     UNINITIALIZED
                  00006a00    00000020     F2806x_GlobalVariableDefs.obj (ECap1RegsFile)

ECap2RegsFile 
*          1    00006a20    00000020     UNINITIALIZED
                  00006a20    00000020     F2806x_GlobalVariableDefs.obj (ECap2RegsFile)

ECap3RegsFile 
*          1    00006a40    00000020     UNINITIALIZED
                  00006a40    00000020     F2806x_GlobalVariableDefs.obj (ECap3RegsFile)

HRCap1RegsFile 
*          1    00006ac0    0000001f     UNINITIALIZED
                  00006ac0    0000001f     F2806x_GlobalVariableDefs.obj (HRCap1RegsFile)

HRCap2RegsFile 
*          1    00006ae0    0000001f     UNINITIALIZED
                  00006ae0    0000001f     F2806x_GlobalVariableDefs.obj (HRCap2RegsFile)

EQep1RegsFile 
*          1    00006b00    00000022     UNINITIALIZED
                  00006b00    00000022     F2806x_GlobalVariableDefs.obj (EQep1RegsFile)

EQep2RegsFile 
*          1    00006b40    00000022     UNINITIALIZED
                  00006b40    00000022     F2806x_GlobalVariableDefs.obj (EQep2RegsFile)

HRCap3RegsFile 
*          1    00006c80    0000001f     UNINITIALIZED
                  00006c80    0000001f     F2806x_GlobalVariableDefs.obj (HRCap3RegsFile)

HRCap4RegsFile 
*          1    00006ca0    0000001f     UNINITIALIZED
                  00006ca0    0000001f     F2806x_GlobalVariableDefs.obj (HRCap4RegsFile)

GpioCtrlRegsFile 
*          1    00006f80    00000040     UNINITIALIZED
                  00006f80    00000040     F2806x_GlobalVariableDefs.obj (GpioCtrlRegsFile)

GpioDataRegsFile 
*          1    00006fc0    00000020     UNINITIALIZED
                  00006fc0    00000020     F2806x_GlobalVariableDefs.obj (GpioDataRegsFile)

GpioIntRegsFile 
*          1    00006fe0    00000020     UNINITIALIZED
                  00006fe0    00000020     F2806x_GlobalVariableDefs.obj (GpioIntRegsFile)

SysCtrlRegsFile 
*          1    00007010    00000030     UNINITIALIZED
                  00007010    00000030     F2806x_GlobalVariableDefs.obj (SysCtrlRegsFile)

SpiaRegsFile 
*          1    00007040    00000010     UNINITIALIZED
                  00007040    00000010     F2806x_GlobalVariableDefs.obj (SpiaRegsFile)

SciaRegsFile 
*          1    00007050    00000010     UNINITIALIZED
                  00007050    00000010     F2806x_GlobalVariableDefs.obj (SciaRegsFile)

NmiIntruptRegsFile 
*          1    00007060    00000010     UNINITIALIZED
                  00007060    00000010     F2806x_GlobalVariableDefs.obj (NmiIntruptRegsFile)

XIntruptRegsFile 
*          1    00007070    00000010     UNINITIALIZED
                  00007070    00000010     F2806x_GlobalVariableDefs.obj (XIntruptRegsFile)

AdcRegsFile 
*          1    00007100    00000050     UNINITIALIZED
                  00007100    00000050     F2806x_GlobalVariableDefs.obj (AdcRegsFile)

SpibRegsFile 
*          1    00007740    00000010     UNINITIALIZED
                  00007740    00000010     F2806x_GlobalVariableDefs.obj (SpibRegsFile)

ScibRegsFile 
*          1    00007750    00000010     UNINITIALIZED
                  00007750    00000010     F2806x_GlobalVariableDefs.obj (ScibRegsFile)

I2caRegsFile 
*          1    00007900    00000022     UNINITIALIZED
                  00007900    00000022     F2806x_GlobalVariableDefs.obj (I2caRegsFile)

.ebss      1    00008c00    00000218     UNINITIALIZED
                  00008c00    000001f4     main.obj (.ebss)
                  00008df4    00000004     rts2800_fpu32.lib : _lock.obj (.ebss)
                  00008df8    00000004                       : exit.obj (.ebss)
                  00008dfc    00000001                       : errno.obj (.ebss)
                  00008dfd    00000003     --HOLE--
                  00008e00    00000018     F2806x_CpuTimers.obj (.ebss)

PartIdRegsFile 
*          1    003d7e80    00000001     UNINITIALIZED
                  003d7e80    00000001     F2806x_GlobalVariableDefs.obj (PartIdRegsFile)

CsmPwlFile 
*          1    003f7ff8    00000008     UNINITIALIZED
                  003f7ff8    00000008     F2806x_GlobalVariableDefs.obj (CsmPwlFile)


GLOBAL SYMBOLS: SORTED ALPHABETICALLY BY Name 

address    name
--------   ----
003f4000   .text
003f549a   C$$EXIT
003f5212   FS$$DIV
003f48e8   _ADCINT1_ISR
003f48f2   _ADCINT2_ISR
003f4afa   _ADCINT3_ISR
003f4b04   _ADCINT4_ISR
003f4b0e   _ADCINT5_ISR
003f4b18   _ADCINT6_ISR
003f4b22   _ADCINT7_ISR
003f4b2c   _ADCINT8_ISR
003f4910   _ADCINT9_ISR
00008d80   _ARTBAU
003f4c37   _AdcChanSelect
003f4cac   _AdcConversion
003f4c10   _AdcOffsetSelfCal
00007100   _AdcRegs
00000b00   _AdcResult
003f4b36   _CLA1_INT1_ISR
003f4b40   _CLA1_INT2_ISR
003f4b4a   _CLA1_INT3_ISR
003f4b54   _CLA1_INT4_ISR
003f4b5e   _CLA1_INT5_ISR
003f4b68   _CLA1_INT6_ISR
003f4b72   _CLA1_INT7_ISR
003f4b7c   _CLA1_INT8_ISR
00001400   _Cla1Regs
00006400   _Comp1Regs
00006420   _Comp2Regs
00006440   _Comp3Regs
003f52d5   _ConfigCpuTimer
003f4288   _ConfigECan
003f40d0   _ConfigEPwm
00008e10   _CpuTimer0
00000c00   _CpuTimer0Regs
00008e00   _CpuTimer1
00000c08   _CpuTimer1Regs
00008e08   _CpuTimer2
00000c10   _CpuTimer2Regs
003f7ff8   _CsmPwl
00000ae0   _CsmRegs
003f50cf   _CsmUnlock
003f483e   _DATALOG_ISR
003f4a6e   _DINTCH1_ISR
003f4a78   _DINTCH2_ISR
003f4a82   _DINTCH3_ISR
003f4a8c   _DINTCH4_ISR
003f4a96   _DINTCH5_ISR
003f4aa0   _DINTCH6_ISR
00008291   _DSP28x_usDelay
003f560c   _DWAPI
00000880   _DevEmuRegs
003f4fef   _DisableDog
00001000   _DmaRegs
003f4ae6   _ECAN0INTA_ISR
003f4af0   _ECAN1INTA_ISR
003f49ce   _ECAP1_INT_ISR
003f49d8   _ECAP2_INT_ISR
003f49e2   _ECAP3_INT_ISR
00006040   _ECanaLAMRegs
000060c0   _ECanaMOTORegs
00006080   _ECanaMOTSRegs
00006100   _ECanaMboxes
00006000   _ECanaRegs
00008dc0   _ECanaShadow
00006a00   _ECap1Regs
00006a20   _ECap2Regs
00006a40   _ECap3Regs
003f4ba4   _EMPTY_ISR
003f4852   _EMUINT_ISR
003f497e   _EPWM1_INT_ISR
003f492e   _EPWM1_TZINT_ISR
003f4988   _EPWM2_INT_ISR
003f4938   _EPWM2_TZINT_ISR
003f4992   _EPWM3_INT_ISR
003f4942   _EPWM3_TZINT_ISR
003f499c   _EPWM4_INT_ISR
003f494c   _EPWM4_TZINT_ISR
003f49a6   _EPWM5_INT_ISR
003f4956   _EPWM5_TZINT_ISR
003f49b0   _EPWM6_INT_ISR
003f4960   _EPWM6_TZINT_ISR
003f49ba   _EPWM7_INT_ISR
003f496a   _EPWM7_TZINT_ISR
003f49c4   _EPWM8_INT_ISR
003f4974   _EPWM8_TZINT_ISR
00006800   _EPwm1Regs
00006840   _EPwm2Regs
00006880   _EPwm3Regs
000068c0   _EPwm4Regs
00006900   _EPwm5Regs
00006940   _EPwm6Regs
00006980   _EPwm7Regs
000069c0   _EPwm8Regs
00008235   _EPwm_Control2
003f417a   _EPwm_Control_OUTPUT
003f4a00   _EQEP1_INT_ISR
003f4a0a   _EQEP2_INT_ISR
00006b00   _EQep1Regs
00006b40   _EQep2Regs
00000d01   _EmuBMode
00000d00   _EmuKey
003f5430   _EnableInterrupts
003f5138   _ExtOscSel
00000a80   _FlashRegs
00000d04   _Flash_CPUScaleFactor
00000d02   _Flash_CallbackPtr
00006f80   _GpioCtrlRegs
00006fc0   _GpioDataRegs
00006fe0   _GpioIntRegs
003f49ec   _HRCAP1_INT_ISR
003f49f6   _HRCAP2_INT_ISR
003f4a14   _HRCAP3_INT_ISR
003f4a1e   _HRCAP4_INT_ISR
00006ac0   _HRCap1Regs
00006ae0   _HRCap2Regs
00006c80   _HRCap3Regs
00006ca0   _HRCap4Regs
003f4aaa   _I2CINT1A_ISR
003f4ab4   _I2CINT2A_ISR
00007900   _I2caRegs
003f4866   _ILLEGAL_ISR
003f482a   _INT13_ISR
003f4834   _INT14_ISR
003f4bc5   _InitAdc
003f4bee   _InitAdcAio
003f529a   _InitCpuTimers
003f422c   _InitECan
003f419b   _InitECanGpio
003f41b1   _InitECana
003f4000   _InitEPwm1Gpio
003f4012   _InitEPwm2Gpio
003f4024   _InitEPwm3Gpio
003f4038   _InitEPwm4Gpio
003f404c   _InitEPwm5Gpio
003f405e   _InitEPwm6Gpio
003f4070   _InitEPwm7Gpio
003f4082   _InitEPwm8Gpio
00008276   _InitFlash
003f54c9   _InitGpio
003f4094   _InitOutputs
003f5075   _InitPeripheralClocks
003f5411   _InitPieCtrl
003f5439   _InitPieVectTable
003f4ff7   _InitPll
003f5047   _InitPll2
003f4fcb   _InitSysCtrl
003f5100   _IntOsc1Sel
003f5110   _IntOsc2Sel
003f4b9a   _LUF_ISR
003f4b90   _LVF_ISR
003f4a5a   _MRINTA_ISR
003f4a64   _MXINTA_ISR
00005000   _McbspaRegs
003f54de   _MemCopy
003f485c   _NMI_ISR
00007060   _NmiIntruptRegs
003f5612   _PI
003f4bb1   _PIE_RESERVED
003d7e80   _PartIdRegs
00000ce0   _PieCtrlRegs
00000d00   _PieVectTable
003f5504   _PieVectTableInit
00008c1e   _PomiaryARTBAU
003f560e   _RCi1
003f5610   _RCug1
003f4848   _RTOSINT_ISR
003e8295   _RamfuncsLoadEnd
003e8000   _RamfuncsLoadStart
00008000   _RamfuncsRunStart
003f4abe   _SCIRXINTA_ISR
003f4ad2   _SCIRXINTB_ISR
003f4ac8   _SCITXINTA_ISR
003f4adc   _SCITXINTB_ISR
003f4a32   _SPIRXINTA_ISR
003f4a46   _SPIRXINTB_ISR
003f4a3c   _SPITXINTA_ISR
003f4a50   _SPITXINTB_ISR
00007050   _SciaRegs
00007750   _ScibRegs
003f4fe5   _ServiceDog
00007040   _SpiaRegs
00007740   _SpibRegs
00007010   _SysCtrlRegs
00000985   _SysPwrCtrlRegs
003f491a   _TINT0_ISR
00008c04   _T_CZEKAJ
00008c03   _T_WZBUDZENIE
003f4a28   _USB0_INT_ISR
003f48ca   _USER10_ISR
003f48d4   _USER11_ISR
003f48de   _USER12_ISR
003f4870   _USER1_ISR
003f487a   _USER2_ISR
003f4884   _USER3_ISR
003f488e   _USER4_ISR
003f4898   _USER5_ISR
003f48a2   _USER6_ISR
003f48ac   _USER7_ISR
003f48b6   _USER8_ISR
003f48c0   _USER9_ISR
00008c08   _Udc
00008c12   _Udc_ref_out
00008c06   _Udcf
00004000   _Usb0Regs
003f4924   _WAKEINT_ISR
00008d00   _WT1
00008c80   _WT2
00008c40   _WT3
00008cc0   _WT4
00008d40   _WT5
00008c0a   _WT6
00008c14   _WT7
003f48fc   _XINT1_ISR
003f4906   _XINT2_ISR
003f4b86   _XINT3_ISR
00007070   _XIntruptRegs
003f5124   _XtalOscSel
00000350   __STACK_END
00000300   __STACK_SIZE
00000001   __TI_args_main
ffffffff   ___binit__
ffffffff   ___c_args__
003f5614   ___cinit__
003f5504   ___etext__
ffffffff   ___pinit__
003f4000   ___text__
003f5481   __args_main
00008df8   __cleanup_ptr
00008dfa   __dtors_ptr
00008df6   __lock
003f54fb   __nop
003f54f7   __register_lock
003f54f3   __register_unlock
00000050   __stack
00008df4   __unlock
003f4dd3   _abbcca2abc
003f4dff   _abc2alfabeta
003f4e7e   _abc2dq
003f549a   _abort
003f4f8b   _alfabeta2abc
003f4e27   _alfabeta2mod
003f4e44   _alfabeta2theta
003f514e   _atan2
003f53cb   _c_int00
00008c02   _can_life_bit
00008c10   _can_life_bit_tmr
003f5313   _cos
00008000   _cpu_timer0_isr
003f4f0b   _dq2alfabeta
003f4f4b   _dqF2alfabeta
003f4329   _eCAN_setGID
003f4350   _eCan_Transmit
003f4366   _eCan_Transmit2
00008dfc   _errno
003f549c   _exit
003f54b3   _frexp
00008c01   _i
00008c0e   _intcan
00008c0c   _lint_can
00008c00   _local_life_bit
003f437f   _main
000081db   _maks
00008208   _minx
00008186   _regulator_pi
003f4bbb   _rsvd_ISR
003f5374   _sin
003f545e   _sqrt
00008c16   _temperatura
00008c05   _wt3_stop_test
ffffffff   binit
003f5614   cinit
003f7ff6   code_start
003f5504   etext
ffffffff   pinit


GLOBAL SYMBOLS: SORTED BY Symbol Address 

address    name
--------   ----
00000001   __TI_args_main
00000050   __stack
00000300   __STACK_SIZE
00000350   __STACK_END
00000880   _DevEmuRegs
00000985   _SysPwrCtrlRegs
00000a80   _FlashRegs
00000ae0   _CsmRegs
00000b00   _AdcResult
00000c00   _CpuTimer0Regs
00000c08   _CpuTimer1Regs
00000c10   _CpuTimer2Regs
00000ce0   _PieCtrlRegs
00000d00   _EmuKey
00000d00   _PieVectTable
00000d01   _EmuBMode
00000d02   _Flash_CallbackPtr
00000d04   _Flash_CPUScaleFactor
00001000   _DmaRegs
00001400   _Cla1Regs
00004000   _Usb0Regs
00005000   _McbspaRegs
00006000   _ECanaRegs
00006040   _ECanaLAMRegs
00006080   _ECanaMOTSRegs
000060c0   _ECanaMOTORegs
00006100   _ECanaMboxes
00006400   _Comp1Regs
00006420   _Comp2Regs
00006440   _Comp3Regs
00006800   _EPwm1Regs
00006840   _EPwm2Regs
00006880   _EPwm3Regs
000068c0   _EPwm4Regs
00006900   _EPwm5Regs
00006940   _EPwm6Regs
00006980   _EPwm7Regs
000069c0   _EPwm8Regs
00006a00   _ECap1Regs
00006a20   _ECap2Regs
00006a40   _ECap3Regs
00006ac0   _HRCap1Regs
00006ae0   _HRCap2Regs
00006b00   _EQep1Regs
00006b40   _EQep2Regs
00006c80   _HRCap3Regs
00006ca0   _HRCap4Regs
00006f80   _GpioCtrlRegs
00006fc0   _GpioDataRegs
00006fe0   _GpioIntRegs
00007010   _SysCtrlRegs
00007040   _SpiaRegs
00007050   _SciaRegs
00007060   _NmiIntruptRegs
00007070   _XIntruptRegs
00007100   _AdcRegs
00007740   _SpibRegs
00007750   _ScibRegs
00007900   _I2caRegs
00008000   _RamfuncsRunStart
00008000   _cpu_timer0_isr
00008186   _regulator_pi
000081db   _maks
00008208   _minx
00008235   _EPwm_Control2
00008276   _InitFlash
00008291   _DSP28x_usDelay
00008c00   _local_life_bit
00008c01   _i
00008c02   _can_life_bit
00008c03   _T_WZBUDZENIE
00008c04   _T_CZEKAJ
00008c05   _wt3_stop_test
00008c06   _Udcf
00008c08   _Udc
00008c0a   _WT6
00008c0c   _lint_can
00008c0e   _intcan
00008c10   _can_life_bit_tmr
00008c12   _Udc_ref_out
00008c14   _WT7
00008c16   _temperatura
00008c1e   _PomiaryARTBAU
00008c40   _WT3
00008c80   _WT2
00008cc0   _WT4
00008d00   _WT1
00008d40   _WT5
00008d80   _ARTBAU
00008dc0   _ECanaShadow
00008df4   __unlock
00008df6   __lock
00008df8   __cleanup_ptr
00008dfa   __dtors_ptr
00008dfc   _errno
00008e00   _CpuTimer1
00008e08   _CpuTimer2
00008e10   _CpuTimer0
003d7e80   _PartIdRegs
003e8000   _RamfuncsLoadStart
003e8295   _RamfuncsLoadEnd
003f4000   .text
003f4000   _InitEPwm1Gpio
003f4000   ___text__
003f4012   _InitEPwm2Gpio
003f4024   _InitEPwm3Gpio
003f4038   _InitEPwm4Gpio
003f404c   _InitEPwm5Gpio
003f405e   _InitEPwm6Gpio
003f4070   _InitEPwm7Gpio
003f4082   _InitEPwm8Gpio
003f4094   _InitOutputs
003f40d0   _ConfigEPwm
003f417a   _EPwm_Control_OUTPUT
003f419b   _InitECanGpio
003f41b1   _InitECana
003f422c   _InitECan
003f4288   _ConfigECan
003f4329   _eCAN_setGID
003f4350   _eCan_Transmit
003f4366   _eCan_Transmit2
003f437f   _main
003f482a   _INT13_ISR
003f4834   _INT14_ISR
003f483e   _DATALOG_ISR
003f4848   _RTOSINT_ISR
003f4852   _EMUINT_ISR
003f485c   _NMI_ISR
003f4866   _ILLEGAL_ISR
003f4870   _USER1_ISR
003f487a   _USER2_ISR
003f4884   _USER3_ISR
003f488e   _USER4_ISR
003f4898   _USER5_ISR
003f48a2   _USER6_ISR
003f48ac   _USER7_ISR
003f48b6   _USER8_ISR
003f48c0   _USER9_ISR
003f48ca   _USER10_ISR
003f48d4   _USER11_ISR
003f48de   _USER12_ISR
003f48e8   _ADCINT1_ISR
003f48f2   _ADCINT2_ISR
003f48fc   _XINT1_ISR
003f4906   _XINT2_ISR
003f4910   _ADCINT9_ISR
003f491a   _TINT0_ISR
003f4924   _WAKEINT_ISR
003f492e   _EPWM1_TZINT_ISR
003f4938   _EPWM2_TZINT_ISR
003f4942   _EPWM3_TZINT_ISR
003f494c   _EPWM4_TZINT_ISR
003f4956   _EPWM5_TZINT_ISR
003f4960   _EPWM6_TZINT_ISR
003f496a   _EPWM7_TZINT_ISR
003f4974   _EPWM8_TZINT_ISR
003f497e   _EPWM1_INT_ISR
003f4988   _EPWM2_INT_ISR
003f4992   _EPWM3_INT_ISR
003f499c   _EPWM4_INT_ISR
003f49a6   _EPWM5_INT_ISR
003f49b0   _EPWM6_INT_ISR
003f49ba   _EPWM7_INT_ISR
003f49c4   _EPWM8_INT_ISR
003f49ce   _ECAP1_INT_ISR
003f49d8   _ECAP2_INT_ISR
003f49e2   _ECAP3_INT_ISR
003f49ec   _HRCAP1_INT_ISR
003f49f6   _HRCAP2_INT_ISR
003f4a00   _EQEP1_INT_ISR
003f4a0a   _EQEP2_INT_ISR
003f4a14   _HRCAP3_INT_ISR
003f4a1e   _HRCAP4_INT_ISR
003f4a28   _USB0_INT_ISR
003f4a32   _SPIRXINTA_ISR
003f4a3c   _SPITXINTA_ISR
003f4a46   _SPIRXINTB_ISR
003f4a50   _SPITXINTB_ISR
003f4a5a   _MRINTA_ISR
003f4a64   _MXINTA_ISR
003f4a6e   _DINTCH1_ISR
003f4a78   _DINTCH2_ISR
003f4a82   _DINTCH3_ISR
003f4a8c   _DINTCH4_ISR
003f4a96   _DINTCH5_ISR
003f4aa0   _DINTCH6_ISR
003f4aaa   _I2CINT1A_ISR
003f4ab4   _I2CINT2A_ISR
003f4abe   _SCIRXINTA_ISR
003f4ac8   _SCITXINTA_ISR
003f4ad2   _SCIRXINTB_ISR
003f4adc   _SCITXINTB_ISR
003f4ae6   _ECAN0INTA_ISR
003f4af0   _ECAN1INTA_ISR
003f4afa   _ADCINT3_ISR
003f4b04   _ADCINT4_ISR
003f4b0e   _ADCINT5_ISR
003f4b18   _ADCINT6_ISR
003f4b22   _ADCINT7_ISR
003f4b2c   _ADCINT8_ISR
003f4b36   _CLA1_INT1_ISR
003f4b40   _CLA1_INT2_ISR
003f4b4a   _CLA1_INT3_ISR
003f4b54   _CLA1_INT4_ISR
003f4b5e   _CLA1_INT5_ISR
003f4b68   _CLA1_INT6_ISR
003f4b72   _CLA1_INT7_ISR
003f4b7c   _CLA1_INT8_ISR
003f4b86   _XINT3_ISR
003f4b90   _LVF_ISR
003f4b9a   _LUF_ISR
003f4ba4   _EMPTY_ISR
003f4bb1   _PIE_RESERVED
003f4bbb   _rsvd_ISR
003f4bc5   _InitAdc
003f4bee   _InitAdcAio
003f4c10   _AdcOffsetSelfCal
003f4c37   _AdcChanSelect
003f4cac   _AdcConversion
003f4dd3   _abbcca2abc
003f4dff   _abc2alfabeta
003f4e27   _alfabeta2mod
003f4e44   _alfabeta2theta
003f4e7e   _abc2dq
003f4f0b   _dq2alfabeta
003f4f4b   _dqF2alfabeta
003f4f8b   _alfabeta2abc
003f4fcb   _InitSysCtrl
003f4fe5   _ServiceDog
003f4fef   _DisableDog
003f4ff7   _InitPll
003f5047   _InitPll2
003f5075   _InitPeripheralClocks
003f50cf   _CsmUnlock
003f5100   _IntOsc1Sel
003f5110   _IntOsc2Sel
003f5124   _XtalOscSel
003f5138   _ExtOscSel
003f514e   _atan2
003f5212   FS$$DIV
003f529a   _InitCpuTimers
003f52d5   _ConfigCpuTimer
003f5313   _cos
003f5374   _sin
003f53cb   _c_int00
003f5411   _InitPieCtrl
003f5430   _EnableInterrupts
003f5439   _InitPieVectTable
003f545e   _sqrt
003f5481   __args_main
003f549a   C$$EXIT
003f549a   _abort
003f549c   _exit
003f54b3   _frexp
003f54c9   _InitGpio
003f54de   _MemCopy
003f54f3   __register_unlock
003f54f7   __register_lock
003f54fb   __nop
003f5504   _PieVectTableInit
003f5504   ___etext__
003f5504   etext
003f560c   _DWAPI
003f560e   _RCi1
003f5610   _RCug1
003f5612   _PI
003f5614   ___cinit__
003f5614   cinit
003f7ff6   code_start
003f7ff8   _CsmPwl
ffffffff   ___binit__
ffffffff   ___c_args__
ffffffff   ___pinit__
ffffffff   binit
ffffffff   pinit

[275 symbols]
